 addon

 Timestamp is 5763307d (Thu Jun 16 16:04:29 2016)

 Preferred load address is 10000000

 Start         Length     Name                   Class
 0001:00000000 0000679dH .text                   CODE
 0001:000067a0 0000102bH .text$di                CODE
 0001:000077d0 00094a95H .text$mn                CODE
 0001:0009c270 000010a6H .text$x                 CODE
 0001:0009d320 0000101bH .text$yd                CODE
 0002:00000000 00000104H .CRT$XCA                DATA
 0002:00000104 00000109H .CRT$XCU                DATA
 0002:00000210 00000104H .CRT$XCZ                DATA
 0002:00000314 00000104H .CRT$XIA                DATA
 0002:00000418 0000010eH .CRT$XIC                DATA
 0002:00000528 00000104H .CRT$XIZ                DATA
 0002:0000062c 00000104H .CRT$XPA                DATA
 0002:00000730 00000109H .CRT$XPX                DATA
 0002:0000083c 00000104H .CRT$XPXA               DATA
 0002:00000940 00000104H .CRT$XPZ                DATA
 0002:00000a44 00000104H .CRT$XTA                DATA
 0002:00000b48 00000104H .CRT$XTZ                DATA
 0002:00000c50 000210d1H .rdata                  DATA
 0002:00021d24 000004e4H .rdata$r                DATA
 0002:00022210 00000126H .rdata$sxdata           DATA
 0002:00022338 00000113H .rdata$zETW0            DATA
 0002:0002244b 0000018eH .rdata$zETW1            DATA
 0002:000225d9 00000134H .rdata$zETW2            DATA
 0002:0002270d 00000101H .rdata$zETW9            DATA
 0002:00022810 00000194H .rdata$zzzdbg           DATA
 0002:000229a4 00000104H .rtc$IAA                DATA
 0002:00022aa8 00000104H .rtc$IMZ                DATA
 0002:00022bac 00000104H .rtc$IZZ                DATA
 0002:00022cb0 00000104H .rtc$TAA                DATA
 0002:00022db4 00000104H .rtc$TMZ                DATA
 0002:00022eb8 00000104H .rtc$TZZ                DATA
 0002:00022fc0 00000f5fH .xdata$x                DATA
 0002:00023f20 0000015dH .edata                  DATA
 0003:00000000 00000c62H .data                   DATA
 0003:00000c64 0000029cH .data$r                 DATA
 0003:00000f00 00001378H .bss                    DATA
 0004:00000000 000002b8H .idata$5                DATA
 0004:000002b8 0000003cH .idata$2                DATA
 0004:000002f4 00000014H .idata$3                DATA
 0004:00000308 000002b8H .idata$4                DATA
 0004:000005c0 00001012H .idata$6                DATA
 0005:00000000 000001fdH .gfids$x                DATA
 0005:00000200 000001deH .gfids$y                DATA
 0006:00000000 00000104H .00cfg                  DATA
 0007:00000000 00000169H .rsrc$01                DATA
 0007:00000170 000002ccH .rsrc$02                DATA

  Address         Publics by Value              Rva+Base       Lib:Object

 0000:00000000       ___guard_fids_count        00000000     <absolute>
 0000:00000000       ___guard_longjmp_table     00000000     <absolute>
 0000:00000000       ___guard_longjmp_count     00000000     <absolute>
 0000:00000000       ___guard_iat_table         00000000     <absolute>
 0000:00000000       __except_list              00000000     <absolute>
 0000:00000000       ___guard_iat_count         00000000     <absolute>
 0000:00000000       ___guard_fids_table        00000000     <absolute>
 0000:00000008       ___safe_se_handler_count   00000008     <absolute>
 0000:00000100       ___guard_flags             00000100     <absolute>
 0000:00000000       ___ImageBase               10000000     <linker-defined>
 0001:000061c0       ?TraceLoggingRegister@__vcrt_trace_logging_provider@@YAJPBU_TlgProvider_t@1@PBU_GUID@@P6GX1KE_K2PAU_EVENT_FILTER_DESCRIPTOR@@PAX@Z4@Z 100071c0 f i libvcruntimed:telemetry.obj
 0001:000062b0       ?TraceLoggingSetInformation@__vcrt_trace_logging_provider@@YAJPBU_TlgProvider_t@1@W4_EVENT_INFO_CLASS@@PAXK@Z 100072b0 f i libvcruntimed:telemetry.obj
 0001:00006300       ?TraceLoggingUnregister@__vcrt_trace_logging_provider@@YAXPBU_TlgProvider_t@1@@Z 10007300 f i libvcruntimed:telemetry.obj
 0001:00006340       ?_TlgCreateSz@__vcrt_trace_logging_provider@@YAXPAU_EVENT_DATA_DESCRIPTOR@@PBD@Z 10007340 f i libvcruntimed:telemetry.obj
 0001:000063a0       ?_TlgCreateWsz@__vcrt_trace_logging_provider@@YAXPAU_EVENT_DATA_DESCRIPTOR@@PB_W@Z 100073a0 f i libvcruntimed:telemetry.obj
 0001:00006400       ?_TlgEnableCallback@__vcrt_trace_logging_provider@@YGXPBU_GUID@@KE_K1PAU_EVENT_FILTER_DESCRIPTOR@@PAX@Z 10007400 f i libvcruntimed:telemetry.obj
 0001:00006500       ?_TlgKeywordOn@__vcrt_trace_logging_provider@@YAEPBU_TlgProvider_t@1@_K@Z 10007500 f i libvcruntimed:telemetry.obj
 0001:00006590       ?_TlgWrite@__vcrt_trace_logging_provider@@YAJPBU_TlgProvider_t@1@PBXPBU_GUID@@2IPAU_EVENT_DATA_DESCRIPTOR@@@Z 10007590 f i libvcruntimed:telemetry.obj
 0001:00007a30       ??$?0VBoolean@v8@@@?$Local@VValue@v8@@@v8@@QAE@V?$Local@VBoolean@v8@@@1@@Z 10008a30 f i heapdump.obj
 0001:00007a80       ??$?0VFunction@v8@@@?$Local@VValue@v8@@@v8@@QAE@V?$Local@VFunction@v8@@@1@@Z 10008a80 f i heapdump.obj
 0001:00007ad0       ??$?0VInteger@v8@@@?$Local@VValue@v8@@@v8@@QAE@V?$Local@VInteger@v8@@@1@@Z 10008ad0 f i heapdump.obj
 0001:00007b20       ??$?0VPrimitive@v8@@@?$Local@VValue@v8@@@v8@@QAE@V?$Local@VPrimitive@v8@@@1@@Z 10008b20 f i heapdump.obj
 0001:00007b70       ??$?0VString@v8@@@?$Local@VValue@v8@@@v8@@QAE@V?$Local@VString@v8@@@1@@Z 10008b70 f i heapdump.obj
 0001:00007bc0       ??$As@VFunction@v8@@@?$Local@VValue@v8@@@v8@@QAE?AV?$Local@VFunction@v8@@@1@XZ 10008bc0 f i heapdump.obj
 0001:00007c00       ??$Cast@VValue@v8@@@?$Local@VFunction@v8@@@v8@@SA?AV01@V?$Local@VValue@v8@@@1@@Z 10008c00 f i heapdump.obj
 0001:00007c50       ??$Reset@VFunction@v8@@@?$PersistentBase@VFunction@v8@@@v8@@QAEXPAVIsolate@1@ABV?$Local@VFunction@v8@@@1@@Z 10008c50 f i heapdump.obj
 0001:00007cd0       ??$Set@VValue@v8@@@?$ReturnValue@VValue@v8@@@v8@@QAEXV?$Local@VValue@v8@@@1@@Z 10008cd0 f i heapdump.obj
 0001:00007d50       ??$ToLocal@VBoolean@v8@@@I@compat@@YA?AV?$Local@VBoolean@v8@@@v8@@V23@@Z 10008d50 f i heapdump.obj
 0001:00007d70       ??$ToLocal@VPrimitive@v8@@@I@compat@@YA?AV?$Local@VPrimitive@v8@@@v8@@V23@@Z 10008d70 f i heapdump.obj
 0001:00007d90       ??$Use@PAVIsolate@v8@@@I@compat@@YAXABQAVIsolate@v8@@@Z 10008d90 f i heapdump.obj
 0001:00007da0       ??$__vcrt_va_start_verify_argument_type@PBD@@YAXXZ 10008da0 f i heapdump.obj
 0001:00007db0       ??0?$Local@VFunction@v8@@@v8@@AAE@PAVFunction@1@@Z 10008db0 f i heapdump.obj
 0001:00007de0       ??0?$Local@VFunction@v8@@@v8@@QAE@XZ 10008de0 f i heapdump.obj
 0001:00007e10       ??0?$Local@VPrimitive@v8@@@v8@@AAE@PAVPrimitive@1@@Z 10008e10 f i heapdump.obj
 0001:00007e40       ??0?$Local@VSignature@v8@@@v8@@QAE@XZ 10008e40 f i heapdump.obj
 0001:00007e70       ??0?$Local@VValue@v8@@@v8@@AAE@PAVValue@1@@Z 10008e70 f i heapdump.obj
 0001:00007ea0       ??0?$Local@VValue@v8@@@v8@@QAE@XZ 10008ea0 f i heapdump.obj
 0001:00007ed0       ??0?$Persistent@VFunction@v8@@@compat@@QAE@XZ 10008ed0 f i heapdump.obj
 0001:00007f00       ??0?$Persistent@VFunction@v8@@V?$NonCopyablePersistentTraits@VFunction@v8@@@2@@v8@@QAE@XZ 10008f00 f i heapdump.obj
 0001:00007f40       ??0?$PersistentBase@VFunction@v8@@@v8@@AAE@PAVFunction@1@@Z 10008f40 f i heapdump.obj
 0001:00007f70       ??0?$ReturnValue@VValue@v8@@@v8@@AAE@PAPAVObject@internal@1@@Z 10008f70 f i heapdump.obj
 0001:00008000       ??0HandleScope@compat@@QAE@PAVIsolate@v8@@@Z 10009000 f i heapdump.obj
 0001:00008050       ??0ReturnableHandleScope@compat@@QAE@ABV?$FunctionCallbackInfo@VValue@v8@@@v8@@@Z 10009050 f i heapdump.obj
 0001:000080b0       ??1?$Persistent@VFunction@v8@@@compat@@QAE@XZ 100090b0 f i heapdump.obj
 0001:000080e0       ??1?$Persistent@VFunction@v8@@V?$NonCopyablePersistentTraits@VFunction@v8@@@2@@v8@@QAE@XZ 100090e0 f i heapdump.obj
 0001:00008160       ??1HandleScope@compat@@QAE@XZ 10009160 f i heapdump.obj
 0001:000081a0       ??1ReturnableHandleScope@compat@@QAE@XZ 100091a0 f i heapdump.obj
 0001:000081e0       ??A?$FunctionCallbackInfo@VValue@v8@@@v8@@QBE?AV?$Local@VValue@v8@@@1@H@Z 100091e0 f i heapdump.obj
 0001:00008280       ??C?$Local@VContext@v8@@@v8@@QBEPAVContext@1@XZ 10009280 f i heapdump.obj
 0001:000082a0       ??C?$Local@VFunctionTemplate@v8@@@v8@@QBEPAVFunctionTemplate@1@XZ 100092a0 f i heapdump.obj
 0001:000082c0       ??C?$Local@VObject@v8@@@v8@@QBEPAVObject@1@XZ 100092c0 f i heapdump.obj
 0001:000082e0       ??C?$Local@VValue@v8@@@v8@@QBEPAVValue@1@XZ 100092e0 f i heapdump.obj
 0001:00008300       ??D?$Local@VBoolean@v8@@@v8@@QBEPAVBoolean@1@XZ 10009300 f i heapdump.obj
 0001:00008320       ??D?$Local@VFunction@v8@@@v8@@QBEPAVFunction@1@XZ 10009320 f i heapdump.obj
 0001:00008340       ??D?$Local@VInteger@v8@@@v8@@QBEPAVInteger@1@XZ 10009340 f i heapdump.obj
 0001:00008360       ??D?$Local@VPrimitive@v8@@@v8@@QBEPAVPrimitive@1@XZ 10009360 f i heapdump.obj
 0001:00008380       ??D?$Local@VString@v8@@@v8@@QBEPAVString@1@XZ 10009380 f i heapdump.obj
 0001:000083a0       ??D?$Local@VValue@v8@@@v8@@QBEPAVValue@1@XZ 100093a0 f i heapdump.obj
 0001:000083c0       ??_GFileOutputStream@?A0x99f6e266@@UAEPAXI@Z 100093c0 f i heapdump.obj
 0001:000083c0       ??_EFileOutputStream@?A0x99f6e266@@UAEPAXI@Z 100093c0 f i heapdump.obj
 0001:00008410       ?CheckInitialized@Internals@internal@v8@@SAXPAVIsolate@3@@Z 10009410 f i heapdump.obj
 0001:00008550       ?GetDefaultValue@?$ReturnValue@VValue@v8@@@v8@@AAEPAVObject@internal@2@XZ 10009550 f i heapdump.obj
 0001:00008580       ?GetIsolate@?$FunctionCallbackInfo@VValue@v8@@@v8@@QBEPAVIsolate@2@XZ 10009580 f i heapdump.obj
 0001:000085b0       ?GetReturnValue@?$FunctionCallbackInfo@VValue@v8@@@v8@@QBE?AV?$ReturnValue@VValue@v8@@@2@XZ 100095b0 f i heapdump.obj
 0001:00008600       ?GetRoot@Internals@internal@v8@@SAPAPAVObject@23@PAVIsolate@3@H@Z 10009600 f i heapdump.obj
 0001:00008800       ?IsEmpty@?$Local@VFunction@v8@@@v8@@QBE_NXZ 10009800 f i heapdump.obj
 0001:00008850       ?IsEmpty@?$Local@VValue@v8@@@v8@@QBE_NXZ 10009850 f i heapdump.obj
 0001:000088a0       ?IsEmpty@?$Persistent@VFunction@v8@@@compat@@QBE_NXZ 100098a0 f i heapdump.obj
 0001:000088d0       ?IsEmpty@?$PersistentBase@VFunction@v8@@@v8@@QBE_NXZ 100098d0 f i heapdump.obj
 0001:00008920       ?Length@?$FunctionCallbackInfo@VValue@v8@@@v8@@QBEHXZ 10009920 f i heapdump.obj
 0001:00008940       ?New@?$Local@VFunction@v8@@@v8@@CA?AV12@PAVIsolate@2@PAVFunction@2@@Z 10009940 f i heapdump.obj
 0001:000089d0       ?New@?$Local@VFunction@v8@@@v8@@SA?AV12@PAVIsolate@2@ABV?$PersistentBase@VFunction@v8@@@2@@Z 100099d0 f i heapdump.obj
 0001:00008a00       ?New@?$PersistentBase@VFunction@v8@@@v8@@CAPAVFunction@2@PAVIsolate@2@PAV32@@Z 10009a00 f i heapdump.obj
 0001:00008a60       ?New@Boolean@compat@@SA?AV?$Local@VBoolean@v8@@@v8@@PAVIsolate@4@_N@Z 10009a60 f i heapdump.obj
 0001:00008ad0       ?New@FunctionTemplate@compat@@SA?AV?$Local@VFunctionTemplate@v8@@@v8@@PAVIsolate@4@P6AXABV?$FunctionCallbackInfo@VValue@v8@@@4@@Z@Z 10009ad0 f i heapdump.obj
 0001:00008b60       ?New@Integer@compat@@SA?AV?$Local@VInteger@v8@@@v8@@PAVIsolate@4@H@Z 10009b60 f i heapdump.obj
 0001:00008bb0       ?NewFromUtf8@String@compat@@SA?AV?$Local@VString@v8@@@v8@@PAVIsolate@4@PBDW4NewStringType@12@H@Z 10009bb0 f i heapdump.obj
 0001:00008c00       ?Null@compat@@YA?AV?$Local@VPrimitive@v8@@@v8@@PAVIsolate@3@@Z 10009c00 f i heapdump.obj
 0001:00008c60       ?Null@v8@@YA?AV?$Local@VPrimitive@v8@@@1@PAVIsolate@1@@Z 10009c60 f i heapdump.obj
 0001:00008d80       ?Reset@?$Persistent@VFunction@v8@@@compat@@QAEXPAVIsolate@v8@@V?$Local@VFunction@v8@@@4@@Z 10009d80 f i heapdump.obj
 0001:00008dc0       ?Reset@?$PersistentBase@VFunction@v8@@@v8@@QAEXXZ 10009dc0 f i heapdump.obj
 0001:00008e30       ?Return@ReturnableHandleScope@compat@@QAEXV?$Local@VValue@v8@@@v8@@@Z 10009e30 f i heapdump.obj
 0001:00008e80       ?Return@ReturnableHandleScope@compat@@QAEXXZ 10009e80 f i heapdump.obj
 0001:00008ea0       ?Return@ReturnableHandleScope@compat@@QAEX_N@Z 10009ea0 f i heapdump.obj
 0001:00008f10       ?TakeHeapSnapshot@HeapProfiler@compat@@SAPBVHeapSnapshot@v8@@PAVIsolate@4@@Z 10009f10 f i heapdump.obj
 0001:00008f60       ?ToLocal@?$Persistent@VFunction@v8@@@compat@@QBE?AV?$Local@VFunction@v8@@@v8@@PAVIsolate@4@@Z 10009f60 f i heapdump.obj
 0001:00008fb0       ?Undefined@v8@@YA?AV?$Local@VPrimitive@v8@@@1@PAVIsolate@1@@Z 10009fb0 f i heapdump.obj
 0001:00009530       ?isolate@ReturnableHandleScope@compat@@ABEPAVIsolate@v8@@XZ 1000a530 f i heapdump.obj
 0001:000095e0       ___local_stdio_printf_options 1000a5e0 f i heapdump.obj
 0001:000095f0       __vsprintf_p               1000a5f0 f i heapdump.obj
 0001:00009620       __vsprintf_p_l             1000a620 f i heapdump.obj
 0001:0000969e       ??0HandleScope@v8@@QAE@PAVIsolate@1@@Z 1000a69e f   node:node.exe
 0001:000096a4       ??1HandleScope@v8@@QAE@XZ  1000a6a4 f   node:node.exe
 0001:000096aa       ?CreateHandle@HandleScope@v8@@KAPAPAVObject@internal@2@PAVIsolate@42@PAV342@@Z 1000a6aa f   node:node.exe
 0001:000096b0       ?IsString@Value@v8@@QBE_NXZ 1000a6b0 f   node:node.exe
 0001:000096b6       ?IsFunction@Value@v8@@QBE_NXZ 1000a6b6 f   node:node.exe
 0001:000096bc       ?Int32Value@Value@v8@@QBEHXZ 1000a6bc f   node:node.exe
 0001:000096c2       ?New@Boolean@v8@@SA?AV?$Local@VBoolean@v8@@@2@PAVIsolate@2@_N@Z 1000a6c2 f   node:node.exe
 0001:000096c8       ?NewFromUtf8@String@v8@@SA?AV?$Local@VString@v8@@@2@PAVIsolate@2@PBDW4NewStringType@12@H@Z 1000a6c8 f   node:node.exe
 0001:000096ce       ??0Utf8Value@String@v8@@QAE@V?$Local@VValue@v8@@@2@@Z 1000a6ce f   node:node.exe
 0001:000096d4       ??1Utf8Value@String@v8@@QAE@XZ 1000a6d4 f   node:node.exe
 0001:000096da       ??DUtf8Value@String@v8@@QAEPADXZ 1000a6da f   node:node.exe
 0001:000096e0       ?New@Integer@v8@@SA?AV?$Local@VInteger@v8@@@2@PAVIsolate@2@H@Z 1000a6e0 f   node:node.exe
 0001:000096e6       ?Set@Object@v8@@QAE_NV?$Local@VValue@v8@@@2@0@Z 1000a6e6 f   node:node.exe
 0001:000096ec       ?Cast@Function@v8@@SAPAV12@PAVValue@2@@Z 1000a6ec f   node:node.exe
 0001:000096f2       ?New@FunctionTemplate@v8@@SA?AV?$Local@VFunctionTemplate@v8@@@2@PAVIsolate@2@P6AXABV?$FunctionCallbackInfo@VValue@v8@@@2@@ZV?$Local@VValue@v8@@@2@V?$Local@VSignature@v8@@@2@H@Z 1000a6f2 f   node:node.exe
 0001:000096f8       ?GetFunction@FunctionTemplate@v8@@QAE?AV?$Local@VFunction@v8@@@2@XZ 1000a6f8 f   node:node.exe
 0001:000096fe       ?GetCurrent@Isolate@v8@@SAPAV12@XZ 1000a6fe f   node:node.exe
 0001:00009704       ?GetHeapProfiler@Isolate@v8@@QAEPAVHeapProfiler@2@XZ 1000a704 f   node:node.exe
 0001:0000970a       ?GetCurrentContext@Isolate@v8@@QAE?AV?$Local@VContext@v8@@@2@XZ 1000a70a f   node:node.exe
 0001:00009710       ?GlobalizeReference@V8@v8@@CAPAPAVObject@internal@2@PAVIsolate@42@PAPAV342@@Z 1000a710 f   node:node.exe
 0001:00009716       ?DisposeGlobal@V8@v8@@CAXPAPAVObject@internal@2@@Z 1000a716 f   node:node.exe
 0001:0000971c       ?Global@Context@v8@@QAE?AV?$Local@VObject@v8@@@2@XZ 1000a71c f   node:node.exe
 0001:00009722       ?MakeCallback@node@@YA?AV?$Local@VValue@v8@@@v8@@PAVIsolate@3@V?$Local@VObject@v8@@@3@V?$Local@VFunction@v8@@@3@HPAV23@@Z 1000a722 f   node:node.exe
 0001:00009728       _node_module_register      1000a728 f   node:node.exe
 0001:0000972e       ??1OutputStream@v8@@UAE@XZ 1000a72e f   node:node.exe
 0001:00009734       ??0OutputStream@v8@@QAE@XZ 1000a734 f   node:node.exe
 0001:0000973a       ?Delete@HeapSnapshot@v8@@QAEXXZ 1000a73a f   node:node.exe
 0001:00009740       ?Serialize@HeapSnapshot@v8@@QBEXPAVOutputStream@2@W4SerializationFormat@12@@Z 1000a740 f   node:node.exe
 0001:00009746       ?TakeHeapSnapshot@HeapProfiler@v8@@QAEPBVHeapSnapshot@2@PAVActivityControl@2@PAVObjectNameResolver@12@@Z 1000a746 f   node:node.exe
 0001:0000974c       _uv_hrtime                 1000a74c f   node:node.exe
 0001:00009752       ?WriteHeapStatsChunk@OutputStream@v8@@UAE?AW4WriteResult@12@PAUHeapStatsUpdate@2@H@Z 1000a752 f   node:node.exe
 0001:00009760       ??3@YAXPAXI@Z              1000a760 f   LIBCMTD:delete_scalar_size.obj
 0001:00009780       ??$__crt_fast_decode_pointer@PAP6AXXZ@@YAPAP6AXXZQAP6AXXZ@Z 1000a780 f i LIBCMTD:utility.obj
 0001:000097b0       ??$__crt_fast_encode_pointer@PAP6AXXZ@@YAPAP6AXXZQAP6AXXZ@Z 1000a7b0 f i LIBCMTD:utility.obj
 0001:000097f0       ?__crt_rotate_pointer_value@@YAIIH@Z 1000a7f0 f i LIBCMTD:utility.obj
 0001:00009940       _NtCurrentTeb              1000a940 f i LIBCMTD:utility.obj
 0001:00009950       ___scrt_acquire_startup_lock 1000a950 f   LIBCMTD:utility.obj
 0001:000099b0       ___scrt_dllmain_after_initialize_c 1000a9b0 f   LIBCMTD:utility.obj
 0001:000099e0       ___scrt_dllmain_before_initialize_c 1000a9e0 f   LIBCMTD:utility.obj
 0001:00009a10       ___scrt_dllmain_crt_thread_attach 1000aa10 f   LIBCMTD:utility.obj
 0001:00009a50       ___scrt_dllmain_crt_thread_detach 1000aa50 f   LIBCMTD:utility.obj
 0001:00009a70       ___scrt_dllmain_exception_filter 1000aa70 f   LIBCMTD:utility.obj
 0001:00009ad0       ___scrt_dllmain_uninitialize_c 1000aad0 f   LIBCMTD:utility.obj
 0001:00009b10       ___scrt_dllmain_uninitialize_critical 1000ab10 f   LIBCMTD:utility.obj
 0001:00009b30       ___scrt_initialize_crt     1000ab30 f   LIBCMTD:utility.obj
 0001:00009b90       ___scrt_initialize_onexit_tables 1000ab90 f   LIBCMTD:utility.obj
 0001:00009c90       ___scrt_is_nonwritable_in_current_image 1000ac90 f   LIBCMTD:utility.obj
 0001:00009e10       ___scrt_release_startup_lock 1000ae10 f   LIBCMTD:utility.obj
 0001:00009e40       ___scrt_uninitialize_crt   1000ae40 f   LIBCMTD:utility.obj
 0001:00009e90       __onexit                   1000ae90 f   LIBCMTD:utility.obj
 0001:00009f20       _at_quick_exit             1000af20 f   LIBCMTD:utility.obj
 0001:00009f80       _atexit                    1000af80 f   LIBCMTD:utility.obj
 0001:00009fc0       @_RTC_AllocaHelper@12      1000afc0 f   LIBCMTD:_stack_.obj
 0001:0000a000       @_RTC_CheckStackVars2@12   1000b000 f   LIBCMTD:_stack_.obj
 0001:0000a110       @_RTC_CheckStackVars@8     1000b110 f   LIBCMTD:_stack_.obj
 0001:0000a180       __RTC_CheckEsp             1000b180 f   LIBCMTD:_stack_.obj
 0001:0000a1b0       @__security_check_cookie@4 1000b1b0 f   LIBCMTD:_secchk_.obj
 0001:0000a1d0       __CRT_RTC_INIT             1000b1d0 f   LIBCMTD:_init_.obj
 0001:0000a1e0       __CRT_RTC_INITW            1000b1e0 f   LIBCMTD:_init_.obj
 0001:0000a1f0       __RTC_InitBase             1000b1f0 f   LIBCMTD:_init_.obj
 0001:0000a230       __RTC_Shutdown             1000b230 f   LIBCMTD:_init_.obj
 0001:0000a250       __aulldiv                  1000b250 f   LIBCMTD:ulldiv.obj
 0001:0000a2e0       __aullrem                  1000b2e0 f   LIBCMTD:ullrem.obj
 0001:0000a380       __chkstk                   1000b380 f   LIBCMTD:chkstk.obj
 0001:0000a380       __alloca_probe             1000b380 f   LIBCMTD:chkstk.obj
 0001:0000a3c0       ??1type_info@@UAE@XZ       1000b3c0 f   LIBCMTD:std_type_info_static.obj
 0001:0000a3e0       ??_Gtype_info@@UAEPAXI@Z   1000b3e0 f i LIBCMTD:std_type_info_static.obj
 0001:0000a3e0       ??_Etype_info@@UAEPAXI@Z   1000b3e0 f i LIBCMTD:std_type_info_static.obj
 0001:0000aa00       __CRT_INIT@12              1000ba00 f   LIBCMTD:dll_dllmain.obj
 0001:0000aa20       __DllMainCRTStartup@12     1000ba20 f   LIBCMTD:dll_dllmain.obj
 0001:0000aa50       ??3@YAXPAX@Z               1000ba50 f   LIBCMTD:delete_scalar.obj
 0001:0000aa70       ___isa_available_init      1000ba70 f   LIBCMTD:_cpu_disp_.obj
 0001:0000ae00       ___scrt_is_ucrt_dll_in_use 1000be00 f   LIBCMTD:ucrt_detection.obj
 0001:0000ae30       ___scrt_fastfail           1000be30 f   LIBCMTD:utility_desktop.obj
 0001:0000afc0       ___scrt_get_show_window_mode 1000bfc0 f   LIBCMTD:utility_desktop.obj
 0001:0000b010       ___scrt_initialize_winrt   1000c010 f   LIBCMTD:utility_desktop.obj
 0001:0000b020       ___scrt_is_managed_app     1000c020 f   LIBCMTD:utility_desktop.obj
 0001:0000b0d0       ___scrt_set_unhandled_exception_filter 1000c0d0 f   LIBCMTD:utility_desktop.obj
 0001:0000b0f0       ___scrt_unhandled_exception_filter@4 1000c0f0 f   LIBCMTD:utility_desktop.obj
 0001:0000b170       __crt_debugger_hook        1000c170 f   LIBCMTD:utility_desktop.obj
 0001:0000b190       @_guard_check_icall@4      1000c190 f i LIBCMTD:checkcfg.obj
 0001:0000b1b0       ??$__vcrt_va_start_verify_argument_type@QBD@@YAXXZ 1000c1b0 f i LIBCMTD:_error_.obj
 0001:0000b360       ?_RTC_AllocaFailure@@YAXPAXPAU_RTC_ALLOCA_NODE@@H@Z 1000c360 f   LIBCMTD:_error_.obj
 0001:0000b4d0       ?_RTC_Failure@@YAXPAXH@Z   1000c4d0 f   LIBCMTD:_error_.obj
 0001:0000b540       ?_RTC_StackFailure@@YAXPAXPBD@Z 1000c540 f   LIBCMTD:_error_.obj
 0001:0000b9b0       __RTC_UninitUse            1000c9b0 f   LIBCMTD:_error_.obj
 0001:0000bae0       __vsprintf_s_l             1000cae0 f i LIBCMTD:_error_.obj
 0001:0000bb20       _sprintf_s                 1000cb20 f i LIBCMTD:_error_.obj
 0001:0000bb50       ___raise_securityfailure   1000cb50 f   LIBCMTD:gs_report.obj
 0001:0000bb90       ___report_gsfailure        1000cb90 f   LIBCMTD:gs_report.obj
 0001:0000bce0       ___report_rangecheckfailure 1000cce0 f   LIBCMTD:gs_report.obj
 0001:0000bcf0       ___report_securityfailure  1000ccf0 f   LIBCMTD:gs_report.obj
 0001:0000be00       ___report_securityfailureEx 1000ce00 f   LIBCMTD:gs_report.obj
 0001:0000bf70       ?_RTC_GetErrorFunc@@YAP6AHHPBDH00ZZPBX@Z 1000cf70 f   LIBCMTD:_userapi_.obj
 0001:0000bf80       ?_RTC_GetErrorFuncW@@YAP6AHHPB_WH00ZZPBX@Z 1000cf80 f   LIBCMTD:_userapi_.obj
 0001:0000bf90       __RTC_GetErrDesc           1000cf90 f   LIBCMTD:_userapi_.obj
 0001:0000bfb0       __RTC_NumErrors            1000cfb0 f   LIBCMTD:_userapi_.obj
 0001:0000bfc0       __RTC_SetErrorFunc         1000cfc0 f   LIBCMTD:_userapi_.obj
 0001:0000bff0       __RTC_SetErrorFuncW        1000cff0 f   LIBCMTD:_userapi_.obj
 0001:0000c020       __RTC_SetErrorType         1000d020 f   LIBCMTD:_userapi_.obj
 0001:0000c050       ___security_init_cookie    1000d050 f   LIBCMTD:gs_support.obj
 0001:0000c170       _DllMain@12                1000d170 f   LIBCMTD:dll_dllmain_stub.obj
 0001:0000c180       ?__scrt_initialize_type_info@@YAXXZ 1000d180 f   LIBCMTD:tncleanup.obj
 0001:0000c1a0       ?__scrt_uninitialize_type_info@@YAXXZ 1000d1a0 f   LIBCMTD:tncleanup.obj
 0001:0000c1c0       ___local_stdio_scanf_options 1000d1c0 f i LIBCMTD:default_local_stdio_options.obj
 0001:0000c1d0       ___scrt_initialize_default_local_stdio_options 1000d1d0 f   LIBCMTD:default_local_stdio_options.obj
 0001:0000c220       ___scrt_get_dyn_tls_init_callback 1000d220 f   LIBCMTD:dyn_tls_init.obj
 0001:0000c230       __RTC_Initialize           1000d230 f   LIBCMTD:_initsect_.obj
 0001:0000c270       __RTC_Terminate            1000d270 f   LIBCMTD:_initsect_.obj
 0001:0000c2b0       @_guard_check_icall_nop@4  1000d2b0 f i LIBCMTD:guard_support.obj
 0001:0000c2c0       __guard_icall_checks_enforced 1000d2c0 f i LIBCMTD:guard_support.obj
 0001:0000c8b0       ?_RTC_GetSrcLine@@YAHPAEPA_WKPAH1K@Z 1000d8b0 f   LIBCMTD:_pdblkup_.obj
 0001:0000cce0       ___vcrt_initialize         1000dce0 f   libvcruntimed:initialization.obj
 0001:0000cd30       ___vcrt_thread_attach      1000dd30 f   libvcruntimed:initialization.obj
 0001:0000cd50       ___vcrt_thread_detach      1000dd50 f   libvcruntimed:initialization.obj
 0001:0000cd70       ___vcrt_uninitialize       1000dd70 f   libvcruntimed:initialization.obj
 0001:0000cda0       ___vcrt_uninitialize_critical 1000dda0 f   libvcruntimed:initialization.obj
 0001:0000ce40       __except_handler4          1000de40 f   libvcruntimed:_chandler4_.obj
 0001:0000d110       _EventDataDescCreate       1000e110 f i libvcruntimed:telemetry.obj
 0001:0000d140       _HRESULT_FROM_WIN32        1000e140 f i libvcruntimed:telemetry.obj
 0001:0000d180       ___telemetry_main_invoke_trigger 1000e180 f   libvcruntimed:telemetry.obj
 0001:0000d310       ___telemetry_main_return_trigger 1000e310 f   libvcruntimed:telemetry.obj
 0001:0000d4a0       ___vcrt_initialize_telemetry_provider 1000e4a0 f   libvcruntimed:telemetry.obj
 0001:0000d4c0       ___vcrt_uninitialize_telemetry_provider 1000e4c0 f   libvcruntimed:telemetry.obj
 0001:0000d4e0       _memset                    1000e4e0 f   libvcruntimed:memset.obj
 0001:0000d6d0       ??$?RD@__crt_internal_free_policy@@QBEXQBD@Z 1000e6d0 f i libvcruntimed:std_type_info.obj
 0001:0000d700       ??$?RX@__crt_internal_free_policy@@QBEXQBX@Z 1000e700 f i libvcruntimed:std_type_info.obj
 0001:0000d730       ??$__crt_interlocked_compare_exchange_pointer@$$CBD$$T$$T@@YAPBDPDSBD$$T1@Z 1000e730 f i libvcruntimed:std_type_info.obj
 0001:0000d750       ??$__crt_interlocked_compare_exchange_pointer@$$CBDPAD$$T@@YAPBDPDSBDQAD$$T@Z 1000e750 f i libvcruntimed:std_type_info.obj
 0001:0000d770       ??$__crt_interlocked_read_pointer@$$CBD@@YAPBDPDSBD@Z 1000e770 f i libvcruntimed:std_type_info.obj
 0001:0000d790       ??0?$__crt_unique_heap_ptr@DU__crt_internal_free_policy@@@@QAE@QAD@Z 1000e790 f i libvcruntimed:std_type_info.obj
 0001:0000d7b0       ??0?$__crt_unique_heap_ptr@XU__crt_internal_free_policy@@@@QAE@QAX@Z 1000e7b0 f i libvcruntimed:std_type_info.obj
 0001:0000d7d0       ??1?$__crt_unique_heap_ptr@DU__crt_internal_free_policy@@@@QAE@XZ 1000e7d0 f i libvcruntimed:std_type_info.obj
 0001:0000d7f0       ??1?$__crt_unique_heap_ptr@XU__crt_internal_free_policy@@@@QAE@XZ 1000e7f0 f i libvcruntimed:std_type_info.obj
 0001:0000d850       ??B?$__crt_unique_heap_ptr@DU__crt_internal_free_policy@@@@QBE_NXZ 1000e850 f i libvcruntimed:std_type_info.obj
 0001:0000d870       ??B?$__crt_unique_heap_ptr@XU__crt_internal_free_policy@@@@QBE_NXZ 1000e870 f i libvcruntimed:std_type_info.obj
 0001:0000d8f0       ?detach@?$__crt_unique_heap_ptr@XU__crt_internal_free_policy@@@@QAEPAXXZ 1000e8f0 f i libvcruntimed:std_type_info.obj
 0001:0000d920       ?get@?$__crt_unique_heap_ptr@DU__crt_internal_free_policy@@@@QBEPADXZ 1000e920 f i libvcruntimed:std_type_info.obj
 0001:0000d940       ?get@?$__crt_unique_heap_ptr@XU__crt_internal_free_policy@@@@QBEPAXXZ 1000e940 f i libvcruntimed:std_type_info.obj
 0001:0000d960       ?is_valid@?$__crt_unique_heap_ptr@DU__crt_internal_free_policy@@@@QBE_NXZ 1000e960 f i libvcruntimed:std_type_info.obj
 0001:0000d9a0       ?is_valid@?$__crt_unique_heap_ptr@XU__crt_internal_free_policy@@@@QBE_NXZ 1000e9a0 f i libvcruntimed:std_type_info.obj
 0001:0000d9e0       ?release@?$__crt_unique_heap_ptr@DU__crt_internal_free_policy@@@@QAEXXZ 1000e9e0 f i libvcruntimed:std_type_info.obj
 0001:0000da10       ?release@?$__crt_unique_heap_ptr@XU__crt_internal_free_policy@@@@QAEXXZ 1000ea10 f i libvcruntimed:std_type_info.obj
 0001:0000da40       ___std_type_info_compare   1000ea40 f   libvcruntimed:std_type_info.obj
 0001:0000da70       ___std_type_info_destroy_list 1000ea70 f   libvcruntimed:std_type_info.obj
 0001:0000dac0       ___std_type_info_hash      1000eac0 f   libvcruntimed:std_type_info.obj
 0001:0000db30       ___std_type_info_name      1000eb30 f   libvcruntimed:std_type_info.obj
 0001:0000dd80       ___vcrt_GetModuleFileNameW 1000ed80 f   libvcruntimed:winapi_thunks.obj
 0001:0000dda0       ___vcrt_GetModuleHandleW   1000eda0 f   libvcruntimed:winapi_thunks.obj
 0001:0000ddc0       ___vcrt_LoadLibraryExW     1000edc0 f   libvcruntimed:winapi_thunks.obj
 0001:0000dde0       ??$?RU__vcrt_ptd@@@__crt_internal_free_policy@@QBEXQBU__vcrt_ptd@@@Z 1000ede0 f i libvcruntimed:per_thread_data.obj
 0001:0000de10       ??0?$__crt_unique_heap_ptr@U__vcrt_ptd@@U__crt_internal_free_policy@@@@QAE@QAU__vcrt_ptd@@@Z 1000ee10 f i libvcruntimed:per_thread_data.obj
 0001:0000de30       ??1?$__crt_unique_heap_ptr@U__vcrt_ptd@@U__crt_internal_free_policy@@@@QAE@XZ 1000ee30 f i libvcruntimed:per_thread_data.obj
 0001:0000de50       ??B?$__crt_unique_heap_ptr@U__vcrt_ptd@@U__crt_internal_free_policy@@@@QBE_NXZ 1000ee50 f i libvcruntimed:per_thread_data.obj
 0001:0000de70       ?detach@?$__crt_unique_heap_ptr@U__vcrt_ptd@@U__crt_internal_free_policy@@@@QAEPAU__vcrt_ptd@@XZ 1000ee70 f i libvcruntimed:per_thread_data.obj
 0001:0000dea0       ?get@?$__crt_unique_heap_ptr@U__vcrt_ptd@@U__crt_internal_free_policy@@@@QBEPAU__vcrt_ptd@@XZ 1000eea0 f i libvcruntimed:per_thread_data.obj
 0001:0000dec0       ?is_valid@?$__crt_unique_heap_ptr@U__vcrt_ptd@@U__crt_internal_free_policy@@@@QBE_NXZ 1000eec0 f i libvcruntimed:per_thread_data.obj
 0001:0000df00       ?release@?$__crt_unique_heap_ptr@U__vcrt_ptd@@U__crt_internal_free_policy@@@@QAEXXZ 1000ef00 f i libvcruntimed:per_thread_data.obj
 0001:0000df60       ___vcrt_freefls@4          1000ef60 f   libvcruntimed:per_thread_data.obj
 0001:0000df90       ___vcrt_freeptd            1000ef90 f   libvcruntimed:per_thread_data.obj
 0001:0000e000       ___vcrt_getptd             1000f000 f   libvcruntimed:per_thread_data.obj
 0001:0000e030       ___vcrt_getptd_noexit      1000f030 f   libvcruntimed:per_thread_data.obj
 0001:0000e160       ___vcrt_initialize_ptd     1000f160 f   libvcruntimed:per_thread_data.obj
 0001:0000e1c0       ___vcrt_uninitialize_ptd   1000f1c0 f   libvcruntimed:per_thread_data.obj
 0001:0000e200       ___vcrt_initialize_locks   1000f200 f   libvcruntimed:locks.obj
 0001:0000e270       ___vcrt_lock               1000f270 f   libvcruntimed:locks.obj
 0001:0000e290       ___vcrt_uninitialize_locks 1000f290 f   libvcruntimed:locks.obj
 0001:0000e2f0       ___vcrt_unlock             1000f2f0 f   libvcruntimed:locks.obj
 0001:0000e310       ??$?BX@__crt_fast_encoded_nullptr_t@@QBEPAXXZ 1000f310 f i libvcruntimed:winapi_downlevel.obj
 0001:0000e330       ??$__crt_fast_decode_pointer@PAX@@YAPAXQAX@Z 1000f330 f i libvcruntimed:winapi_downlevel.obj
 0001:0000e360       ??$__crt_fast_encode_pointer@PAX@@YAPAXQAX@Z 1000f360 f i libvcruntimed:winapi_downlevel.obj
 0001:0000e3a0       ??$__crt_interlocked_compare_exchange_pointer@UHINSTANCE__@@$$T$$T@@YAPAUHINSTANCE__@@PDSAU0@$$T1@Z 1000f3a0 f i libvcruntimed:winapi_downlevel.obj
 0001:0000e3c0       ??$__crt_interlocked_compare_exchange_pointer@X$$T$$T@@YAPAXPDSAX$$T1@Z 1000f3c0 f i libvcruntimed:winapi_downlevel.obj
 0001:0000e3e0       ??$__crt_interlocked_exchange_pointer@UHINSTANCE__@@PAU1@@@YAPAUHINSTANCE__@@PDSAU0@QAU0@@Z 1000f3e0 f i libvcruntimed:winapi_downlevel.obj
 0001:0000e3f0       ??$__crt_interlocked_exchange_pointer@UHINSTANCE__@@PAX@@YAPAUHINSTANCE__@@PDSAU0@QAX@Z 1000f3f0 f i libvcruntimed:winapi_downlevel.obj
 0001:0000e400       ??$__crt_interlocked_exchange_pointer@XPAX@@YAPAXPDSAXQAX@Z 1000f400 f i libvcruntimed:winapi_downlevel.obj
 0001:0000e410       ??$__crt_interlocked_read_pointer@UHINSTANCE__@@@@YAPAUHINSTANCE__@@PDSAU0@@Z 1000f410 f i libvcruntimed:winapi_downlevel.obj
 0001:0000e430       ??$__crt_interlocked_read_pointer@X@@YAPAXPDSAX@Z 1000f430 f i libvcruntimed:winapi_downlevel.obj
 0001:0000e450       ?__crt_fast_encode_pointer@@YA?AU__crt_fast_encoded_nullptr_t@@$$T@Z 1000f450 f i libvcruntimed:winapi_downlevel.obj
 0001:0000e9e0       ___vcrt_EventRegister      1000f9e0 f   libvcruntimed:winapi_downlevel.obj
 0001:0000ea30       ___vcrt_EventSetInformation 1000fa30 f   libvcruntimed:winapi_downlevel.obj
 0001:0000ea90       ___vcrt_EventUnregister    1000fa90 f   libvcruntimed:winapi_downlevel.obj
 0001:0000eae0       ___vcrt_EventWriteTransfer 1000fae0 f   libvcruntimed:winapi_downlevel.obj
 0001:0000eb40       ___vcrt_FlsAlloc           1000fb40 f   libvcruntimed:winapi_downlevel.obj
 0001:0000eb90       ___vcrt_FlsFree            1000fb90 f   libvcruntimed:winapi_downlevel.obj
 0001:0000ebe0       ___vcrt_FlsGetValue        1000fbe0 f   libvcruntimed:winapi_downlevel.obj
 0001:0000ec30       ___vcrt_FlsSetValue        1000fc30 f   libvcruntimed:winapi_downlevel.obj
 0001:0000ec90       ___vcrt_InitializeCriticalSectionEx 1000fc90 f   libvcruntimed:winapi_downlevel.obj
 0001:0000ecf0       ___vcrt_initialize_winapi_thunks 1000fcf0 f   libvcruntimed:winapi_downlevel.obj
 0001:0000ed70       ___vcrt_uninitialize_winapi_thunks 1000fd70 f   libvcruntimed:winapi_downlevel.obj
 0001:0000ee00       ??$?B$$A6AXXZ@__crt_fast_encoded_nullptr_t@@QBEP6AXXZXZ 1000fe00 f i libvcruntimed:purevirt_data.obj
 0001:0000ee20       ??$__crt_fast_encode_pointer@P6AXXZ@@YAP6AXXZQ6AXXZ@Z 1000fe20 f i libvcruntimed:purevirt_data.obj
 0001:0000ee60       ___vcrt_initialize_pure_virtual_call_handler 1000fe60 f   libvcruntimed:purevirt_data.obj
 0001:0000ee90       __local_unwind4            1000fe90 f   libvcruntimed:_exsup4_.obj
 0001:0000ef66       __seh_longjmp_unwind4@4    1000ff66 f   libvcruntimed:_exsup4_.obj
 0001:0000ef8e       @_EH4_CallFilterFunc@8     1000ff8e f   libvcruntimed:_exsup4_.obj
 0001:0000efa5       @_EH4_TransferToHandler@8  1000ffa5 f   libvcruntimed:_exsup4_.obj
 0001:0000efbe       @_EH4_GlobalUnwind2@8      1000ffbe f   libvcruntimed:_exsup4_.obj
 0001:0000efd7       @_EH4_LocalUnwind@16       1000ffd7 f   libvcruntimed:_exsup4_.obj
 0001:0000f050       ___except_validate_context_record 10010050 f   libvcruntimed:jbcxrval.obj
 0001:0000f0b0       ___except_validate_jump_buffer 100100b0 f   libvcruntimed:jbcxrval.obj
 0001:0000f110       ??0Block@_HeapManager@@QAE@XZ 10010110 f i libvcruntimed:undname.obj
 0001:0000f130       ??0DName@@QAE@AAPBDD@Z     10010130 f   libvcruntimed:undname.obj
 0001:0000f4a0       ??0DName@@QAE@ABV0@@Z      100104a0 f i libvcruntimed:undname.obj
 0001:0000f4d0       ??0DName@@QAE@D@Z          100104d0 f   libvcruntimed:undname.obj
 0001:0000f5e0       ??0DName@@QAE@PAV0@@Z      100105e0 f   libvcruntimed:undname.obj
 0001:0000f760       ??0DName@@QAE@PBD@Z        10010760 f   libvcruntimed:undname.obj
 0001:0000f890       ??0DName@@QAE@W4DNameStatus@@@Z 10010890 f   libvcruntimed:undname.obj
 0001:0000f9f0       ??0DName@@QAE@XZ           100109f0 f i libvcruntimed:undname.obj
 0001:0000fae0       ??0DName@@QAE@_J@Z         10010ae0 f   libvcruntimed:undname.obj
 0001:0000fcc0       ??0DName@@QAE@_K@Z         10010cc0 f   libvcruntimed:undname.obj
 0001:0000fe50       ??0DNameNode@@IAE@XZ       10010e50 f   libvcruntimed:undname.obj
 0001:0000fe70       ??0DNameStatusNode@@AAE@W4DNameStatus@@@Z 10010e70 f   libvcruntimed:undname.obj
 0001:0000fee0       ??0Replicator@@QAE@XZ      10010ee0 f i libvcruntimed:undname.obj
 0001:0000ff00       ??0UnDecorator@@QAE@PADPBDHP6APADJ@ZK@Z 10010f00 f i libvcruntimed:undname.obj
 0001:0000ffc0       ??0charNode@@QAE@D@Z       10010fc0 f   libvcruntimed:undname.obj
 0001:00010000       ??0pDNameNode@@QAE@PAVDName@@@Z 10011000 f   libvcruntimed:undname.obj
 0001:00010080       ??0pairNode@@QAE@PAVDNameNode@@0@Z 10011080 f   libvcruntimed:undname.obj
 0001:000100d0       ??0pcharNode@@QAE@PBDH@Z   100110d0 f   libvcruntimed:undname.obj
 0001:00010190       ??2@YAPAXIAAV_HeapManager@@H@Z 10011190 f i libvcruntimed:undname.obj
 0001:000101b0       ??4DName@@QAEAAV0@ABV0@@Z  100111b0 f   libvcruntimed:undname.obj
 0001:000101e0       ??4DName@@QAEAAV0@D@Z      100111e0 f i libvcruntimed:undname.obj
 0001:000102f0       ??4DName@@QAEAAV0@PAV0@@Z  100112f0 f   libvcruntimed:undname.obj
 0001:00010470       ??4DName@@QAEAAV0@PBD@Z    10011470 f   libvcruntimed:undname.obj
 0001:00010580       ??4DName@@QAEAAV0@W4DNameStatus@@@Z 10011580 f   libvcruntimed:undname.obj
 0001:000106c0       ??AReplicator@@QBE?AVDName@@H@Z 100116c0 f   libvcruntimed:undname.obj
 0001:00010740       ??BUnDecorator@@QAEPADXZ   10011740 f i libvcruntimed:undname.obj
 0001:00010a90       ??H@YA?AVDName@@DABV0@@Z   10011a90 f i libvcruntimed:undname.obj
 0001:00010ad0       ??H@YA?AVDName@@PBDABV0@@Z 10011ad0 f i libvcruntimed:undname.obj
 0001:00010b10       ??H@YA?AVDName@@W4DNameStatus@@ABV0@@Z 10011b10 f i libvcruntimed:undname.obj
 0001:00010b50       ??HDName@@QBE?AV0@ABV0@@Z  10011b50 f   libvcruntimed:undname.obj
 0001:00010ba0       ??HDName@@QBE?AV0@D@Z      10011ba0 f   libvcruntimed:undname.obj
 0001:00010bf0       ??HDName@@QBE?AV0@PAV0@@Z  10011bf0 f   libvcruntimed:undname.obj
 0001:00010c40       ??HDName@@QBE?AV0@PBD@Z    10011c40 f   libvcruntimed:undname.obj
 0001:00010c90       ??HDName@@QBE?AV0@W4DNameStatus@@@Z 10011c90 f   libvcruntimed:undname.obj
 0001:00010ce0       ??YDName@@QAEAAV0@ABV0@@Z  10011ce0 f   libvcruntimed:undname.obj
 0001:00010d60       ??YDName@@QAEAAV0@D@Z      10011d60 f   libvcruntimed:undname.obj
 0001:00010e00       ??YDName@@QAEAAV0@PAV0@@Z  10011e00 f   libvcruntimed:undname.obj
 0001:00010ee0       ??YDName@@QAEAAV0@PBD@Z    10011ee0 f   libvcruntimed:undname.obj
 0001:00010fa0       ??YDName@@QAEAAV0@W4DNameStatus@@@Z 10011fa0 f   libvcruntimed:undname.obj
 0001:00011020       ??YReplicator@@QAEAAV0@ABVDName@@@Z 10012020 f   libvcruntimed:undname.obj
 0001:000110d0       ??_5DName@@QAEAAV0@ABV0@@Z 100120d0 f   libvcruntimed:undname.obj
 0001:00011140       ?Constructor@_HeapManager@@QAEXP6APAXI@ZP6AXPAX@Z@Z 10012140 f i libvcruntimed:undname.obj
 0001:00011190       ?Destructor@_HeapManager@@QAEXXZ 10012190 f i libvcruntimed:undname.obj
 0001:00011200       ?UScore@UnDecorator@@SAPBDW4Tokens@@@Z 10012200 f   libvcruntimed:undname.obj
 0001:00011240       ?append@DName@@AAEXPAVDNameNode@@@Z 10012240 f   libvcruntimed:undname.obj
 0001:000112f0       ?composeDeclaration@UnDecorator@@CA?AVDName@@ABV2@@Z 100122f0 f i libvcruntimed:undname.obj
 0001:000136a0       ?dbGetString@DName@@QBEPADXZ 100146a0 f   libvcruntimed:undname.obj
 0001:000136d0       ?doAccessSpecifiers@UnDecorator@@SAHXZ 100146d0 f i libvcruntimed:undname.obj
 0001:00013700       ?doAllocationLanguage@UnDecorator@@SAHXZ 10014700 f i libvcruntimed:undname.obj
 0001:00013730       ?doAllocationModel@UnDecorator@@SAHXZ 10014730 f i libvcruntimed:undname.obj
 0001:00013760       ?doEcsu@UnDecorator@@SAHXZ 10014760 f i libvcruntimed:undname.obj
 0001:00013790       ?doEllipsis@UnDecorator@@SAHXZ 10014790 f i libvcruntimed:undname.obj
 0001:000137c0       ?doFunctionReturns@UnDecorator@@SAHXZ 100147c0 f i libvcruntimed:undname.obj
 0001:000137f0       ?doMSKeywords@UnDecorator@@SAHXZ 100147f0 f i libvcruntimed:undname.obj
 0001:00013820       ?doMemberTypes@UnDecorator@@SAHXZ 10014820 f i libvcruntimed:undname.obj
 0001:00013850       ?doNameOnly@UnDecorator@@SAHXZ 10014850 f i libvcruntimed:undname.obj
 0001:00013870       ?doNoIdentCharCheck@UnDecorator@@SAHXZ 10014870 f i libvcruntimed:undname.obj
 0001:00013890       ?doPchar@DName@@AAEXPBDH@Z 10014890 f   libvcruntimed:undname.obj
 0001:00013a20       ?doPtr64@UnDecorator@@SAHXZ 10014a20 f i libvcruntimed:undname.obj
 0001:00013a50       ?doRestrictionSpec@UnDecorator@@SAHXZ 10014a50 f i libvcruntimed:undname.obj
 0001:00013a80       ?doThisTypes@UnDecorator@@SAHXZ 10014a80 f i libvcruntimed:undname.obj
 0001:00013ac0       ?doThrowTypes@UnDecorator@@SAHXZ 10014ac0 f i libvcruntimed:undname.obj
 0001:00013af0       ?doTypeOnly@UnDecorator@@SAHXZ 10014af0 f i libvcruntimed:undname.obj
 0001:00013b10       ?doUnderScore@UnDecorator@@SAHXZ 10014b10 f i libvcruntimed:undname.obj
 0001:00013b40       ?getArgumentList@UnDecorator@@CA?AVDName@@XZ 10014b40 f   libvcruntimed:undname.obj
 0001:00013ce0       ?getArgumentTypes@UnDecorator@@CA?AVDName@@XZ 10014ce0 f   libvcruntimed:undname.obj
 0001:00013e90       ?getArrayType@UnDecorator@@CA?AVDName@@ABV2@@Z 10014e90 f i libvcruntimed:undname.obj
 0001:00014150       ?getBasedType@UnDecorator@@CA?AVDName@@XZ 10015150 f   libvcruntimed:undname.obj
 0001:00014240       ?getBasicDataType@UnDecorator@@CA?AVDName@@ABV2@@Z 10015240 f   libvcruntimed:undname.obj
 0001:000149a0       ?getCallIndex@UnDecorator@@CA?AVDName@@XZ 100159a0 f i libvcruntimed:undname.obj
 0001:000149c0       ?getCallingConvention@UnDecorator@@CA?AVDName@@XZ 100159c0 f   libvcruntimed:undname.obj
 0001:00014bb0       ?getDataIndirectType@UnDecorator@@CA?AVDName@@ABV2@PBD0H@Z 10015bb0 f   libvcruntimed:undname.obj
 0001:00015560       ?getDataIndirectType@UnDecorator@@CA?AVDName@@XZ 10016560 f i libvcruntimed:undname.obj
 0001:000155b0       ?getDataType@UnDecorator@@CA?AVDName@@PAV2@@Z 100165b0 f   libvcruntimed:undname.obj
 0001:00015710       ?getDecoratedName@UnDecorator@@CA?AVDName@@XZ 10016710 f   libvcruntimed:undname.obj
 0001:00015b00       ?getDimension@UnDecorator@@CA?AVDName@@_N@Z 10016b00 f   libvcruntimed:undname.obj
 0001:00015e60       ?getDispatchTarget@UnDecorator@@CA?AVDName@@XZ 10016e60 f   libvcruntimed:undname.obj
 0001:00015f20       ?getDisplacement@UnDecorator@@CA?AVDName@@XZ 10016f20 f i libvcruntimed:undname.obj
 0001:00015f40       ?getECSUDataType@UnDecorator@@CA?AVDName@@XZ 10016f40 f   libvcruntimed:undname.obj
 0001:00016180       ?getECSUName@UnDecorator@@CA?AVDName@@XZ 10017180 f i libvcruntimed:undname.obj
 0001:000161a0       ?getEnumType@UnDecorator@@CA?AVDName@@XZ 100171a0 f i libvcruntimed:undname.obj
 0001:00016340       ?getExtendedDataIndirectType@UnDecorator@@CA?AVDName@@AAPBDAA_NH@Z 10017340 f   libvcruntimed:undname.obj
 0001:00016620       ?getExternalDataType@UnDecorator@@CA?AVDName@@ABV2@@Z 10017620 f i libvcruntimed:undname.obj
 0001:000166e0       ?getFunctionIndirectType@UnDecorator@@CA?AVDName@@ABV2@@Z 100176e0 f   libvcruntimed:undname.obj
 0001:00016c90       ?getGuardNumber@UnDecorator@@CA?AVDName@@XZ 10017c90 f i libvcruntimed:undname.obj
 0001:00016cb0       ?getLastChar@DName@@QBEDXZ 10017cb0 f i libvcruntimed:undname.obj
 0001:00016d00       ?getLastChar@DNameStatusNode@@UBEDXZ 10017d00 f i libvcruntimed:undname.obj
 0001:00016d40       ?getLastChar@charNode@@UBEDXZ 10017d40 f i libvcruntimed:undname.obj
 0001:00016d60       ?getLastChar@pDNameNode@@UBEDXZ 10017d60 f i libvcruntimed:undname.obj
 0001:00016da0       ?getLastChar@pairNode@@UBEDXZ 10017da0 f i libvcruntimed:undname.obj
 0001:00016e20       ?getLastChar@pcharNode@@UBEDXZ 10017e20 f i libvcruntimed:undname.obj
 0001:00016e60       ?getLexicalFrame@UnDecorator@@CA?AVDName@@XZ 10017e60 f i libvcruntimed:undname.obj
 0001:00016eb0       ?getMemory@_HeapManager@@QAEPAXIH@Z 10017eb0 f   libvcruntimed:undname.obj
 0001:00017010       ?getNumberOfDimensions@UnDecorator@@CAHXZ 10018010 f   libvcruntimed:undname.obj
 0001:00017150       ?getOperatorName@UnDecorator@@CA?AVDName@@_NPA_N@Z 10018150 f i libvcruntimed:undname.obj
 0001:00017e10       ?getPointerType@UnDecorator@@CA?AVDName@@ABV2@0@Z 10018e10 f i libvcruntimed:undname.obj
 0001:00017e50       ?getPointerTypeArray@UnDecorator@@CA?AVDName@@ABV2@0@Z 10018e50 f i libvcruntimed:undname.obj
 0001:00017e90       ?getPrimaryDataType@UnDecorator@@CA?AVDName@@ABV2@@Z 10018e90 f   libvcruntimed:undname.obj
 0001:00018350       ?getPtrRefDataType@UnDecorator@@CA?AVDName@@ABV2@H@Z 10019350 f   libvcruntimed:undname.obj
 0001:00018550       ?getPtrRefType@UnDecorator@@CA?AVDName@@ABV2@0PBD@Z 10019550 f   libvcruntimed:undname.obj
 0001:00018720       ?getReferenceType@UnDecorator@@CA?AVDName@@ABV2@0PBD@Z 10019720 f i libvcruntimed:undname.obj
 0001:00018750       ?getRestrictionSpec@UnDecorator@@CA?AVDName@@XZ 10019750 f   libvcruntimed:undname.obj
 0001:000188f0       ?getReturnType@UnDecorator@@CA?AVDName@@PAV2@@Z 100198f0 f   libvcruntimed:undname.obj
 0001:00018950       ?getScope@UnDecorator@@CA?AVDName@@XZ 10019950 f   libvcruntimed:undname.obj
 0001:00018f80       ?getScopedName@UnDecorator@@CA?AVDName@@XZ 10019f80 f   libvcruntimed:undname.obj
 0001:000190e0       ?getSignedDimension@UnDecorator@@CA?AVDName@@XZ 1001a0e0 f   libvcruntimed:undname.obj
 0001:00019180       ?getStorageConvention@UnDecorator@@CA?AVDName@@XZ 1001a180 f i libvcruntimed:undname.obj
 0001:000191a0       ?getString@DName@@QBEPADPAD0@Z 1001a1a0 f i libvcruntimed:undname.obj
 0001:00019200       ?getString@DName@@QBEPADPADH@Z 1001a200 f i libvcruntimed:undname.obj
 0001:000192b0       ?getString@DNameStatusNode@@UBEPADPAD0@Z 1001a2b0 f i libvcruntimed:undname.obj
 0001:000192f0       ?getString@charNode@@UBEPADPAD0@Z 1001a2f0 f i libvcruntimed:undname.obj
 0001:00019330       ?getString@pDNameNode@@UBEPADPAD0@Z 1001a330 f i libvcruntimed:undname.obj
 0001:00019380       ?getString@pairNode@@UBEPADPAD0@Z 1001a380 f i libvcruntimed:undname.obj
 0001:00019420       ?getString@pcharNode@@UBEPADPAD0@Z 1001a420 f i libvcruntimed:undname.obj
 0001:00019460       ?getStringEncoding@UnDecorator@@CA?AVDName@@PADH@Z 1001a460 f   libvcruntimed:undname.obj
 0001:000195b0       ?getStringHelper@@YAPADPAD00H@Z 1001a5b0 f i libvcruntimed:undname.obj
 0001:00019600       ?getSymbolName@UnDecorator@@CA?AVDName@@XZ 1001a600 f i libvcruntimed:undname.obj
 0001:000196b0       ?getTemplateArgumentList@UnDecorator@@CA?AVDName@@XZ 1001a6b0 f   libvcruntimed:undname.obj
 0001:00019b90       ?getTemplateConstant@UnDecorator@@CA?AVDName@@XZ 1001ab90 f   libvcruntimed:undname.obj
 0001:0001a2a0       ?getTemplateName@UnDecorator@@CA?AVDName@@_N@Z 1001b2a0 f   libvcruntimed:undname.obj
 0001:0001a4e0       ?getThisType@UnDecorator@@CA?AVDName@@XZ 1001b4e0 f i libvcruntimed:undname.obj
 0001:0001a530       ?getThrowTypes@UnDecorator@@CA?AVDName@@XZ 1001b530 f   libvcruntimed:undname.obj
 0001:0001a600       ?getTypeEncoding@UnDecorator@@CAHXZ 1001b600 f i libvcruntimed:undname.obj
 0001:0001b2d0       ?getVCallThunkType@UnDecorator@@CA?AVDName@@XZ 1001c2d0 f i libvcruntimed:undname.obj
 0001:0001b350       ?getVbTableType@UnDecorator@@CA?AVDName@@ABV2@@Z 1001c350 f i libvcruntimed:undname.obj
 0001:0001b370       ?getVdispMapType@UnDecorator@@CA?AVDName@@ABV2@@Z 1001c370 f i libvcruntimed:undname.obj
 0001:0001b400       ?getVfTableType@UnDecorator@@CA?AVDName@@ABV2@@Z 1001c400 f i libvcruntimed:undname.obj
 0001:0001b630       ?getZName@UnDecorator@@CA?AVDName@@_N0@Z 1001c630 f   libvcruntimed:undname.obj
 0001:0001b9b0       ?haveTemplateParameters@UnDecorator@@SAHXZ 1001c9b0 f i libvcruntimed:undname.obj
 0001:0001b9d0       ?isArray@DName@@QBEHXZ     1001c9d0 f i libvcruntimed:undname.obj
 0001:0001b9f0       ?isComArray@DName@@QBEHXZ  1001c9f0 f i libvcruntimed:undname.obj
 0001:0001ba10       ?isEmpty@DName@@QBEHXZ     1001ca10 f i libvcruntimed:undname.obj
 0001:0001ba50       ?isFull@Replicator@@QBEHXZ 1001ca50 f i libvcruntimed:undname.obj
 0001:0001ba90       ?isNoTE@DName@@QBEHXZ      1001ca90 f i libvcruntimed:undname.obj
 0001:0001bab0       ?isPinPtr@DName@@QBEHXZ    1001cab0 f i libvcruntimed:undname.obj
 0001:0001bad0       ?isPtrRef@DName@@QBEHXZ    1001cad0 f i libvcruntimed:undname.obj
 0001:0001baf0       ?isUDC@DName@@QBEHXZ       1001caf0 f i libvcruntimed:undname.obj
 0001:0001bb40       ?isUDTThunk@DName@@QBEHXZ  1001cb40 f i libvcruntimed:undname.obj
 0001:0001bb90       ?isVCallThunk@DName@@QBEHXZ 1001cb90 f i libvcruntimed:undname.obj
 0001:0001bbb0       ?isValid@DName@@QBEHXZ     1001cbb0 f i libvcruntimed:undname.obj
 0001:0001bbf0       ?length@DName@@QBEHXZ      1001cbf0 f i libvcruntimed:undname.obj
 0001:0001bc40       ?length@DNameStatusNode@@UBEHXZ 1001cc40 f i libvcruntimed:undname.obj
 0001:0001bc60       ?length@charNode@@UBEHXZ   1001cc60 f i libvcruntimed:undname.obj
 0001:0001bc80       ?length@pDNameNode@@UBEHXZ 1001cc80 f i libvcruntimed:undname.obj
 0001:0001bcc0       ?length@pairNode@@UBEHXZ   1001ccc0 f i libvcruntimed:undname.obj
 0001:0001bd50       ?length@pcharNode@@UBEHXZ  1001cd50 f i libvcruntimed:undname.obj
 0001:0001bd70       ?make@DNameStatusNode@@SAPAV1@W4DNameStatus@@@Z 1001cd70 f i libvcruntimed:undname.obj
 0001:0001be00       ?setIsArray@DName@@QAEXXZ  1001ce00 f i libvcruntimed:undname.obj
 0001:0001be30       ?setIsComArray@DName@@QAEXXZ 1001ce30 f i libvcruntimed:undname.obj
 0001:0001be60       ?setIsNoTE@DName@@QAEXXZ   1001ce60 f i libvcruntimed:undname.obj
 0001:0001be90       ?setIsPinPtr@DName@@QAEXXZ 1001ce90 f i libvcruntimed:undname.obj
 0001:0001bec0       ?setIsUDC@DName@@QAEXXZ    1001cec0 f i libvcruntimed:undname.obj
 0001:0001bf00       ?setIsVCallThunk@DName@@QAEXXZ 1001cf00 f i libvcruntimed:undname.obj
 0001:0001bf30       ?setPtrRef@DName@@QAEAAV1@XZ 1001cf30 f i libvcruntimed:undname.obj
 0001:0001bf60       ?status@DName@@QBE?AW4DNameStatus@@XZ 1001cf60 f i libvcruntimed:undname.obj
 0001:0001c080       ___unDName                 1001d080 f   libvcruntimed:undname.obj
 0001:0001c180       ___unDNameEx               1001d180 f   libvcruntimed:undname.obj
 0001:0001c280       __global_unwind2           1001d280 f   libvcruntimed:_exsup_.obj
 0001:0001c2e5       __local_unwind2            1001d2e5 f   libvcruntimed:_exsup_.obj
 0001:0001c369       __abnormal_termination     1001d369 f   libvcruntimed:_exsup_.obj
 0001:0001c38c       __NLG_Notify1              1001d38c f   libvcruntimed:_exsup_.obj
 0001:0001c395       __NLG_Notify               1001d395 f   libvcruntimed:_exsup_.obj
 0001:0001c3ac       __NLG_Dispatch             1001d3ac     libvcruntimed:_exsup_.obj
 0001:0001c3ac       __NLG_Dispatch2            1001d3ac     libvcruntimed:_exsup_.obj
 0001:0001c3b4       __NLG_Call                 1001d3b4 f   libvcruntimed:_exsup_.obj
 0001:0001c3b6       __NLG_Return2              1001d3b6     libvcruntimed:_exsup_.obj
 0001:0001c410       ??$__crt_fast_decode_pointer@P6AXXZ@@YAP6AXXZQ6AXXZ@Z 1001d410 f i libvcruntimed:purevirt.obj
 0001:0001c440       ??$__crt_interlocked_compare_exchange_pointer@$$A6AXXZ$$T$$T@@YAP6AXXZPDS6AXXZ$$T1@Z 1001d440 f i libvcruntimed:purevirt.obj
 0001:0001c460       ??$__crt_interlocked_exchange_pointer@$$A6AXXZP6AXXZ@@YAP6AXXZPDS6AXXZQ6AXXZ@Z 1001d460 f i libvcruntimed:purevirt.obj
 0001:0001c470       ??$__crt_interlocked_read_pointer@$$A6AXXZ@@YAP6AXXZPDS6AXXZ@Z 1001d470 f i libvcruntimed:purevirt.obj
 0001:0001c490       __get_purecall_handler     1001d490 f   libvcruntimed:purevirt.obj
 0001:0001c4c0       __purecall                 1001d4c0 f   libvcruntimed:purevirt.obj
 0001:0001c500       __set_purecall_handler     1001d500 f   libvcruntimed:purevirt.obj
 0001:0001c540       ??$__crt_interlocked_read@J@@YAJPDJ@Z 1001d540 f i libucrtd:fclose.obj
 0001:0001c560       ??0__crt_stdio_stream@@QAE@QAU_iobuf@@@Z 1001d560 f i libucrtd:fclose.obj
 0001:0001c580       ??C__crt_stdio_stream@@QBEPAU__crt_stdio_stream_data@@XZ 1001d580 f i libucrtd:fclose.obj
 0001:0001c5a0       ?__crt_interlocked_read_32@@YAHPDH@Z 1001d5a0 f i libucrtd:fclose.obj
 0001:0001c5c0       ?get_flags@__crt_stdio_stream@@QBEJXZ 1001d5c0 f i libucrtd:fclose.obj
 0001:0001c5f0       ?is_in_use@__crt_stdio_stream@@QBE_NXZ 1001d5f0 f i libucrtd:fclose.obj
 0001:0001c630       ?is_string_backed@__crt_stdio_stream@@QBE_NXZ 1001d630 f i libucrtd:fclose.obj
 0001:0001c670       ?public_stream@__crt_stdio_stream@@QBEPAU_iobuf@@XZ 1001d670 f i libucrtd:fclose.obj
 0001:0001c690       ?valid@__crt_stdio_stream@@QBE_NXZ 1001d690 f i libucrtd:fclose.obj
 0001:0001c6d0       __fclose_nolock            1001d6d0 f   libucrtd:fclose.obj
 0001:0001c860       _fclose                    1001d860 f   libucrtd:fclose.obj
 0001:0001ca00       ?eof@__crt_stdio_stream@@QBE_NXZ 1001da00 f i libucrtd:feoferr.obj
 0001:0001ca20       ?error@__crt_stdio_stream@@QBE_NXZ 1001da20 f i libucrtd:feoferr.obj
 0001:0001ca40       ?has_any_of@__crt_stdio_stream@@QBE_NJ@Z 1001da40 f i libucrtd:feoferr.obj
 0001:0001ca80       _feof                      1001da80 f   libucrtd:feoferr.obj
 0001:0001cb40       _ferror                    1001db40 f   libucrtd:feoferr.obj
 0001:0001d3a0       ??$open_file@ABQBDABQBDABHPAU_iobuf@@@?$__crt_char_traits@D@@SAPAU_iobuf@@ABQBD0ABH$$QAPAU1@@Z 1001e3a0 f i libucrtd:fopen.obj
 0001:0001d3d0       ??$open_file@ABQB_WABQB_WABHPAU_iobuf@@@?$__crt_char_traits@_W@@SAPAU_iobuf@@ABQB_W0ABH$$QAPAU1@@Z 1001e3d0 f i libucrtd:fopen.obj
 0001:0001d400       ?unlock@__crt_stdio_stream@@QBEXXZ 1001e400 f i libucrtd:fopen.obj
 0001:0001d430       __fsopen                   1001e430 f   libucrtd:fopen.obj
 0001:0001d460       __wfopen                   1001e460 f   libucrtd:fopen.obj
 0001:0001d480       __wfopen_s                 1001e480 f   libucrtd:fopen.obj
 0001:0001d4b0       __wfsopen                  1001e4b0 f   libucrtd:fopen.obj
 0001:0001d4e0       _fopen                     1001e4e0 f   libucrtd:fopen.obj
 0001:0001d500       _fopen_s                   1001e500 f   libucrtd:fopen.obj
 0001:0001d530       ??$?RV<lambda_11b4f7b0d3157825a5656a18eba1ae27>@@AAV<lambda_b51c0495177f500e782686251704ae76>@@V<lambda_cf89b47920b5017557bfe891e78aca36>@@@?$__crt_seh_guarded_call@I@@QAEI$$QAV<lambda_11b4f7b0d3157825a5656a18eba1ae27>@@AAV<lambda_b51c0495177f500e782686251704ae76>@@$$QAV<lambda_cf89b47920b5017557bfe891e78aca36>@@@Z 1001e530 f i libucrtd:fwrite.obj
 0001:0001d5e0       ??$__acrt_lock_stream_and_call@V<lambda_b51c0495177f500e782686251704ae76>@@@@YAIQAU_iobuf@@$$QAV<lambda_b51c0495177f500e782686251704ae76>@@@Z 1001e5e0 f i libucrtd:fwrite.obj
 0001:0001d6e0       ??0__acrt_stdio_temporary_buffering_guard@@QAE@QAU_iobuf@@@Z 1001e6e0 f i libucrtd:fwrite.obj
 0001:0001d720       ??1__acrt_stdio_temporary_buffering_guard@@QAE@XZ 1001e720 f i libucrtd:fwrite.obj
 0001:0001d820       ?has_any_buffer@__crt_stdio_stream@@QBE_NXZ 1001e820 f i libucrtd:fwrite.obj
 0001:0001d840       ?has_big_buffer@__crt_stdio_stream@@QBE_NXZ 1001e840 f i libucrtd:fwrite.obj
 0001:0001d860       ?set_flags@__crt_stdio_stream@@QBE_NJ@Z 1001e860 f i libucrtd:fwrite.obj
 0001:0001d8c0       __fwrite_nolock            1001e8c0 f   libucrtd:fwrite.obj
 0001:0001de60       _fwrite                    1001ee60 f   libucrtd:fwrite.obj
 0001:0001df50       ??$?0ABV?$stream_output_adapter@D@__crt_stdio_output@@AB_KABQBDABQAU__crt_locale_pointers@@ABQAD@?$format_validation_base@DV?$stream_output_adapter@D@__crt_stdio_output@@@__crt_stdio_output@@IAE@ABV?$stream_output_adapter@D@1@AB_KABQBDABQAU__crt_locale_pointers@@ABQAD@Z 1001ef50 f i libucrtd:output.obj
 0001:0001df90       ??$?0ABV?$stream_output_adapter@D@__crt_stdio_output@@AB_KABQBDABQAU__crt_locale_pointers@@ABQAD@?$positional_parameter_base@DV?$stream_output_adapter@D@__crt_stdio_output@@@__crt_stdio_output@@IAE@ABV?$stream_output_adapter@D@1@AB_KABQBDABQAU__crt_locale_pointers@@ABQAD@Z 1001ef90 f i libucrtd:output.obj
 0001:0001e020       ??$?0ABV?$stream_output_adapter@D@__crt_stdio_output@@AB_KABQBDABQAU__crt_locale_pointers@@ABQAD@?$standard_base@DV?$stream_output_adapter@D@__crt_stdio_output@@@__crt_stdio_output@@IAE@ABV?$stream_output_adapter@D@1@AB_KABQBDABQAU__crt_locale_pointers@@ABQAD@Z 1001f020 f i libucrtd:output.obj
 0001:0001e080       ??$?0ABV?$stream_output_adapter@_W@__crt_stdio_output@@AB_KABQB_WABQAU__crt_locale_pointers@@ABQAD@?$format_validation_base@_WV?$stream_output_adapter@_W@__crt_stdio_output@@@__crt_stdio_output@@IAE@ABV?$stream_output_adapter@_W@1@AB_KABQB_WABQAU__crt_locale_pointers@@ABQAD@Z 1001f080 f i libucrtd:output.obj
 0001:0001e0c0       ??$?0ABV?$stream_output_adapter@_W@__crt_stdio_output@@AB_KABQB_WABQAU__crt_locale_pointers@@ABQAD@?$positional_parameter_base@_WV?$stream_output_adapter@_W@__crt_stdio_output@@@__crt_stdio_output@@IAE@ABV?$stream_output_adapter@_W@1@AB_KABQB_WABQAU__crt_locale_pointers@@ABQAD@Z 1001f0c0 f i libucrtd:output.obj
 0001:0001e150       ??$?0ABV?$stream_output_adapter@_W@__crt_stdio_output@@AB_KABQB_WABQAU__crt_locale_pointers@@ABQAD@?$standard_base@_WV?$stream_output_adapter@_W@__crt_stdio_output@@@__crt_stdio_output@@IAE@ABV?$stream_output_adapter@_W@1@AB_KABQB_WABQAU__crt_locale_pointers@@ABQAD@Z 1001f150 f i libucrtd:output.obj
 0001:0001e1b0       ??$?0ABV?$string_output_adapter@D@__crt_stdio_output@@AB_KABQBDABQAU__crt_locale_pointers@@ABQAD@?$format_validation_base@DV?$string_output_adapter@D@__crt_stdio_output@@@__crt_stdio_output@@IAE@ABV?$string_output_adapter@D@1@AB_KABQBDABQAU__crt_locale_pointers@@ABQAD@Z 1001f1b0 f i libucrtd:output.obj
 0001:0001e1f0       ??$?0ABV?$string_output_adapter@D@__crt_stdio_output@@AB_KABQBDABQAU__crt_locale_pointers@@ABQAD@?$positional_parameter_base@DV?$string_output_adapter@D@__crt_stdio_output@@@__crt_stdio_output@@IAE@ABV?$string_output_adapter@D@1@AB_KABQBDABQAU__crt_locale_pointers@@ABQAD@Z 1001f1f0 f i libucrtd:output.obj
 0001:0001e280       ??$?0ABV?$string_output_adapter@D@__crt_stdio_output@@AB_KABQBDABQAU__crt_locale_pointers@@ABQAD@?$standard_base@DV?$string_output_adapter@D@__crt_stdio_output@@@__crt_stdio_output@@IAE@ABV?$string_output_adapter@D@1@AB_KABQBDABQAU__crt_locale_pointers@@ABQAD@Z 1001f280 f i libucrtd:output.obj
 0001:0001e2e0       ??$?0ABV?$string_output_adapter@_W@__crt_stdio_output@@AB_KABQB_WABQAU__crt_locale_pointers@@ABQAD@?$format_validation_base@_WV?$string_output_adapter@_W@__crt_stdio_output@@@__crt_stdio_output@@IAE@ABV?$string_output_adapter@_W@1@AB_KABQB_WABQAU__crt_locale_pointers@@ABQAD@Z 1001f2e0 f i libucrtd:output.obj
 0001:0001e320       ??$?0ABV?$string_output_adapter@_W@__crt_stdio_output@@AB_KABQB_WABQAU__crt_locale_pointers@@ABQAD@?$positional_parameter_base@_WV?$string_output_adapter@_W@__crt_stdio_output@@@__crt_stdio_output@@IAE@ABV?$string_output_adapter@_W@1@AB_KABQB_WABQAU__crt_locale_pointers@@ABQAD@Z 1001f320 f i libucrtd:output.obj
 0001:0001e3b0       ??$?0ABV?$string_output_adapter@_W@__crt_stdio_output@@AB_KABQB_WABQAU__crt_locale_pointers@@ABQAD@?$standard_base@_WV?$string_output_adapter@_W@__crt_stdio_output@@@__crt_stdio_output@@IAE@ABV?$string_output_adapter@_W@1@AB_KABQB_WABQAU__crt_locale_pointers@@ABQAD@Z 1001f3b0 f i libucrtd:output.obj
 0001:0001e410       ??$?RV<lambda_2293f24e3ce1ad6fe22ccfb9dec07671>@@AAV<lambda_2565fc715a641e539f44ad02d6823606>@@V<lambda_d3217f279b832965d9ca670dc2993570>@@@?$__crt_seh_guarded_call@H@@QAEH$$QAV<lambda_2293f24e3ce1ad6fe22ccfb9dec07671>@@AAV<lambda_2565fc715a641e539f44ad02d6823606>@@$$QAV<lambda_d3217f279b832965d9ca670dc2993570>@@@Z 1001f410 f i libucrtd:output.obj
 0001:0001e4c0       ??$?RV<lambda_4d4ac866be0fa3c441830420fabdd2cb>@@AAV<lambda_63a10c2dc8dbb9e4dd1890be52af7c93>@@V<lambda_002af9fa0f8fe472b648c51882d4fc32>@@@?$__crt_seh_guarded_call@H@@QAEH$$QAV<lambda_4d4ac866be0fa3c441830420fabdd2cb>@@AAV<lambda_63a10c2dc8dbb9e4dd1890be52af7c93>@@$$QAV<lambda_002af9fa0f8fe472b648c51882d4fc32>@@@Z 1001f4c0 f i libucrtd:output.obj
 0001:0001e570       ??$?RV<lambda_5be909dfbae0a631386585770cd7b676>@@AAV<lambda_e516058a9c289d98c8ca9fea99247804>@@V<lambda_afe2e0cdc5e0ecf6f0d6f5e2f8985e38>@@@?$__crt_seh_guarded_call@H@@QAEH$$QAV<lambda_5be909dfbae0a631386585770cd7b676>@@AAV<lambda_e516058a9c289d98c8ca9fea99247804>@@$$QAV<lambda_afe2e0cdc5e0ecf6f0d6f5e2f8985e38>@@@Z 1001f570 f i libucrtd:output.obj
 0001:0001e620       ??$?RV<lambda_823d65812123d985753d53e2a8c25d20>@@AAV<lambda_0a97c9e57da7be065955385c79108ff2>@@V<lambda_4d2973f3ad2d226f00468307185dca1b>@@@?$__crt_seh_guarded_call@H@@QAEH$$QAV<lambda_823d65812123d985753d53e2a8c25d20>@@AAV<lambda_0a97c9e57da7be065955385c79108ff2>@@$$QAV<lambda_4d2973f3ad2d226f00468307185dca1b>@@@Z 1001f620 f i libucrtd:output.obj
 0001:0001e6d0       ??$?RV<lambda_ab9923ffb5d694ec0d78876dd103e44f>@@AAV<lambda_481dd5778c961fbcd3b60b650e9b9dc4>@@V<lambda_7923d86c9e3f319b415918ec4b39749c>@@@?$__crt_seh_guarded_call@H@@QAEH$$QAV<lambda_ab9923ffb5d694ec0d78876dd103e44f>@@AAV<lambda_481dd5778c961fbcd3b60b650e9b9dc4>@@$$QAV<lambda_7923d86c9e3f319b415918ec4b39749c>@@@Z 1001f6d0 f i libucrtd:output.obj
 0001:0001e780       ??$?RV<lambda_db08b09ef7aa9d4f8620ce68402612bc>@@AAV<lambda_4f2c1eaeead2a5fc776db5b62ea0fb9b>@@V<lambda_3ae262bc35d4ba6a3825c4f6bcaaf95c>@@@?$__crt_seh_guarded_call@H@@QAEH$$QAV<lambda_db08b09ef7aa9d4f8620ce68402612bc>@@AAV<lambda_4f2c1eaeead2a5fc776db5b62ea0fb9b>@@$$QAV<lambda_3ae262bc35d4ba6a3825c4f6bcaaf95c>@@@Z 1001f780 f i libucrtd:output.obj
 0001:0001e830       ??$__acrt_lock_stream_and_call@V<lambda_0a97c9e57da7be065955385c79108ff2>@@@@YAHQAU_iobuf@@$$QAV<lambda_0a97c9e57da7be065955385c79108ff2>@@@Z 1001f830 f i libucrtd:output.obj
 0001:0001e880       ??$__acrt_lock_stream_and_call@V<lambda_2565fc715a641e539f44ad02d6823606>@@@@YAHQAU_iobuf@@$$QAV<lambda_2565fc715a641e539f44ad02d6823606>@@@Z 1001f880 f i libucrtd:output.obj
 0001:0001e8d0       ??$__acrt_lock_stream_and_call@V<lambda_481dd5778c961fbcd3b60b650e9b9dc4>@@@@YAHQAU_iobuf@@$$QAV<lambda_481dd5778c961fbcd3b60b650e9b9dc4>@@@Z 1001f8d0 f i libucrtd:output.obj
 0001:0001e920       ??$__acrt_lock_stream_and_call@V<lambda_4f2c1eaeead2a5fc776db5b62ea0fb9b>@@@@YAHQAU_iobuf@@$$QAV<lambda_4f2c1eaeead2a5fc776db5b62ea0fb9b>@@@Z 1001f920 f i libucrtd:output.obj
 0001:0001e970       ??$__acrt_lock_stream_and_call@V<lambda_63a10c2dc8dbb9e4dd1890be52af7c93>@@@@YAHQAU_iobuf@@$$QAV<lambda_63a10c2dc8dbb9e4dd1890be52af7c93>@@@Z 1001f970 f i libucrtd:output.obj
 0001:0001e9c0       ??$__acrt_lock_stream_and_call@V<lambda_e516058a9c289d98c8ca9fea99247804>@@@@YAHQAU_iobuf@@$$QAV<lambda_e516058a9c289d98c8ca9fea99247804>@@@Z 1001f9c0 f i libucrtd:output.obj
 0001:00022290       ??$count@D@formatting_buffer@__crt_stdio_output@@QBEIXZ 10023290 f i libucrtd:output.obj
 0001:000222e0       ??$data@D@formatting_buffer@__crt_stdio_output@@QAEPADXZ 100232e0 f i libucrtd:output.obj
 0001:00022330       ??$data@_W@formatting_buffer@__crt_stdio_output@@QAEPA_WXZ 10023330 f i libucrtd:output.obj
 0001:00022380       ??$ensure_buffer_is_big_enough@D@formatting_buffer@__crt_stdio_output@@QAE_NI@Z 10023380 f i libucrtd:output.obj
 0001:000224a0       ??$extract_argument_from_va_list@C_J@?$positional_parameter_base@DV?$stream_output_adapter@D@__crt_stdio_output@@@__crt_stdio_output@@IAE_NAA_J@Z 100234a0 f i libucrtd:output.obj
 0001:00022620       ??$extract_argument_from_va_list@C_J@?$positional_parameter_base@DV?$string_output_adapter@D@__crt_stdio_output@@@__crt_stdio_output@@IAE_NAA_J@Z 10023620 f i libucrtd:output.obj
 0001:000227a0       ??$extract_argument_from_va_list@C_J@?$positional_parameter_base@_WV?$stream_output_adapter@_W@__crt_stdio_output@@@__crt_stdio_output@@IAE_NAA_J@Z 100237a0 f i libucrtd:output.obj
 0001:00022920       ??$extract_argument_from_va_list@C_J@?$positional_parameter_base@_WV?$string_output_adapter@_W@__crt_stdio_output@@@__crt_stdio_output@@IAE_NAA_J@Z 10023920 f i libucrtd:output.obj
 0001:00022aa0       ??$extract_argument_from_va_list@C_J@?$standard_base@DV?$stream_output_adapter@D@__crt_stdio_output@@@__crt_stdio_output@@IAE_NAA_J@Z 10023aa0 f i libucrtd:output.obj
 0001:00022ae0       ??$extract_argument_from_va_list@C_J@?$standard_base@DV?$string_output_adapter@D@__crt_stdio_output@@@__crt_stdio_output@@IAE_NAA_J@Z 10023ae0 f i libucrtd:output.obj
 0001:00022b20       ??$extract_argument_from_va_list@C_J@?$standard_base@_WV?$stream_output_adapter@_W@__crt_stdio_output@@@__crt_stdio_output@@IAE_NAA_J@Z 10023b20 f i libucrtd:output.obj
 0001:00022b60       ??$extract_argument_from_va_list@C_J@?$standard_base@_WV?$string_output_adapter@_W@__crt_stdio_output@@@__crt_stdio_output@@IAE_NAA_J@Z 10023b60 f i libucrtd:output.obj
 0001:00022ba0       ??$extract_argument_from_va_list@E_J@?$positional_parameter_base@DV?$stream_output_adapter@D@__crt_stdio_output@@@__crt_stdio_output@@IAE_NAA_J@Z 10023ba0 f i libucrtd:output.obj
 0001:00022d20       ??$extract_argument_from_va_list@E_J@?$positional_parameter_base@DV?$string_output_adapter@D@__crt_stdio_output@@@__crt_stdio_output@@IAE_NAA_J@Z 10023d20 f i libucrtd:output.obj
 0001:00022ea0       ??$extract_argument_from_va_list@E_J@?$positional_parameter_base@_WV?$stream_output_adapter@_W@__crt_stdio_output@@@__crt_stdio_output@@IAE_NAA_J@Z 10023ea0 f i libucrtd:output.obj
 0001:00023020       ??$extract_argument_from_va_list@E_J@?$positional_parameter_base@_WV?$string_output_adapter@_W@__crt_stdio_output@@@__crt_stdio_output@@IAE_NAA_J@Z 10024020 f i libucrtd:output.obj
 0001:000231a0       ??$extract_argument_from_va_list@E_J@?$standard_base@DV?$stream_output_adapter@D@__crt_stdio_output@@@__crt_stdio_output@@IAE_NAA_J@Z 100241a0 f i libucrtd:output.obj
 0001:000231e0       ??$extract_argument_from_va_list@E_J@?$standard_base@DV?$string_output_adapter@D@__crt_stdio_output@@@__crt_stdio_output@@IAE_NAA_J@Z 100241e0 f i libucrtd:output.obj
 0001:00023220       ??$extract_argument_from_va_list@E_J@?$standard_base@_WV?$stream_output_adapter@_W@__crt_stdio_output@@@__crt_stdio_output@@IAE_NAA_J@Z 10024220 f i libucrtd:output.obj
 0001:00023260       ??$extract_argument_from_va_list@E_J@?$standard_base@_WV?$string_output_adapter@_W@__crt_stdio_output@@@__crt_stdio_output@@IAE_NAA_J@Z 10024260 f i libucrtd:output.obj
 0001:000232a0       ??$extract_argument_from_va_list@F_J@?$positional_parameter_base@DV?$stream_output_adapter@D@__crt_stdio_output@@@__crt_stdio_output@@IAE_NAA_J@Z 100242a0 f i libucrtd:output.obj
 0001:00023420       ??$extract_argument_from_va_list@F_J@?$positional_parameter_base@DV?$string_output_adapter@D@__crt_stdio_output@@@__crt_stdio_output@@IAE_NAA_J@Z 10024420 f i libucrtd:output.obj
 0001:000235a0       ??$extract_argument_from_va_list@F_J@?$positional_parameter_base@_WV?$stream_output_adapter@_W@__crt_stdio_output@@@__crt_stdio_output@@IAE_NAA_J@Z 100245a0 f i libucrtd:output.obj
 0001:00023720       ??$extract_argument_from_va_list@F_J@?$positional_parameter_base@_WV?$string_output_adapter@_W@__crt_stdio_output@@@__crt_stdio_output@@IAE_NAA_J@Z 10024720 f i libucrtd:output.obj
 0001:000238a0       ??$extract_argument_from_va_list@F_J@?$standard_base@DV?$stream_output_adapter@D@__crt_stdio_output@@@__crt_stdio_output@@IAE_NAA_J@Z 100248a0 f i libucrtd:output.obj
 0001:000238e0       ??$extract_argument_from_va_list@F_J@?$standard_base@DV?$string_output_adapter@D@__crt_stdio_output@@@__crt_stdio_output@@IAE_NAA_J@Z 100248e0 f i libucrtd:output.obj
 0001:00023920       ??$extract_argument_from_va_list@F_J@?$standard_base@_WV?$stream_output_adapter@_W@__crt_stdio_output@@@__crt_stdio_output@@IAE_NAA_J@Z 10024920 f i libucrtd:output.obj
 0001:00023960       ??$extract_argument_from_va_list@F_J@?$standard_base@_WV?$string_output_adapter@_W@__crt_stdio_output@@@__crt_stdio_output@@IAE_NAA_J@Z 10024960 f i libucrtd:output.obj
 0001:000239a0       ??$extract_argument_from_va_list@GD@?$positional_parameter_base@DV?$stream_output_adapter@D@__crt_stdio_output@@@__crt_stdio_output@@IAE_NAAD@Z 100249a0 f i libucrtd:output.obj
 0001:00023b20       ??$extract_argument_from_va_list@GD@?$positional_parameter_base@DV?$string_output_adapter@D@__crt_stdio_output@@@__crt_stdio_output@@IAE_NAAD@Z 10024b20 f i libucrtd:output.obj
 0001:00023ca0       ??$extract_argument_from_va_list@GD@?$standard_base@DV?$stream_output_adapter@D@__crt_stdio_output@@@__crt_stdio_output@@IAE_NAAD@Z 10024ca0 f i libucrtd:output.obj
 0001:00023cd0       ??$extract_argument_from_va_list@GD@?$standard_base@DV?$string_output_adapter@D@__crt_stdio_output@@@__crt_stdio_output@@IAE_NAAD@Z 10024cd0 f i libucrtd:output.obj
 0001:00023d00       ??$extract_argument_from_va_list@G_J@?$positional_parameter_base@DV?$stream_output_adapter@D@__crt_stdio_output@@@__crt_stdio_output@@IAE_NAA_J@Z 10024d00 f i libucrtd:output.obj
 0001:00023e80       ??$extract_argument_from_va_list@G_J@?$positional_parameter_base@DV?$string_output_adapter@D@__crt_stdio_output@@@__crt_stdio_output@@IAE_NAA_J@Z 10024e80 f i libucrtd:output.obj
 0001:00024000       ??$extract_argument_from_va_list@G_J@?$positional_parameter_base@_WV?$stream_output_adapter@_W@__crt_stdio_output@@@__crt_stdio_output@@IAE_NAA_J@Z 10025000 f i libucrtd:output.obj
 0001:00024180       ??$extract_argument_from_va_list@G_J@?$positional_parameter_base@_WV?$string_output_adapter@_W@__crt_stdio_output@@@__crt_stdio_output@@IAE_NAA_J@Z 10025180 f i libucrtd:output.obj
 0001:00024300       ??$extract_argument_from_va_list@G_J@?$standard_base@DV?$stream_output_adapter@D@__crt_stdio_output@@@__crt_stdio_output@@IAE_NAA_J@Z 10025300 f i libucrtd:output.obj
 0001:00024340       ??$extract_argument_from_va_list@G_J@?$standard_base@DV?$string_output_adapter@D@__crt_stdio_output@@@__crt_stdio_output@@IAE_NAA_J@Z 10025340 f i libucrtd:output.obj
 0001:00024380       ??$extract_argument_from_va_list@G_J@?$standard_base@_WV?$stream_output_adapter@_W@__crt_stdio_output@@@__crt_stdio_output@@IAE_NAA_J@Z 10025380 f i libucrtd:output.obj
 0001:000243c0       ??$extract_argument_from_va_list@G_J@?$standard_base@_WV?$string_output_adapter@_W@__crt_stdio_output@@@__crt_stdio_output@@IAE_NAA_J@Z 100253c0 f i libucrtd:output.obj
 0001:00024400       ??$extract_argument_from_va_list@H_J@?$positional_parameter_base@DV?$stream_output_adapter@D@__crt_stdio_output@@@__crt_stdio_output@@IAE_NAA_J@Z 10025400 f i libucrtd:output.obj
 0001:00024580       ??$extract_argument_from_va_list@H_J@?$positional_parameter_base@DV?$string_output_adapter@D@__crt_stdio_output@@@__crt_stdio_output@@IAE_NAA_J@Z 10025580 f i libucrtd:output.obj
 0001:00024700       ??$extract_argument_from_va_list@H_J@?$positional_parameter_base@_WV?$stream_output_adapter@_W@__crt_stdio_output@@@__crt_stdio_output@@IAE_NAA_J@Z 10025700 f i libucrtd:output.obj
 0001:00024880       ??$extract_argument_from_va_list@H_J@?$positional_parameter_base@_WV?$string_output_adapter@_W@__crt_stdio_output@@@__crt_stdio_output@@IAE_NAA_J@Z 10025880 f i libucrtd:output.obj
 0001:00024a00       ??$extract_argument_from_va_list@H_J@?$standard_base@DV?$stream_output_adapter@D@__crt_stdio_output@@@__crt_stdio_output@@IAE_NAA_J@Z 10025a00 f i libucrtd:output.obj
 0001:00024a40       ??$extract_argument_from_va_list@H_J@?$standard_base@DV?$string_output_adapter@D@__crt_stdio_output@@@__crt_stdio_output@@IAE_NAA_J@Z 10025a40 f i libucrtd:output.obj
 0001:00024a80       ??$extract_argument_from_va_list@H_J@?$standard_base@_WV?$stream_output_adapter@_W@__crt_stdio_output@@@__crt_stdio_output@@IAE_NAA_J@Z 10025a80 f i libucrtd:output.obj
 0001:00024ac0       ??$extract_argument_from_va_list@H_J@?$standard_base@_WV?$string_output_adapter@_W@__crt_stdio_output@@@__crt_stdio_output@@IAE_NAA_J@Z 10025ac0 f i libucrtd:output.obj
 0001:00024b00       ??$extract_argument_from_va_list@I_J@?$positional_parameter_base@DV?$stream_output_adapter@D@__crt_stdio_output@@@__crt_stdio_output@@IAE_NAA_J@Z 10025b00 f i libucrtd:output.obj
 0001:00024c80       ??$extract_argument_from_va_list@I_J@?$positional_parameter_base@DV?$string_output_adapter@D@__crt_stdio_output@@@__crt_stdio_output@@IAE_NAA_J@Z 10025c80 f i libucrtd:output.obj
 0001:00024e00       ??$extract_argument_from_va_list@I_J@?$positional_parameter_base@_WV?$stream_output_adapter@_W@__crt_stdio_output@@@__crt_stdio_output@@IAE_NAA_J@Z 10025e00 f i libucrtd:output.obj
 0001:00024f80       ??$extract_argument_from_va_list@I_J@?$positional_parameter_base@_WV?$string_output_adapter@_W@__crt_stdio_output@@@__crt_stdio_output@@IAE_NAA_J@Z 10025f80 f i libucrtd:output.obj
 0001:00025100       ??$extract_argument_from_va_list@I_J@?$standard_base@DV?$stream_output_adapter@D@__crt_stdio_output@@@__crt_stdio_output@@IAE_NAA_J@Z 10026100 f i libucrtd:output.obj
 0001:00025140       ??$extract_argument_from_va_list@I_J@?$standard_base@DV?$string_output_adapter@D@__crt_stdio_output@@@__crt_stdio_output@@IAE_NAA_J@Z 10026140 f i libucrtd:output.obj
 0001:00025180       ??$extract_argument_from_va_list@I_J@?$standard_base@_WV?$stream_output_adapter@_W@__crt_stdio_output@@@__crt_stdio_output@@IAE_NAA_J@Z 10026180 f i libucrtd:output.obj
 0001:000251c0       ??$extract_argument_from_va_list@I_J@?$standard_base@_WV?$string_output_adapter@_W@__crt_stdio_output@@@__crt_stdio_output@@IAE_NAA_J@Z 100261c0 f i libucrtd:output.obj
 0001:00025200       ??$extract_argument_from_va_list@PADPAD@?$positional_parameter_base@DV?$stream_output_adapter@D@__crt_stdio_output@@@__crt_stdio_output@@IAE_NAAPAD@Z 10026200 f i libucrtd:output.obj
 0001:00025380       ??$extract_argument_from_va_list@PADPAD@?$positional_parameter_base@DV?$string_output_adapter@D@__crt_stdio_output@@@__crt_stdio_output@@IAE_NAAPAD@Z 10026380 f i libucrtd:output.obj
 0001:00025500       ??$extract_argument_from_va_list@PADPAD@?$positional_parameter_base@_WV?$stream_output_adapter@_W@__crt_stdio_output@@@__crt_stdio_output@@IAE_NAAPAD@Z 10026500 f i libucrtd:output.obj
 0001:00025680       ??$extract_argument_from_va_list@PADPAD@?$positional_parameter_base@_WV?$string_output_adapter@_W@__crt_stdio_output@@@__crt_stdio_output@@IAE_NAAPAD@Z 10026680 f i libucrtd:output.obj
 0001:00025800       ??$extract_argument_from_va_list@PADPAD@?$standard_base@DV?$stream_output_adapter@D@__crt_stdio_output@@@__crt_stdio_output@@IAE_NAAPAD@Z 10026800 f i libucrtd:output.obj
 0001:00025830       ??$extract_argument_from_va_list@PADPAD@?$standard_base@DV?$string_output_adapter@D@__crt_stdio_output@@@__crt_stdio_output@@IAE_NAAPAD@Z 10026830 f i libucrtd:output.obj
 0001:00025860       ??$extract_argument_from_va_list@PADPAD@?$standard_base@_WV?$stream_output_adapter@_W@__crt_stdio_output@@@__crt_stdio_output@@IAE_NAAPAD@Z 10026860 f i libucrtd:output.obj
 0001:00025890       ??$extract_argument_from_va_list@PADPAD@?$standard_base@_WV?$string_output_adapter@_W@__crt_stdio_output@@@__crt_stdio_output@@IAE_NAAPAD@Z 10026890 f i libucrtd:output.obj
 0001:000258c0       ??$extract_argument_from_va_list@PAUansi_string@?1??type_case_Z@?$output_processor@DV?$stream_output_adapter@D@__crt_stdio_output@@V?$format_validation_base@DV?$stream_output_adapter@D@__crt_stdio_output@@@2@@__crt_stdio_output@@AAE_NXZ@PAU1?1??234@AAE_NXZ@@?$standard_base@DV?$stream_output_adapter@D@__crt_stdio_output@@@__crt_stdio_output@@IAE_NAAPAUansi_string@?1??type_case_Z@?$output_processor@DV?$stream_output_adapter@D@__crt_stdio_output@@V?$format_validation_base@DV?$stream_output_adapter@D@__crt_stdio_output@@@2@@1@AAE_NXZ@@Z 100268c0 f i libucrtd:output.obj
 0001:000258f0       ??$extract_argument_from_va_list@PAUansi_string@?1??type_case_Z@?$output_processor@DV?$stream_output_adapter@D@__crt_stdio_output@@V?$positional_parameter_base@DV?$stream_output_adapter@D@__crt_stdio_output@@@2@@__crt_stdio_output@@AAE_NXZ@PAU1?1??234@AAE_NXZ@@?$positional_parameter_base@DV?$stream_output_adapter@D@__crt_stdio_output@@@__crt_stdio_output@@IAE_NAAPAUansi_string@?1??type_case_Z@?$output_processor@DV?$stream_output_adapter@D@__crt_stdio_output@@V?$positional_parameter_base@DV?$stream_output_adapter@D@__crt_stdio_output@@@2@@1@AAE_NXZ@@Z 100268f0 f i libucrtd:output.obj
 0001:00025a70       ??$extract_argument_from_va_list@PAUansi_string@?1??type_case_Z@?$output_processor@DV?$stream_output_adapter@D@__crt_stdio_output@@V?$positional_parameter_base@DV?$stream_output_adapter@D@__crt_stdio_output@@@2@@__crt_stdio_output@@AAE_NXZ@PAU1?1??234@AAE_NXZ@@?$standard_base@DV?$stream_output_adapter@D@__crt_stdio_output@@@__crt_stdio_output@@IAE_NAAPAUansi_string@?1??type_case_Z@?$output_processor@DV?$stream_output_adapter@D@__crt_stdio_output@@V?$positional_parameter_base@DV?$stream_output_adapter@D@__crt_stdio_output@@@2@@1@AAE_NXZ@@Z 10026a70 f i libucrtd:output.obj
 0001:00025aa0       ??$extract_argument_from_va_list@PAUansi_string@?1??type_case_Z@?$output_processor@DV?$stream_output_adapter@D@__crt_stdio_output@@V?$standard_base@DV?$stream_output_adapter@D@__crt_stdio_output@@@2@@__crt_stdio_output@@AAE_NXZ@PAU1?1??234@AAE_NXZ@@?$standard_base@DV?$stream_output_adapter@D@__crt_stdio_output@@@__crt_stdio_output@@IAE_NAAPAUansi_string@?1??type_case_Z@?$output_processor@DV?$stream_output_adapter@D@__crt_stdio_output@@V?$standard_base@DV?$stream_output_adapter@D@__crt_stdio_output@@@2@@1@AAE_NXZ@@Z 10026aa0 f i libucrtd:output.obj
 0001:00025ad0       ??$extract_argument_from_va_list@PAUansi_string@?1??type_case_Z@?$output_processor@DV?$string_output_adapter@D@__crt_stdio_output@@V?$format_validation_base@DV?$string_output_adapter@D@__crt_stdio_output@@@2@@__crt_stdio_output@@AAE_NXZ@PAU1?1??234@AAE_NXZ@@?$standard_base@DV?$string_output_adapter@D@__crt_stdio_output@@@__crt_stdio_output@@IAE_NAAPAUansi_string@?1??type_case_Z@?$output_processor@DV?$string_output_adapter@D@__crt_stdio_output@@V?$format_validation_base@DV?$string_output_adapter@D@__crt_stdio_output@@@2@@1@AAE_NXZ@@Z 10026ad0 f i libucrtd:output.obj
 0001:00025b00       ??$extract_argument_from_va_list@PAUansi_string@?1??type_case_Z@?$output_processor@DV?$string_output_adapter@D@__crt_stdio_output@@V?$positional_parameter_base@DV?$string_output_adapter@D@__crt_stdio_output@@@2@@__crt_stdio_output@@AAE_NXZ@PAU1?1??234@AAE_NXZ@@?$positional_parameter_base@DV?$string_output_adapter@D@__crt_stdio_output@@@__crt_stdio_output@@IAE_NAAPAUansi_string@?1??type_case_Z@?$output_processor@DV?$string_output_adapter@D@__crt_stdio_output@@V?$positional_parameter_base@DV?$string_output_adapter@D@__crt_stdio_output@@@2@@1@AAE_NXZ@@Z 10026b00 f i libucrtd:output.obj
 0001:00025c80       ??$extract_argument_from_va_list@PAUansi_string@?1??type_case_Z@?$output_processor@DV?$string_output_adapter@D@__crt_stdio_output@@V?$positional_parameter_base@DV?$string_output_adapter@D@__crt_stdio_output@@@2@@__crt_stdio_output@@AAE_NXZ@PAU1?1??234@AAE_NXZ@@?$standard_base@DV?$string_output_adapter@D@__crt_stdio_output@@@__crt_stdio_output@@IAE_NAAPAUansi_string@?1??type_case_Z@?$output_processor@DV?$string_output_adapter@D@__crt_stdio_output@@V?$positional_parameter_base@DV?$string_output_adapter@D@__crt_stdio_output@@@2@@1@AAE_NXZ@@Z 10026c80 f i libucrtd:output.obj
 0001:00025cb0       ??$extract_argument_from_va_list@PAUansi_string@?1??type_case_Z@?$output_processor@DV?$string_output_adapter@D@__crt_stdio_output@@V?$standard_base@DV?$string_output_adapter@D@__crt_stdio_output@@@2@@__crt_stdio_output@@AAE_NXZ@PAU1?1??234@AAE_NXZ@@?$standard_base@DV?$string_output_adapter@D@__crt_stdio_output@@@__crt_stdio_output@@IAE_NAAPAUansi_string@?1??type_case_Z@?$output_processor@DV?$string_output_adapter@D@__crt_stdio_output@@V?$standard_base@DV?$string_output_adapter@D@__crt_stdio_output@@@2@@1@AAE_NXZ@@Z 10026cb0 f i libucrtd:output.obj
 0001:00025ce0       ??$extract_argument_from_va_list@PAUansi_string@?1??type_case_Z@?$output_processor@_WV?$stream_output_adapter@_W@__crt_stdio_output@@V?$format_validation_base@_WV?$stream_output_adapter@_W@__crt_stdio_output@@@2@@__crt_stdio_output@@AAE_NXZ@PAU1?1??234@AAE_NXZ@@?$standard_base@_WV?$stream_output_adapter@_W@__crt_stdio_output@@@__crt_stdio_output@@IAE_NAAPAUansi_string@?1??type_case_Z@?$output_processor@_WV?$stream_output_adapter@_W@__crt_stdio_output@@V?$format_validation_base@_WV?$stream_output_adapter@_W@__crt_stdio_output@@@2@@1@AAE_NXZ@@Z 10026ce0 f i libucrtd:output.obj
 0001:00025d10       ??$extract_argument_from_va_list@PAUansi_string@?1??type_case_Z@?$output_processor@_WV?$stream_output_adapter@_W@__crt_stdio_output@@V?$positional_parameter_base@_WV?$stream_output_adapter@_W@__crt_stdio_output@@@2@@__crt_stdio_output@@AAE_NXZ@PAU1?1??234@AAE_NXZ@@?$positional_parameter_base@_WV?$stream_output_adapter@_W@__crt_stdio_output@@@__crt_stdio_output@@IAE_NAAPAUansi_string@?1??type_case_Z@?$output_processor@_WV?$stream_output_adapter@_W@__crt_stdio_output@@V?$positional_parameter_base@_WV?$stream_output_adapter@_W@__crt_stdio_output@@@2@@1@AAE_NXZ@@Z 10026d10 f i libucrtd:output.obj
 0001:00025e90       ??$extract_argument_from_va_list@PAUansi_string@?1??type_case_Z@?$output_processor@_WV?$stream_output_adapter@_W@__crt_stdio_output@@V?$positional_parameter_base@_WV?$stream_output_adapter@_W@__crt_stdio_output@@@2@@__crt_stdio_output@@AAE_NXZ@PAU1?1??234@AAE_NXZ@@?$standard_base@_WV?$stream_output_adapter@_W@__crt_stdio_output@@@__crt_stdio_output@@IAE_NAAPAUansi_string@?1??type_case_Z@?$output_processor@_WV?$stream_output_adapter@_W@__crt_stdio_output@@V?$positional_parameter_base@_WV?$stream_output_adapter@_W@__crt_stdio_output@@@2@@1@AAE_NXZ@@Z 10026e90 f i libucrtd:output.obj
[...]
 0003:000002b8       ___acrt_wide_c_locale_string 100c52b8     libucrtd:nlsdata.obj
 0003:000002c0       ___badioinfo               100c52c0     libucrtd:ioinit.obj
 0003:00000420       __mbctype                  100c5420     libucrtd:mbctype.obj
 0003:00000558       __mbcasemap                100c5558     libucrtd:mbctype.obj
 0003:00000690       ___acrt_initial_multibyte_data 100c5690     libucrtd:mbctype.obj
 0003:0000091c       ___acrt_current_multibyte_data 100c591c     libucrtd:mbctype.obj
 0003:00000920       __CrtDbgMode               100c5920     libucrtd:dbgrptt.obj
 0003:00000930       __CrtDbgFile               100c5930     libucrtd:dbgrptt.obj
 0003:00000940       __crtAssertBusy            100c5940     libucrtd:dbgrptt.obj
 0003:00000948       __pfnAllocHook             100c5948     libucrtd:debug_heap_hook.obj
 0003:00000950       __pctype                   100c5950     libucrtd:ctype.obj
 0003:00000954       __pwctype                  100c5954     libucrtd:ctype.obj
 0003:00000958       ___globallocalestatus      100c5958     libucrtd:glstatus.obj
 0003:0000095c       ___acrt_lconv_static_decimal 100c595c     libucrtd:localeconv.obj
 0003:00000960       ___acrt_lconv_static_W_decimal 100c5960     libucrtd:localeconv.obj
 0003:00000968       ___acrt_lconv_c            100c5968     libucrtd:localeconv.obj
 0003:000009c8       ___acrt_lconv              100c59c8     libucrtd:localeconv.obj
 0003:000009d0       __lookuptrailbytes         100c59d0     libucrtd:read.obj
 0003:00000b04       ___dcrt_lowio_console_output_handle 100c5b04     libucrtd:initcon.obj
 0003:00000b20       __fltused                  100c5b20     LIBCMTD:fltused.obj
 0003:00000c64       ??_R0?AVFileOutputStream@?A0x99f6e266@@@8 100c5c64     heapdump.obj
 0003:00000c98       ??_R0?AVOutputStream@v8@@@8 100c5c98     heapdump.obj
 0003:00000cbc       ??_R0?AVtype_info@@@8      100c5cbc     LIBCMTD:std_type_info_static.obj
 0003:00000cd8       ??_R0?AVDNameNode@@@8      100c5cd8     libvcruntimed:undname.obj
 0003:00000cf4       ??_R0?AVcharNode@@@8       100c5cf4     libvcruntimed:undname.obj
 0003:00000d10       ??_R0?AVpcharNode@@@8      100c5d10     libvcruntimed:undname.obj
 0003:00000d2c       ??_R0?AVpDNameNode@@@8     100c5d2c     libvcruntimed:undname.obj
 0003:00000d4c       ??_R0?AVDNameStatusNode@@@8 100c5d4c     libvcruntimed:undname.obj
 0003:00000d70       ??_R0?AVpairNode@@@8       100c5d70     libvcruntimed:undname.obj
 0003:00000d8c       ??_R0?AVbad_exception@std@@@8 100c5d8c     libvcruntimed:frame.obj
 0003:00000db4       ??_R0?AVexception@std@@@8  100c5db4     libvcruntimed:frame.obj
 0003:00000dd8       ??_R0?AVbad_alloc@std@@@8  100c5dd8     libvcruntimed:frame.obj
 0003:00000f00       ?_OptionsStorage@?1??__local_stdio_printf_options@@9@4_KA 100c5f00     heapdump.obj
 0003:00000f10       ___scrt_current_native_startup_state 100c5f10     LIBCMTD:utility.obj
 0003:00000f14       ___scrt_native_startup_lock 100c5f14     LIBCMTD:utility.obj
 0003:00000f3c       ___isa_available           100c5f3c     LIBCMTD:_cpu_disp_.obj
 0003:00000f40       ___favor                   100c5f40     LIBCMTD:_cpu_disp_.obj
 0003:00000f48       ___scrt_debugger_hook_flag 100c5f48     LIBCMTD:utility_desktop.obj
 0003:00001318       ?__type_info_root_node@@3U__type_info_node@@A 100c6318     LIBCMTD:tncleanup.obj
 0003:00001328       ?_OptionsStorage@?1??__local_stdio_scanf_options@@9@4_KA 100c6328     LIBCMTD:default_local_stdio_options.obj
 0003:000013d0       ___pPurecall               100c63d0     libvcruntimed:purevirt_data.obj
 0003:000013d4       ?pArgList@UnDecorator@@0PAVReplicator@@A 100c63d4     libvcruntimed:undname.obj
 0003:000013d8       ?pZNameList@UnDecorator@@0PAVReplicator@@A 100c63d8     libvcruntimed:undname.obj
 0003:000013dc       ?pTemplateArgList@UnDecorator@@0PAVReplicator@@A 100c63dc     libvcruntimed:undname.obj
 0003:000013e0       ?gName@UnDecorator@@0PBDB  100c63e0     libvcruntimed:undname.obj
 0003:000013e4       ?name@UnDecorator@@0PBDB   100c63e4     libvcruntimed:undname.obj
 0003:000013e8       ?outputString@UnDecorator@@0PADA 100c63e8     libvcruntimed:undname.obj
 0003:000013ec       ?maxStringLength@UnDecorator@@0HA 100c63ec     libvcruntimed:undname.obj
 0003:000013f0       ?disableFlags@UnDecorator@@0KA 100c63f0     libvcruntimed:undname.obj
 0003:000013f4       ?fExplicitTemplateParams@UnDecorator@@0_NA 100c63f4     libvcruntimed:undname.obj
 0003:000013f5       ?fGetTemplateArgumentList@UnDecorator@@0_NA 100c63f5     libvcruntimed:undname.obj
 0003:000013f8       ?m_pGetParameter@UnDecorator@@0P6APADJ@ZA 100c63f8     libvcruntimed:undname.obj
 0003:00001480       ?nodes@?1??make@DNameStatusNode@@SAPAV2@W4DNameStatus@@@Z@4PAV2@A 100c6480     libvcruntimed:undname.obj
 0003:000014bc       ??_B?1??make@DNameStatusNode@@SAPAV1@W4DNameStatus@@@Z@51 100c64bc     libvcruntimed:undname.obj
 0003:000014cc       __environ_table            100c64cc     libucrtd:environment_initialization.obj
 0003:000014d0       __wenviron_table           100c64d0     libucrtd:environment_initialization.obj
 0003:000014d8       ___dcrt_initial_wide_environment 100c64d8     libucrtd:environment_initialization.obj
 0003:000014dc       ___dcrt_initial_narrow_environment 100c64dc     libucrtd:environment_initialization.obj
 0003:000014e0       ___acrt_atexit_table       100c64e0     libucrtd:onexit.obj
 0003:000014f0       ___acrt_at_quick_exit_table 100c64f0     libucrtd:onexit.obj
 0003:0000151c       __pfnDumpClient            100c651c     libucrtd:debug_heap.obj
 0003:00001528       __nstream                  100c6528     libucrtd:_file.obj
 0003:0000152c       ___piob                    100c652c     libucrtd:_file.obj
 0003:00001534       __cflush                   100c6534     libucrtd:_file.obj
 0003:00001538       ___acrt_stdout_buffer      100c6538     libucrtd:_sftbuf.obj
 0003:0000153c       ___acrt_stderr_buffer      100c653c     libucrtd:_sftbuf.obj
 0003:00001544       ___acrt_locale_changed_data 100c6544     libucrtd:wsetlocale.obj
 0003:00001548       ___acrt_current_locale_data 100c6548     libucrtd:nlsdata.obj
 0003:00001550       ___pioinfo                 100c6550     libucrtd:ioinit.obj
 0003:000017b8       __nhandle                  100c67b8     libucrtd:ioinit.obj
 0003:00001a44       ___mbcodepage              100c6a44     libucrtd:mbctype.obj
 0003:00001a48       ___ismbcodepage            100c6a48     libucrtd:mbctype.obj
 0003:00001a4c       ___mbulinfo                100c6a4c     libucrtd:mbctype.obj
 0003:00001a60       ___mblocalename            100c6a60     libucrtd:mbctype.obj
 0003:00001a68       ___acrt_heap               100c6a68     libucrtd:heap_handle.obj
 0003:00001a6c       ___argc                    100c6a6c     libucrtd:argv_data.obj
 0003:00001a70       ___argv                    100c6a70     libucrtd:argv_data.obj
 0003:00001a74       ___wargv                   100c6a74     libucrtd:argv_data.obj
 0003:00001a78       __acmdln                   100c6a78     libucrtd:argv_data.obj
 0003:00001a7c       __wcmdln                   100c6a7c     libucrtd:argv_data.obj
 0003:00001a80       __pgmptr                   100c6a80     libucrtd:argv_data.obj
 0003:00001a84       __wpgmptr                  100c6a84     libucrtd:argv_data.obj
 0003:00001aa8       __pReportHookListW         100c6aa8     libucrtd:dbgrptt.obj
 0003:00001aac       __pfnReportHook            100c6aac     libucrtd:dbgrptt.obj
 0003:00001ab0       __pReportHookList          100c6ab0     libucrtd:dbgrptt.obj
 0003:00002224       __commode                  100c7224     libucrtd:ncommode.obj
 0003:00002228       ___acrt_lconv_static_null  100c7228     libucrtd:localeconv.obj
 0003:0000222c       ___acrt_lconv_static_W_null 100c722c     libucrtd:localeconv.obj
 0003:00002234       __umaskval                 100c7234     libucrtd:umask.obj
 0003:00002238       __fmode                    100c7238     libucrtd:txtmode.obj
 0003:0000223c       ___fastflag                100c723c     libucrtd:fp_flags.obj
 0003:00002244       ?g_OutOfMemoryExceptionCallback@@3P6GPAXXZA 100c7244     libvcruntimed:frame.obj
 0003:00002248       ___dyn_tls_init_callback   100c7248     <common>
 0003:00002254       ___scrt_ucrt_dll_is_in_use 100c7254     <common>
 0003:00002260       __pmatherr                 100c7260     <common>
 0003:0000226c       ___use_sse2_mathfcns       100c726c     <common>
 0004:00000000       __imp__SystemFunction036@8 100c8000     advapi32:ADVAPI32.dll
 0004:00000004       \177ADVAPI32_NULL_THUNK_DATA 100c8004     advapi32:ADVAPI32.dll
 0004:00000030       __imp__DecodePointer@4     100c8030     kernel32:KERNEL32.dll
 0004:00000034       __imp__EncodePointer@4     100c8034     kernel32:KERNEL32.dll
 0004:00000038       __imp__ReadConsoleW@20     100c8038     kernel32:KERNEL32.dll
 0004:0000003c       __imp__ReadFile@20         100c803c     kernel32:KERNEL32.dll
 0004:00000040       __imp__SetEndOfFile@4      100c8040     kernel32:KERNEL32.dll
 0004:00000044       __imp__SetFilePointerEx@20 100c8044     kernel32:KERNEL32.dll
 0004:00000048       __imp__CreateFileW@28      100c8048     kernel32:KERNEL32.dll
 0004:0000004c       __imp__FlushFileBuffers@4  100c804c     kernel32:KERNEL32.dll
 0004:00000050       __imp__SetStdHandle@8      100c8050     kernel32:KERNEL32.dll
 0004:00000054       __imp__GetStringTypeW@16   100c8054     kernel32:KERNEL32.dll
 0004:00000058       __imp__HeapQueryInformation@20 100c8058     kernel32:KERNEL32.dll
 0004:0000005c       __imp__HeapSize@12         100c805c     kernel32:KERNEL32.dll
 0004:00000060       __imp__HeapReAlloc@16      100c8060     kernel32:KERNEL32.dll
 0004:00000064       __imp__CreateThread@24     100c8064     kernel32:KERNEL32.dll
 0004:00000068       __imp__WaitForSingleObjectEx@12 100c8068     kernel32:KERNEL32.dll
 0004:0000006c       __imp__WriteConsoleW@20    100c806c     kernel32:KERNEL32.dll
 0004:00000070       __imp__OutputDebugStringW@4 100c8070     kernel32:KERNEL32.dll
 0004:00000074       __imp__OutputDebugStringA@4 100c8074     kernel32:KERNEL32.dll
 0004:00000078       __imp__SetConsoleCtrlHandler@8 100c8078     kernel32:KERNEL32.dll
 0004:0000007c       __imp__GetCommandLineW@0   100c807c     kernel32:KERNEL32.dll
 0004:00000080       __imp__GetCommandLineA@0   100c8080     kernel32:KERNEL32.dll
 0004:00000084       __imp__SetEnvironmentVariableW@8 100c8084     kernel32:KERNEL32.dll
 0004:00000088       __imp__SetEnvironmentVariableA@8 100c8088     kernel32:KERNEL32.dll
 0004:0000008c       __imp__FreeEnvironmentStringsW@4 100c808c     kernel32:KERNEL32.dll
 0004:00000090       __imp__GetEnvironmentStringsW@0 100c8090     kernel32:KERNEL32.dll
 0004:00000094       __imp__GetCPInfo@8         100c8094     kernel32:KERNEL32.dll
 0004:00000098       __imp__GetOEMCP@0          100c8098     kernel32:KERNEL32.dll
 0004:0000009c       __imp__IsValidCodePage@4   100c809c     kernel32:KERNEL32.dll
 0004:000000a0       __imp__EnumSystemLocalesW@8 100c80a0     kernel32:KERNEL32.dll
 0004:000000a4       __imp__IsProcessorFeaturePresent@4 100c80a4     kernel32:KERNEL32.dll
 0004:000000a8       __imp__IsDebuggerPresent@0 100c80a8     kernel32:KERNEL32.dll
 0004:000000ac       __imp__UnhandledExceptionFilter@4 100c80ac     kernel32:KERNEL32.dll
 0004:000000b0       __imp__SetUnhandledExceptionFilter@4 100c80b0     kernel32:KERNEL32.dll
 0004:000000b4       __imp__GetStartupInfoW@4   100c80b4     kernel32:KERNEL32.dll
 0004:000000b8       __imp__GetModuleHandleW@4  100c80b8     kernel32:KERNEL32.dll
 0004:000000bc       __imp__RaiseException@16   100c80bc     kernel32:KERNEL32.dll
 0004:000000c0       __imp__MultiByteToWideChar@24 100c80c0     kernel32:KERNEL32.dll
 0004:000000c4       __imp__WideCharToMultiByte@32 100c80c4     kernel32:KERNEL32.dll
 0004:000000c8       __imp__GetCurrentProcess@0 100c80c8     kernel32:KERNEL32.dll
 0004:000000cc       __imp__TerminateProcess@8  100c80cc     kernel32:KERNEL32.dll
 0004:000000d0       __imp__QueryPerformanceCounter@4 100c80d0     kernel32:KERNEL32.dll
 0004:000000d4       __imp__GetCurrentProcessId@0 100c80d4     kernel32:KERNEL32.dll
 0004:000000d8       __imp__GetCurrentThreadId@0 100c80d8     kernel32:KERNEL32.dll
 0004:000000dc       __imp__GetSystemTimeAsFileTime@4 100c80dc     kernel32:KERNEL32.dll
 0004:000000e0       __imp__InitializeSListHead@4 100c80e0     kernel32:KERNEL32.dll
 0004:000000e4       __imp__GetLastError@0      100c80e4     kernel32:KERNEL32.dll
 0004:000000e8       __imp__HeapAlloc@12        100c80e8     kernel32:KERNEL32.dll
 0004:000000ec       __imp__HeapFree@12         100c80ec     kernel32:KERNEL32.dll
 0004:000000f0       __imp__GetProcessHeap@0    100c80f0     kernel32:KERNEL32.dll
 0004:000000f4       __imp__VirtualQuery@12     100c80f4     kernel32:KERNEL32.dll
 0004:000000f8       __imp__FreeLibrary@4       100c80f8     kernel32:KERNEL32.dll
 0004:000000fc       __imp__GetProcAddress@8    100c80fc     kernel32:KERNEL32.dll
 0004:00000100       __imp__GetModuleFileNameW@12 100c8100     kernel32:KERNEL32.dll
 0004:00000104       __imp__InterlockedPushEntrySList@8 100c8104     kernel32:KERNEL32.dll
 0004:00000108       __imp__InterlockedFlushSList@4 100c8108     kernel32:KERNEL32.dll
 0004:0000010c       __imp__LoadLibraryExW@12   100c810c     kernel32:KERNEL32.dll
 0004:00000110       __imp__SetLastError@4      100c8110     kernel32:KERNEL32.dll
 0004:00000114       __imp__EnterCriticalSection@4 100c8114     kernel32:KERNEL32.dll
 0004:00000118       __imp__LeaveCriticalSection@4 100c8118     kernel32:KERNEL32.dll
 0004:0000011c       __imp__DeleteCriticalSection@4 100c811c     kernel32:KERNEL32.dll
 0004:00000120       __imp__InitializeCriticalSectionAndSpinCount@8 100c8120     kernel32:KERNEL32.dll
 0004:00000124       __imp__TlsAlloc@0          100c8124     kernel32:KERNEL32.dll
 0004:00000128       __imp__TlsGetValue@4       100c8128     kernel32:KERNEL32.dll
 0004:0000012c       __imp__TlsSetValue@8       100c812c     kernel32:KERNEL32.dll
 0004:00000130       __imp__TlsFree@4           100c8130     kernel32:KERNEL32.dll
 0004:00000134       __imp__RtlUnwind@16        100c8134     kernel32:KERNEL32.dll
 0004:00000138       __imp__ExitProcess@4       100c8138     kernel32:KERNEL32.dll
 0004:0000013c       __imp__GetModuleHandleExW@12 100c813c     kernel32:KERNEL32.dll
 0004:00000140       __imp__GetModuleFileNameA@12 100c8140     kernel32:KERNEL32.dll
 0004:00000144       __imp__HeapValidate@12     100c8144     kernel32:KERNEL32.dll
 0004:00000148       __imp__GetSystemInfo@4     100c8148     kernel32:KERNEL32.dll
 0004:0000014c       __imp__CloseHandle@4       100c814c     kernel32:KERNEL32.dll
 0004:00000150       __imp__WriteFile@20        100c8150     kernel32:KERNEL32.dll
 0004:00000154       __imp__GetConsoleCP@0      100c8154     kernel32:KERNEL32.dll
 0004:00000158       __imp__GetConsoleMode@8    100c8158     kernel32:KERNEL32.dll
 0004:0000015c       __imp__GetCurrentThread@0  100c815c     kernel32:KERNEL32.dll
 0004:00000160       __imp__GetACP@0            100c8160     kernel32:KERNEL32.dll
 0004:00000164       __imp__GetStdHandle@4      100c8164     kernel32:KERNEL32.dll
 0004:00000168       __imp__GetFileType@4       100c8168     kernel32:KERNEL32.dll
 0004:0000016c       __imp__GetDateFormatW@24   100c816c     kernel32:KERNEL32.dll
 0004:00000170       __imp__GetTimeFormatW@24   100c8170     kernel32:KERNEL32.dll
 0004:00000174       __imp__CompareStringW@24   100c8174     kernel32:KERNEL32.dll
 0004:00000178       __imp__LCMapStringW@24     100c8178     kernel32:KERNEL32.dll
 0004:0000017c       __imp__GetLocaleInfoW@16   100c817c     kernel32:KERNEL32.dll
 0004:00000180       __imp__IsValidLocale@8     100c8180     kernel32:KERNEL32.dll
 0004:00000184       __imp__GetUserDefaultLCID@0 100c8184     kernel32:KERNEL32.dll
 0004:00000188       \177KERNEL32_NULL_THUNK_DATA 100c8188     kernel32:KERNEL32.dll
 0004:000001f8       __imp_?WriteHeapStatsChunk@OutputStream@v8@@UAE?AW4WriteResult@12@PAUHeapStatsUpdate@2@H@Z 100c81f8     node:node.exe
 0004:000001fc       __imp__uv_hrtime           100c81fc     node:node.exe
 0004:00000200       __imp_?TakeHeapSnapshot@HeapProfiler@v8@@QAEPBVHeapSnapshot@2@PAVActivityControl@2@PAVObjectNameResolver@12@@Z 100c8200     node:node.exe
 0004:00000204       __imp_?Serialize@HeapSnapshot@v8@@QBEXPAVOutputStream@2@W4SerializationFormat@12@@Z 100c8204     node:node.exe
 0004:00000208       __imp_?Delete@HeapSnapshot@v8@@QAEXXZ 100c8208     node:node.exe
 0004:0000020c       __imp_??0OutputStream@v8@@QAE@XZ 100c820c     node:node.exe
 0004:00000210       __imp_??1OutputStream@v8@@UAE@XZ 100c8210     node:node.exe
 0004:00000214       __imp__node_module_register 100c8214     node:node.exe
 0004:00000218       __imp_?MakeCallback@node@@YA?AV?$Local@VValue@v8@@@v8@@PAVIsolate@3@V?$Local@VObject@v8@@@3@V?$Local@VFunction@v8@@@3@HPAV23@@Z 100c8218     node:node.exe
 0004:0000021c       __imp_?Global@Context@v8@@QAE?AV?$Local@VObject@v8@@@2@XZ 100c821c     node:node.exe
 0004:00000220       __imp_?DisposeGlobal@V8@v8@@CAXPAPAVObject@internal@2@@Z 100c8220     node:node.exe
 0004:00000224       __imp_?GlobalizeReference@V8@v8@@CAPAPAVObject@internal@2@PAVIsolate@42@PAPAV342@@Z 100c8224     node:node.exe
 0004:00000228       __imp_?GetCurrentContext@Isolate@v8@@QAE?AV?$Local@VContext@v8@@@2@XZ 100c8228     node:node.exe
 0004:0000022c       __imp_?GetHeapProfiler@Isolate@v8@@QAEPAVHeapProfiler@2@XZ 100c822c     node:node.exe
 0004:00000230       __imp_?GetCurrent@Isolate@v8@@SAPAV12@XZ 100c8230     node:node.exe
 0004:00000234       __imp_?GetFunction@FunctionTemplate@v8@@QAE?AV?$Local@VFunction@v8@@@2@XZ 100c8234     node:node.exe
 0004:00000238       __imp_?New@FunctionTemplate@v8@@SA?AV?$Local@VFunctionTemplate@v8@@@2@PAVIsolate@2@P6AXABV?$FunctionCallbackInfo@VValue@v8@@@2@@ZV?$Local@VValue@v8@@@2@V?$Local@VSignature@v8@@@2@H@Z 100c8238     node:node.exe
 0004:0000023c       __imp_?Cast@Function@v8@@SAPAV12@PAVValue@2@@Z 100c823c     node:node.exe
 0004:00000240       __imp_?Set@Object@v8@@QAE_NV?$Local@VValue@v8@@@2@0@Z 100c8240     node:node.exe
 0004:00000244       __imp_?New@Integer@v8@@SA?AV?$Local@VInteger@v8@@@2@PAVIsolate@2@H@Z 100c8244     node:node.exe
 0004:00000248       __imp_??DUtf8Value@String@v8@@QAEPADXZ 100c8248     node:node.exe
 0004:0000024c       __imp_??1Utf8Value@String@v8@@QAE@XZ 100c824c     node:node.exe
 0004:00000250       __imp_??0Utf8Value@String@v8@@QAE@V?$Local@VValue@v8@@@2@@Z 100c8250     node:node.exe
 0004:00000254       __imp_?NewFromUtf8@String@v8@@SA?AV?$Local@VString@v8@@@2@PAVIsolate@2@PBDW4NewStringType@12@H@Z 100c8254     node:node.exe
 0004:00000258       __imp_?New@Boolean@v8@@SA?AV?$Local@VBoolean@v8@@@2@PAVIsolate@2@_N@Z 100c8258     node:node.exe
 0004:0000025c       __imp_?Int32Value@Value@v8@@QBEHXZ 100c825c     node:node.exe
 0004:00000260       __imp_?IsFunction@Value@v8@@QBE_NXZ 100c8260     node:node.exe
 0004:00000264       __imp_?IsString@Value@v8@@QBE_NXZ 100c8264     node:node.exe
 0004:00000268       __imp_?CreateHandle@HandleScope@v8@@KAPAPAVObject@internal@2@PAVIsolate@42@PAV342@@Z 100c8268     node:node.exe
 0004:0000026c       __imp_??1HandleScope@v8@@QAE@XZ 100c826c     node:node.exe
 0004:00000270       __imp_??0HandleScope@v8@@QAE@PAVIsolate@1@@Z 100c8270     node:node.exe
 0004:00000274       \177node_NULL_THUNK_DATA   100c8274     node:node.exe
 0004:000002b8       __IMPORT_DESCRIPTOR_node   100c82b8     node:node.exe
 0004:000002cc       __IMPORT_DESCRIPTOR_KERNEL32 100c82cc     kernel32:KERNEL32.dll
 0004:000002e0       __IMPORT_DESCRIPTOR_ADVAPI32 100c82e0     advapi32:ADVAPI32.dll
 0004:000002f4       __NULL_IMPORT_DESCRIPTOR   100c82f4     node:node.exe
 0006:00000000       ___guard_check_icall_fptr  100cb000     LIBCMTD:guard_support.obj

 Exports

  ordinal    name

        1    __register_addon_
               exported name: _register_addon_
