 addon

 Timestamp is 5762fb37 (Thu Jun 16 12:17:11 2016)

 Preferred load address is 10000000

 Start         Length     Name                   Class
 0001:00000000 0000025fH .text                   CODE
 0001:00000260 00000016H .text$di                CODE
 0001:00000280 00011318H .text$mn                CODE
 0001:000115a0 00000001H .text$yd                CODE
 0002:00000000 00000178H .idata$5                DATA
 0002:00000178 00000004H .00cfg                  DATA
 0002:0000017c 00000004H .CRT$XCA                DATA
 0002:00000180 00000008H .CRT$XCU                DATA
 0002:00000188 00000004H .CRT$XCZ                DATA
 0002:0000018c 00000004H .CRT$XIA                DATA
 0002:00000190 0000000cH .CRT$XIC                DATA
 0002:0000019c 00000004H .CRT$XIZ                DATA
 0002:000001a0 00000004H .CRT$XPA                DATA
 0002:000001a4 00000008H .CRT$XPX                DATA
 0002:000001ac 00000004H .CRT$XPXA               DATA
 0002:000001b0 00000004H .CRT$XPZ                DATA
 0002:000001b4 00000004H .CRT$XTA                DATA
 0002:000001b8 00000004H .CRT$XTZ                DATA
 0002:000001c0 000054e4H .rdata                  DATA
 0002:000056a4 00000000H .rdata$r                DATA
 0002:000056b0 0000000cH .rdata$sxdata           DATA
 0002:000056c0 00000010H .rdata$zETW0            DATA
 0002:000056d0 00000077H .rdata$zETW1            DATA
 0002:00005747 0000002cH .rdata$zETW2            DATA
 0002:00005773 00000001H .rdata$zETW9            DATA
 0002:00005774 000003b4H .rdata$zzzdbg           DATA
 0002:00005b28 00000004H .rtc$IAA                DATA
 0002:00005b2c 00000004H .rtc$IZZ                DATA
 0002:00005b30 00000004H .rtc$TAA                DATA
 0002:00005b34 00000004H .rtc$TZZ                DATA
 0002:00005b38 0000044cH .xdata$x                DATA
 0002:00005f90 0000004eH .edata                  DATA
 0002:00005fe0 0000003cH .idata$2                DATA
 0002:0000601c 00000014H .idata$3                DATA
 0002:00006030 00000178H .idata$4                DATA
 0002:000061a8 00000b22H .idata$6                DATA
 0003:00000000 00000900H .data                   DATA
 0003:00000900 00000000H .data$r                 DATA
 0003:00000900 00000920H .bss                    DATA
 0004:00000000 00000088H .gfids$x                DATA
 0004:00000088 0000001cH .gfids$y                DATA
 0005:00000000 00000058H .rsrc$01                DATA
 0005:00000060 00000180H .rsrc$02                DATA

  Address         Publics by Value              Rva+Base       Lib:Object

 0000:00000000       ___guard_fids_count        00000000     <absolute>
 0000:00000000       ___guard_longjmp_count     00000000     <absolute>
 0000:00000000       __except_list              00000000     <absolute>
 0000:00000000       ___guard_longjmp_table     00000000     <absolute>
 0000:00000000       ___guard_iat_table         00000000     <absolute>
 0000:00000000       ___guard_iat_count         00000000     <absolute>
 0000:00000000       ___guard_fids_table        00000000     <absolute>
 0000:00000003       ___safe_se_handler_count   00000003     <absolute>
 0000:00000100       ___guard_flags             00000100     <absolute>
 0000:00000000       ___ImageBase               10000000     <linker-defined>
 0001:00000000       ?TraceLoggingRegister@__vcrt_trace_logging_provider@@YAJPBU_TlgProvider_t@1@PBU_GUID@@P6GX1KE_K2PAU_EVENT_FILTER_DESCRIPTOR@@PAX@Z4@Z 10001000 f i libvcruntime:telemetry.obj
 0001:0000005d       ?TraceLoggingSetInformation@__vcrt_trace_logging_provider@@YAJPBU_TlgProvider_t@1@W4_EVENT_INFO_CLASS@@PAXK@Z 1000105d f i libvcruntime:telemetry.obj
 0001:00000088       ?TraceLoggingUnregister@__vcrt_trace_logging_provider@@YAXPBU_TlgProvider_t@1@@Z 10001088 f i libvcruntime:telemetry.obj
 0001:000000a7       ?_TlgCreateSz@__vcrt_trace_logging_provider@@YAXPAU_EVENT_DATA_DESCRIPTOR@@PBD@Z 100010a7 f i libvcruntime:telemetry.obj
 0001:000000df       ?_TlgCreateWsz@__vcrt_trace_logging_provider@@YAXPAU_EVENT_DATA_DESCRIPTOR@@PB_W@Z 100010df f i libvcruntime:telemetry.obj
 0001:00000123       ?_TlgEnableCallback@__vcrt_trace_logging_provider@@YGXPBU_GUID@@KE_K1PAU_EVENT_FILTER_DESCRIPTOR@@PAX@Z 10001123 f i libvcruntime:telemetry.obj
 0001:0000019b       ?_TlgKeywordOn@__vcrt_trace_logging_provider@@YAEPBU_TlgProvider_t@1@_K@Z 1000119b f i libvcruntime:telemetry.obj
 0001:000001d7       ?_TlgWrite@__vcrt_trace_logging_provider@@YAJPBU_TlgProvider_t@1@PBXPBU_GUID@@2IPAU_EVENT_DATA_DESCRIPTOR@@@Z 100011d7 f i libvcruntime:telemetry.obj
 0001:00000280       ___local_stdio_printf_options 10001280 f i heapdump.obj
 0001:00000380       ___except_validate_jump_buffer 10001380 f   libvcruntime:jbcxrval.obj
 0001:00000380       ___except_validate_context_record 10001380 f   libvcruntime:jbcxrval.obj
 0001:00000380       @_guard_check_icall_nop@4  10001380 f   LIBCMT:guard_support.obj
 0001:000003f0       ??_EFileOutputStream@?A0x99f6e266@@UAEPAXI@Z 100013f0 f i * CIL library *:* CIL module *
 0001:000003f0       ??_GFileOutputStream@?A0x99f6e266@@UAEPAXI@Z 100013f0 f i heapdump.obj
 0001:0000081e       ?WriteHeapStatsChunk@OutputStream@v8@@UAE?AW4WriteResult@12@PAUHeapStatsUpdate@2@H@Z 1000181e f   node:node.exe
 0001:00000824       @__security_check_cookie@4 10001824 f   LIBCMT:_secchk_.obj
 0001:00000835       ??$__crt_fast_encode_pointer@PAP6AXXZ@@YAPAP6AXXZQAP6AXXZ@Z 10001835 f i LIBCMT:utility.obj
 0001:00000835       ??$__crt_fast_encode_pointer@PAX@@YAPAXQAX@Z 10001835 f i libvcruntime:winapi_downlevel.obj
 0001:00000896       ___scrt_acquire_startup_lock 10001896 f   LIBCMT:utility.obj
 0001:000008cb       ___scrt_dllmain_after_initialize_c 100018cb f   LIBCMT:utility.obj
 0001:000008e3       ___scrt_dllmain_before_initialize_c 100018e3 f   LIBCMT:utility.obj
 0001:000008f1       ___scrt_dllmain_crt_thread_attach 100018f1 f   LIBCMT:utility.obj
 0001:00000910       ___scrt_dllmain_crt_thread_detach 10001910 f   LIBCMT:utility.obj
 0001:0000091d       ___scrt_dllmain_exception_filter 1000191d f   LIBCMT:utility.obj
 0001:00000950       ___scrt_dllmain_uninitialize_c 10001950 f   LIBCMT:utility.obj
 0001:00000973       ___scrt_dllmain_uninitialize_critical 10001973 f   LIBCMT:utility.obj
 0001:00000980       ___scrt_initialize_crt     10001980 f   LIBCMT:utility.obj
 0001:000009b9       ___scrt_initialize_onexit_tables 100019b9 f   LIBCMT:utility.obj
 0001:00000a50       ___scrt_is_nonwritable_in_current_image 10001a50 f   LIBCMT:utility.obj
 0001:00000add       ___scrt_release_startup_lock 10001add f   LIBCMT:utility.obj
 0001:00000afa       ___scrt_uninitialize_crt   10001afa f   LIBCMT:utility.obj
 0001:00000b22       __onexit                   10001b22 f   LIBCMT:utility.obj
 0001:00000b5d       _atexit                    10001b5d f   LIBCMT:utility.obj
 0001:00000b72       ??3@YAXPAXI@Z              10001b72 f   LIBCMT:delete_scalar_size.obj
 0001:00000e95       __DllMainCRTStartup@12     10001e95 f   LIBCMT:dll_dllmain.obj
 0001:00000eb8       ___raise_securityfailure   10001eb8 f   LIBCMT:gs_report.obj
 0001:00000ee0       ___report_gsfailure        10001ee0 f   LIBCMT:gs_report.obj
 0001:00000fdb       ___isa_available_init      10001fdb f   LIBCMT:_cpu_disp_.obj
 0001:0000117c       ___scrt_is_ucrt_dll_in_use 1000217c f   LIBCMT:ucrt_detection.obj
 0001:00001188       ___scrt_fastfail           10002188 f   LIBCMT:utility_desktop.obj
 0001:000012a3       __crt_debugger_hook        100022a3 f   LIBCMT:utility_desktop.obj
 0001:000012ab       @_guard_check_icall@4      100022ab f i LIBCMT:checkcfg.obj
 0001:000012c0       __SEH_prolog4              100022c0 f   LIBCMT:_sehprolg4_.obj
 0001:00001306       __SEH_epilog4              10002306 f   LIBCMT:_sehprolg4_.obj
 0001:0000131b       ??3@YAXPAX@Z               1000231b f   LIBCMT:delete_scalar.obj
 0001:00001320       ___security_init_cookie    10002320 f   LIBCMT:gs_support.obj
 0001:000013bc       _DllMain@12                100023bc f   LIBCMT:dll_dllmain_stub.obj
 0001:000013c2       ?__scrt_initialize_type_info@@YAXXZ 100023c2 f   LIBCMT:tncleanup.obj
 0001:000013ce       ?__scrt_uninitialize_type_info@@YAXXZ 100023ce f   LIBCMT:tncleanup.obj
 0001:000013da       ___local_stdio_scanf_options 100023da f i LIBCMT:default_local_stdio_options.obj
 0001:000013e0       ___scrt_initialize_default_local_stdio_options 100023e0 f   LIBCMT:default_local_stdio_options.obj
 0001:000013fd       ___scrt_get_dyn_tls_init_callback 100023fd f   LIBCMT:dyn_tls_init.obj
 0001:00001403       __RTC_Initialize           10002403 f   LIBCMT:_initsect_.obj
 0001:0000142e       __RTC_Terminate            1000242e f   LIBCMT:_initsect_.obj
 0001:00001459       ___vcrt_initialize         10002459 f   libvcruntime:initialization.obj
 0001:00001487       ___vcrt_thread_attach      10002487 f   libvcruntime:initialization.obj
 0001:00001492       ___vcrt_thread_detach      10002492 f   libvcruntime:initialization.obj
 0001:0000149d       ___vcrt_uninitialize       1000249d f   libvcruntime:initialization.obj
 0001:000014c1       ___vcrt_uninitialize_critical 100024c1 f   libvcruntime:initialization.obj
 0001:00001510       __except_handler4          10002510 f   libvcruntime:_chandler4_.obj
 0001:000016a4       ___telemetry_main_invoke_trigger 100026a4 f   libvcruntime:telemetry.obj
 0001:00001740       ___telemetry_main_return_trigger 10002740 f   libvcruntime:telemetry.obj
 0001:000017dc       ___vcrt_initialize_telemetry_provider 100027dc f   libvcruntime:telemetry.obj
 0001:000017ef       ___vcrt_uninitialize_telemetry_provider 100027ef f   libvcruntime:telemetry.obj
 0001:00001800       _memset                    10002800 f   libvcruntime:memset.obj
 0001:0000195a       ___std_type_info_destroy_list 1000295a f   libvcruntime:std_type_info.obj
 0001:0000197d       ___vcrt_freefls@4          1000297d f   libvcruntime:per_thread_data.obj
 0001:00001999       ___vcrt_freeptd            10002999 f   libvcruntime:per_thread_data.obj
 0001:000019cf       ___vcrt_getptd_noexit      100029cf f   libvcruntime:per_thread_data.obj
 0001:00001a47       ___vcrt_initialize_ptd     10002a47 f   libvcruntime:per_thread_data.obj
 0001:00001a7a       ___vcrt_uninitialize_ptd   10002a7a f   libvcruntime:per_thread_data.obj
 0001:00001a95       ___vcrt_initialize_locks   10002a95 f   libvcruntime:locks.obj
 0001:00001ad1       ___vcrt_uninitialize_locks 10002ad1 f   libvcruntime:locks.obj
 0001:00001c21       ___vcrt_EventRegister      10002c21 f   libvcruntime:winapi_downlevel.obj
 0001:00001c61       ___vcrt_EventSetInformation 10002c61 f   libvcruntime:winapi_downlevel.obj
 0001:00001ca4       ___vcrt_EventUnregister    10002ca4 f   libvcruntime:winapi_downlevel.obj
 0001:00001cde       ___vcrt_EventWriteTransfer 10002cde f   libvcruntime:winapi_downlevel.obj
 0001:00001d27       ___vcrt_FlsAlloc           10002d27 f   libvcruntime:winapi_downlevel.obj
 0001:00001d61       ___vcrt_FlsFree            10002d61 f   libvcruntime:winapi_downlevel.obj
 0001:00001d9b       ___vcrt_FlsGetValue        10002d9b f   libvcruntime:winapi_downlevel.obj
 0001:00001dd5       ___vcrt_FlsSetValue        10002dd5 f   libvcruntime:winapi_downlevel.obj
 0001:00001e12       ___vcrt_InitializeCriticalSectionEx 10002e12 f   libvcruntime:winapi_downlevel.obj
 0001:00001e58       ___vcrt_initialize_winapi_thunks 10002e58 f   libvcruntime:winapi_downlevel.obj
 0001:00001e7c       ___vcrt_uninitialize_winapi_thunks 10002e7c f   libvcruntime:winapi_downlevel.obj
 0001:00001eae       ___vcrt_initialize_pure_virtual_call_handler 10002eae f   libvcruntime:purevirt_data.obj
 0001:00001ed0       __local_unwind4            10002ed0 f   libvcruntime:_exsup4_.obj
 0001:00001fa6       __seh_longjmp_unwind4@4    10002fa6 f   libvcruntime:_exsup4_.obj
 0001:00001fce       @_EH4_CallFilterFunc@8     10002fce f   libvcruntime:_exsup4_.obj
 0001:00001fe5       @_EH4_TransferToHandler@8  10002fe5 f   libvcruntime:_exsup4_.obj
 0001:00001ffe       @_EH4_GlobalUnwind2@8      10002ffe f   libvcruntime:_exsup4_.obj
 0001:00002017       @_EH4_LocalUnwind@16       10003017 f   libvcruntime:_exsup4_.obj
 0001:00002030       __global_unwind2           10003030 f   libvcruntime:_exsup_.obj
 0001:00002095       __local_unwind2            10003095 f   libvcruntime:_exsup_.obj
 0001:00002119       __abnormal_termination     10003119 f   libvcruntime:_exsup_.obj
 0001:0000213c       __NLG_Notify1              1000313c f   libvcruntime:_exsup_.obj
 0001:00002145       __NLG_Notify               10003145 f   libvcruntime:_exsup_.obj
 0001:0000215c       __NLG_Dispatch             1000315c     libvcruntime:_exsup_.obj
 0001:0000215c       __NLG_Dispatch2            1000315c     libvcruntime:_exsup_.obj
 0001:00002164       __NLG_Call                 10003164 f   libvcruntime:_exsup_.obj
 0001:00002166       __NLG_Return2              10003166     libvcruntime:_exsup_.obj
 0001:00002167       _feof                      10003167 f   libucrt:feoferr.obj
 0001:00002192       _ferror                    10003192 f   libucrt:feoferr.obj
 0001:0000227e       _fopen                     1000327e f   libucrt:fopen.obj
 0001:00002295       __fclose_nolock            10003295 f   libucrt:fclose.obj
 0001:0000230b       _fclose                    1000330b f   libucrt:fclose.obj
 0001:0000238b       ??$?0ABV?$string_output_adapter@D@__crt_stdio_output@@AB_KABQBDABQAU__crt_locale_pointers@@ABQAD@?$positional_parameter_base@DV?$string_output_adapter@D@__crt_stdio_output@@@__crt_stdio_output@@IAE@ABV?$string_output_adapter@D@1@AB_KABQBDABQAU__crt_locale_pointers@@ABQAD@Z 1000338b f i libucrt:output.obj
 0001:000023d3       ??$?0ABV?$string_output_adapter@D@__crt_stdio_output@@AB_KABQBDABQAU__crt_locale_pointers@@ABQAD@?$standard_base@DV?$string_output_adapter@D@__crt_stdio_output@@@__crt_stdio_output@@IAE@ABV?$string_output_adapter@D@1@AB_KABQBDABQAU__crt_locale_pointers@@ABQAD@Z 100033d3 f i libucrt:output.obj
 0001:000025c5       ??$count@D@formatting_buffer@__crt_stdio_output@@QBEIXZ 100035c5 f i libucrt:output.obj
 0001:000025dd       ??$ensure_buffer_is_big_enough@D@formatting_buffer@__crt_stdio_output@@QAE_NI@Z 100035dd f i libucrt:output.obj
 0001:00002663       ??$extract_argument_from_va_list@C_J@?$positional_parameter_base@DV?$string_output_adapter@D@__crt_stdio_output@@@__crt_stdio_output@@IAE_NAA_J@Z 10003663 f i libucrt:output.obj
 0001:000026e2       ??$extract_argument_from_va_list@E_J@?$positional_parameter_base@DV?$string_output_adapter@D@__crt_stdio_output@@@__crt_stdio_output@@IAE_NAA_J@Z 100036e2 f i libucrt:output.obj
 0001:00002761       ??$extract_argument_from_va_list@F_J@?$positional_parameter_base@DV?$string_output_adapter@D@__crt_stdio_output@@@__crt_stdio_output@@IAE_NAA_J@Z 10003761 f i libucrt:output.obj
 0001:000027e0       ??$extract_argument_from_va_list@GD@?$positional_parameter_base@DV?$string_output_adapter@D@__crt_stdio_output@@@__crt_stdio_output@@IAE_NAAD@Z 100037e0 f i libucrt:output.obj
 0001:0000285e       ??$extract_argument_from_va_list@G_J@?$positional_parameter_base@DV?$string_output_adapter@D@__crt_stdio_output@@@__crt_stdio_output@@IAE_NAA_J@Z 1000385e f i libucrt:output.obj
 0001:000028dd       ??$extract_argument_from_va_list@H_J@?$positional_parameter_base@DV?$string_output_adapter@D@__crt_stdio_output@@@__crt_stdio_output@@IAE_NAA_J@Z 100038dd f i libucrt:output.obj
 0001:0000295a       ??$extract_argument_from_va_list@I_J@?$positional_parameter_base@DV?$string_output_adapter@D@__crt_stdio_output@@@__crt_stdio_output@@IAE_NAA_J@Z 1000395a f i libucrt:output.obj
 0001:000029e0       ??$extract_argument_from_va_list@PAXPAX@?$positional_parameter_base@DV?$string_output_adapter@D@__crt_stdio_output@@@__crt_stdio_output@@IAE_NAAPAX@Z 100039e0 f i libucrt:output.obj
 0001:000029e0       ??$extract_argument_from_va_list@PADPAD@?$positional_parameter_base@DV?$string_output_adapter@D@__crt_stdio_output@@@__crt_stdio_output@@IAE_NAAPAD@Z 100039e0 f i libucrt:output.obj
 0001:000029e0       ??$extract_argument_from_va_list@PAUansi_string@?1??type_case_Z@?$output_processor@DV?$string_output_adapter@D@__crt_stdio_output@@V?$positional_parameter_base@DV?$string_output_adapter@D@__crt_stdio_output@@@2@@__crt_stdio_output@@AAE_NXZ@PAU1?1??234@AAE_NXZ@@?$positional_parameter_base@DV?$string_output_adapter@D@__crt_stdio_output@@@__crt_stdio_output@@IAE_NAAPAUansi_string@?1??type_case_Z@?$output_processor@DV?$string_output_adapter@D@__crt_stdio_output@@V?$positional_parameter_base@DV?$string_output_adapter@D@__crt_stdio_output@@@2@@1@AAE_NXZ@@Z 100039e0 f i libucrt:output.obj
 0001:00002a5e       ??$extract_argument_from_va_list@U_CRT_DOUBLE@@U1@@?$positional_parameter_base@DV?$string_output_adapter@D@__crt_stdio_output@@@__crt_stdio_output@@IAE_NAAU_CRT_DOUBLE@@@Z 10003a5e f i libucrt:output.obj
 0001:00002aec       ??$extract_argument_from_va_list@_J_J@?$positional_parameter_base@DV?$string_output_adapter@D@__crt_stdio_output@@@__crt_stdio_output@@IAE_NAA_J@Z 10003aec f i libucrt:output.obj
 0001:00002aec       ??$extract_argument_from_va_list@_K_J@?$positional_parameter_base@DV?$string_output_adapter@D@__crt_stdio_output@@@__crt_stdio_output@@IAE_NAA_J@Z 10003aec f i libucrt:output.obj
 0001:00002b7a       ??$extract_argument_from_va_list@_W_W@?$positional_parameter_base@DV?$string_output_adapter@D@__crt_stdio_output@@@__crt_stdio_output@@IAE_NAA_W@Z 10003b7a f i libucrt:output.obj
 0001:00002bfc       ??$is_integral_specifier@D@?$positional_parameter_base@DV?$string_output_adapter@D@__crt_stdio_output@@@__crt_stdio_output@@CA_ND@Z 10003bfc f i libucrt:output.obj
 0001:00002c29       ??$is_wide_character_specifier@D@__crt_stdio_output@@YA_N_KDW4length_modifier@0@@Z 10003c29 f i libucrt:output.obj
 0001:00002c69       ??$scratch_data@D@formatting_buffer@__crt_stdio_output@@QAEPADXZ 10003c69 f i libucrt:output.obj
 0001:00002c87       ??$type_case_integer_parse_into_buffer@I@?$output_processor@DV?$string_output_adapter@D@__crt_stdio_output@@V?$positional_parameter_base@DV?$string_output_adapter@D@__crt_stdio_output@@@2@@__crt_stdio_output@@AAEXII_N@Z 10003c87 f i libucrt:output.obj
 0001:00002cfc       ??$type_case_integer_parse_into_buffer@_K@?$output_processor@DV?$string_output_adapter@D@__crt_stdio_output@@V?$positional_parameter_base@DV?$string_output_adapter@D@__crt_stdio_output@@@2@@__crt_stdio_output@@AAEX_KI_N@Z 10003cfc f i libucrt:output.obj
 0001:00002d84       ??$write_multiple_characters@V?$string_output_adapter@D@__crt_stdio_output@@D@__crt_stdio_output@@YAXABV?$string_output_adapter@D@0@DHQAH@Z 10003d84 f i libucrt:output.obj
 0001:00002db0       ??0?$common_data@D@__crt_stdio_output@@IAE@XZ 10003db0 f i libucrt:output.obj
 0001:00002df7       ??0?$output_adapter_data@DV?$string_output_adapter@D@__crt_stdio_output@@@__crt_stdio_output@@IAE@ABV?$string_output_adapter@D@1@_KQBDQAU__crt_locale_pointers@@QAD@Z 10003df7 f i libucrt:output.obj
 0001:00002e33       ??0_LocaleUpdate@@QAE@QAU__crt_locale_pointers@@@Z 10003e33 f i libucrt:output.obj
 0001:00002eb6       ??1formatting_buffer@__crt_stdio_output@@QAE@XZ 10003eb6 f i libucrt:output.obj
 0001:00002ed0       ??4?$__crt_unique_heap_ptr@DU__crt_internal_free_policy@@@@QAEAAV0@$$QAV0@@Z 10003ed0 f i libucrt:output.obj
 0001:00002ef4       ?advance_to_next_pass@?$positional_parameter_base@DV?$string_output_adapter@D@__crt_stdio_output@@@__crt_stdio_output@@IAE_NXZ 10003ef4 f i libucrt:output.obj
 0001:00002f40       ?crop_zeroes@__crt_stdio_output@@YAXPADQAU__crt_locale_pointers@@@Z 10003f40 f i libucrt:output.obj
 0001:00002f97       ?find_next_state@?$output_processor@DV?$string_output_adapter@D@__crt_stdio_output@@V?$positional_parameter_base@DV?$string_output_adapter@D@__crt_stdio_output@@@2@@__crt_stdio_output@@ABE?AW4state@2@DW432@@Z 10003f97 f i libucrt:output.obj
 0001:00002fcc       ?force_decimal_point@__crt_stdio_output@@YAXPADQAU__crt_locale_pointers@@@Z 10003fcc f i libucrt:output.obj
 0001:00003028       ?is_positional_parameter_reappearance_consistent@?$positional_parameter_base@DV?$string_output_adapter@D@__crt_stdio_output@@@__crt_stdio_output@@AAE_NABUparameter_data@12@W4parameter_type@12@DW4length_modifier@2@@Z 10004028 f i libucrt:output.obj
 0001:00003156       ?parse_int_from_format_string@?$output_processor@DV?$string_output_adapter@D@__crt_stdio_output@@V?$positional_parameter_base@DV?$string_output_adapter@D@__crt_stdio_output@@@2@@__crt_stdio_output@@AAE_NQAH@Z 10004156 f i libucrt:output.obj
 0001:000031b2       ?process@?$output_processor@DV?$string_output_adapter@D@__crt_stdio_output@@V?$positional_parameter_base@DV?$string_output_adapter@D@__crt_stdio_output@@@2@@__crt_stdio_output@@QAEHXZ 100041b2 f i libucrt:output.obj
 0001:0000330e       ?should_format@?$positional_parameter_base@DV?$string_output_adapter@D@__crt_stdio_output@@@__crt_stdio_output@@IAE_NXZ 1000430e f i libucrt:output.obj
 0001:00003324       ?should_skip_normal_state_processing@?$positional_parameter_base@DV?$string_output_adapter@D@__crt_stdio_output@@@__crt_stdio_output@@IAE_NXZ 10004324 f i libucrt:output.obj
 0001:0000334c       ?should_skip_type_state_output@?$positional_parameter_base@DV?$string_output_adapter@D@__crt_stdio_output@@@__crt_stdio_output@@IBE_NXZ 1000434c f i libucrt:output.obj
 0001:00003363       ?state_case_flag@?$output_processor@DV?$string_output_adapter@D@__crt_stdio_output@@V?$positional_parameter_base@DV?$string_output_adapter@D@__crt_stdio_output@@@2@@__crt_stdio_output@@AAE_NXZ 10004363 f i libucrt:output.obj
 0001:000033a0       ?state_case_normal@?$output_processor@DV?$string_output_adapter@D@__crt_stdio_output@@V?$positional_parameter_base@DV?$string_output_adapter@D@__crt_stdio_output@@@2@@__crt_stdio_output@@AAE_NXZ 100043a0 f i libucrt:output.obj
 0001:000033d1       ?state_case_normal_common@?$output_processor@DV?$string_output_adapter@D@__crt_stdio_output@@V?$positional_parameter_base@DV?$string_output_adapter@D@__crt_stdio_output@@@2@@__crt_stdio_output@@AAE_NXZ 100043d1 f i libucrt:output.obj
 0001:000033fb       ?state_case_normal_tchar@?$output_processor@DV?$string_output_adapter@D@__crt_stdio_output@@V?$positional_parameter_base@DV?$string_output_adapter@D@__crt_stdio_output@@@2@@__crt_stdio_output@@AAE_ND@Z 100043fb f i libucrt:output.obj
 0001:0000345c       ?state_case_precision@?$output_processor@DV?$string_output_adapter@D@__crt_stdio_output@@V?$positional_parameter_base@DV?$string_output_adapter@D@__crt_stdio_output@@@2@@__crt_stdio_output@@AAE_NXZ 1000445c f i libucrt:output.obj
 0001:00003496       ?state_case_size@?$output_processor@DV?$string_output_adapter@D@__crt_stdio_output@@V?$positional_parameter_base@DV?$string_output_adapter@D@__crt_stdio_output@@@2@@__crt_stdio_output@@AAE_NXZ 10004496 f i libucrt:output.obj
 0001:000035ff       ?state_case_type@?$output_processor@DV?$string_output_adapter@D@__crt_stdio_output@@V?$positional_parameter_base@DV?$string_output_adapter@D@__crt_stdio_output@@@2@@__crt_stdio_output@@AAE_NXZ 100045ff f i libucrt:output.obj
 0001:00003839       ?state_case_width@?$output_processor@DV?$string_output_adapter@D@__crt_stdio_output@@V?$positional_parameter_base@DV?$string_output_adapter@D@__crt_stdio_output@@@2@@__crt_stdio_output@@AAE_NXZ 10004839 f i libucrt:output.obj
 0001:00003879       ?to_integer_size@__crt_stdio_output@@YAIW4length_modifier@1@@Z 10004879 f i libucrt:output.obj
 0001:000038d5       ?type_case_Z@?$output_processor@DV?$string_output_adapter@D@__crt_stdio_output@@V?$positional_parameter_base@DV?$string_output_adapter@D@__crt_stdio_output@@@2@@__crt_stdio_output@@AAE_NXZ 100048d5 f i libucrt:output.obj
 0001:00003954       ?type_case_a@?$output_processor@DV?$string_output_adapter@D@__crt_stdio_output@@V?$positional_parameter_base@DV?$string_output_adapter@D@__crt_stdio_output@@@2@@__crt_stdio_output@@AAE_NXZ 10004954 f i libucrt:output.obj
 0001:00003acd       ?type_case_c_tchar@?$output_processor@DV?$string_output_adapter@D@__crt_stdio_output@@V?$positional_parameter_base@DV?$string_output_adapter@D@__crt_stdio_output@@@2@@__crt_stdio_output@@AAE_ND@Z 10004acd f i libucrt:output.obj
 0001:00003b8d       ?type_case_integer@?$output_processor@DV?$string_output_adapter@D@__crt_stdio_output@@V?$positional_parameter_base@DV?$string_output_adapter@D@__crt_stdio_output@@@2@@__crt_stdio_output@@AAE_NI_N@Z 10004b8d f i libucrt:output.obj
 0001:00003d0b       ?type_case_n@?$output_processor@DV?$string_output_adapter@D@__crt_stdio_output@@V?$positional_parameter_base@DV?$string_output_adapter@D@__crt_stdio_output@@@2@@__crt_stdio_output@@AAE_NXZ 10004d0b f i libucrt:output.obj
 0001:00003da4       ?type_case_o@?$output_processor@DV?$string_output_adapter@D@__crt_stdio_output@@V?$positional_parameter_base@DV?$string_output_adapter@D@__crt_stdio_output@@@2@@__crt_stdio_output@@AAE_NXZ 10004da4 f i libucrt:output.obj
 0001:00003dc3       ?type_case_p@?$output_processor@DV?$string_output_adapter@D@__crt_stdio_output@@V?$positional_parameter_base@DV?$string_output_adapter@D@__crt_stdio_output@@@2@@__crt_stdio_output@@AAE_NXZ 10004dc3 f i libucrt:output.obj
 0001:00003ddb       ?type_case_s@?$output_processor@DV?$string_output_adapter@D@__crt_stdio_output@@V?$positional_parameter_base@DV?$string_output_adapter@D@__crt_stdio_output@@@2@@__crt_stdio_output@@AAE_NXZ 10004ddb f i libucrt:output.obj
 0001:00003e57       ?update_field_width@?$positional_parameter_base@DV?$string_output_adapter@D@__crt_stdio_output@@@__crt_stdio_output@@IAE_NXZ 10004e57 f i libucrt:output.obj
 0001:00003f0d       ?update_precision@?$positional_parameter_base@DV?$string_output_adapter@D@__crt_stdio_output@@@__crt_stdio_output@@IAE_NXZ 10004f0d f i libucrt:output.obj
 0001:00003fc3       ?validate@?$string_output_adapter@D@__crt_stdio_output@@QBE_NXZ 10004fc3 f i libucrt:output.obj
 0001:00003fc3       ?validate@?$c_string_character_source@D@__crt_strtox@@QBE_NXZ 10004fc3 f i libucrt:atox.obj
 0001:00003fde       ?validate_and_store_parameter_data@?$positional_parameter_base@DV?$string_output_adapter@D@__crt_stdio_output@@@__crt_stdio_output@@AAE_NAAUparameter_data@12@W4parameter_type@12@DW4length_modifier@2@@Z 10004fde f i libucrt:output.obj
 0001:00004029       ?validate_and_update_state_at_beginning_of_format_character@?$positional_parameter_base@DV?$string_output_adapter@D@__crt_stdio_output@@@__crt_stdio_output@@IAE_NXZ 10005029 f i libucrt:output.obj
 0001:00004121       ?validate_and_update_state_at_end_of_format_string@?$format_validation_base@DV?$string_output_adapter@D@__crt_stdio_output@@@__crt_stdio_output@@IBE_NXZ 10005121 f i libucrt:output.obj
 0001:00004143       ?validate_and_update_state_at_end_of_format_string@?$positional_parameter_base@DV?$string_output_adapter@D@__crt_stdio_output@@@__crt_stdio_output@@IAE_NXZ 10005143 f i libucrt:output.obj
 0001:000041c3       ?validate_state_for_type_case_a@?$positional_parameter_base@DV?$string_output_adapter@D@__crt_stdio_output@@@__crt_stdio_output@@IAE_NXZ 100051c3 f i libucrt:output.obj
 0001:00004216       ?write_character@?$string_output_adapter@D@__crt_stdio_output@@QBE_NDQAH@Z 10005216 f i libucrt:output.obj
 0001:00004258       ?write_stored_string_tchar@?$output_processor@DV?$string_output_adapter@D@__crt_stdio_output@@V?$positional_parameter_base@DV?$string_output_adapter@D@__crt_stdio_output@@@2@@__crt_stdio_output@@AAE_ND@Z 10005258 f i libucrt:output.obj
 0001:000042ff       ?write_string@?$string_output_adapter@D@__crt_stdio_output@@QBEXQBDHQAH1@Z 100052ff f i libucrt:output.obj
 0001:00004392       ___stdio_common_vsprintf_p 10005392 f   libucrt:output.obj
 0001:000043b6       ??$?RV<lambda_11b4f7b0d3157825a5656a18eba1ae27>@@AAV<lambda_b51c0495177f500e782686251704ae76>@@V<lambda_cf89b47920b5017557bfe891e78aca36>@@@?$__crt_seh_guarded_call@I@@QAEI$$QAV<lambda_11b4f7b0d3157825a5656a18eba1ae27>@@AAV<lambda_b51c0495177f500e782686251704ae76>@@$$QAV<lambda_cf89b47920b5017557bfe891e78aca36>@@@Z 100053b6 f i libucrt:fwrite.obj
 0001:00004407       ??$__acrt_lock_stream_and_call@V<lambda_b51c0495177f500e782686251704ae76>@@@@YAIQAU_iobuf@@$$QAV<lambda_b51c0495177f500e782686251704ae76>@@@Z 10005407 f i libucrt:fwrite.obj
 0001:00004475       __fwrite_nolock            10005475 f   libucrt:fwrite.obj
 0001:000045ee       _fwrite                    100055ee f   libucrt:fwrite.obj
 0001:00004646       __seh_filter_dll           10005646 f   libucrt:exception_filter.obj
 0001:00004666       __seh_filter_exe           10005666 f   libucrt:exception_filter.obj
 0001:000049f4       ___acrt_initialize_thread_local_exit_callback 100059f4 f   libucrt:exit.obj
 0001:00004a03       __cexit                    10005a03 f   libucrt:exit.obj
 0001:00004a12       __exit                     10005a12 f   libucrt:exit.obj
 0001:00004a28       __is_c_termination_complete 10005a28 f   libucrt:exit.obj
 0001:00004b87       ??$uninitialize@A6AXAAPAPAD@Z@?$dual_state_global@PAPAD@__crt_state_management@@QAEXA6AXAAPAPAD@Z@Z 10005b87 f i libucrt:environment_initialization.obj
 0001:00004b87       ??$uninitialize@A6AXAAPAPA_W@Z@?$dual_state_global@PAPA_W@__crt_state_management@@QAEXA6AXAAPAPA_W@Z@Z 10005b87 f i libucrt:environment_initialization.obj
 0001:00004bfd       ___dcrt_uninitialize_environments_nolock 10005bfd f   libucrt:environment_initialization.obj
 0001:00004c34       __initialize_narrow_environment 10005c34 f   libucrt:environment_initialization.obj
 0001:00004c39       ??$?RV<lambda_800076c951b434888f4765a74a194fcc>@@AAV<lambda_4e60a939b0d047cfe11ddc22648dfba9>@@V<lambda_6dbb1268764f43b569ce7b67e331d33a>@@@?$__crt_seh_guarded_call@H@@QAEH$$QAV<lambda_800076c951b434888f4765a74a194fcc>@@AAV<lambda_4e60a939b0d047cfe11ddc22648dfba9>@@$$QAV<lambda_6dbb1268764f43b569ce7b67e331d33a>@@@Z 10005c39 f i libucrt:onexit.obj
 0001:00004c8a       ??$?RV<lambda_995298e7d72eb4c2aab26c0585b3abe5>@@AAV<lambda_275893d493268fdec8709772e3fcec0e>@@V<lambda_293819299cbf9a7022e18b56a874bb5c>@@@?$__crt_seh_guarded_call@H@@QAEH$$QAV<lambda_995298e7d72eb4c2aab26c0585b3abe5>@@AAV<lambda_275893d493268fdec8709772e3fcec0e>@@$$QAV<lambda_293819299cbf9a7022e18b56a874bb5c>@@@Z 10005c8a f i libucrt:onexit.obj
 0001:00004cdb       ??$__acrt_lock_and_call@V<lambda_275893d493268fdec8709772e3fcec0e>@@@@YAHW4__acrt_lock_id@@$$QAV<lambda_275893d493268fdec8709772e3fcec0e>@@@Z 10005cdb f i libucrt:onexit.obj
 0001:00004d03       ??$__acrt_lock_and_call@V<lambda_4e60a939b0d047cfe11ddc22648dfba9>@@@@YAHW4__acrt_lock_id@@$$QAV<lambda_4e60a939b0d047cfe11ddc22648dfba9>@@@Z 10005d03 f i libucrt:onexit.obj
 0001:00004d2b       ??$__crt_fast_encode_pointer@P6AHXZ@@YAP6AHXZQ6AHXZ@Z 10005d2b f i libucrt:onexit.obj
 0001:00004fab       __crt_atexit               10005fab f   libucrt:onexit.obj
 0001:00004fc1       __execute_onexit_table     10005fc1 f   libucrt:onexit.obj
 0001:00004fde       __initialize_onexit_table  10005fde f   libucrt:onexit.obj
 0001:0000501b       __register_onexit_function 1000601b f   libucrt:onexit.obj
 0001:00005130       ___acrt_initialize         10006130 f   libucrt:initialization.obj
 0001:00005142       ___acrt_thread_attach      10006142 f   libucrt:initialization.obj
 0001:0000514d       ___acrt_thread_detach      1000614d f   libucrt:initialization.obj
 0001:00005155       ___acrt_uninitialize       10006155 f   libucrt:initialization.obj
 0001:00005167       ___acrt_uninitialize_critical 10006167 f   libucrt:initialization.obj
 0001:00005179       __initterm                 10006179 f   libucrt:initterm.obj
 0001:000051d5       __initterm_e               100061d5 f   libucrt:initterm.obj
 0001:0000521a       _terminate                 1000621a f   libucrt:terminate.obj
 0001:00005256       _free                      10006256 f   libucrt:free.obj
 0001:0000525b       __free_base                1000625b f   libucrt:free_base.obj
 0001:00005295       __malloc_base              10006295 f   libucrt:malloc_base.obj
 0001:000052e3       _strcpy_s                  100062e3 f   libucrt:strcpy_s.obj
 0001:0000533d       _abort                     1000633d f   libucrt:abort.obj
 0001:00005380       __calloc_base              10006380 f   libucrt:calloc_base.obj
 0001:000053dd       ??$is_overflow_condition@K@__crt_strtox@@YA_NIK@Z 100063dd f i libucrt:atox.obj
 0001:00005410       ??$parse_integer@KV?$c_string_character_source@D@__crt_strtox@@@__crt_strtox@@YAKQAU__crt_locale_pointers@@V?$c_string_character_source@D@0@H_N@Z 10006410 f i libucrt:atox.obj
 0001:00005638       ?unget@?$c_string_character_source@D@__crt_strtox@@QAEXD@Z 10006638 f i libucrt:atox.obj
 0001:00005660       __chvalidchk_l             10006660 f i libucrt:atox.obj
 0001:0000568a       __ischartype_l             1000668a f i libucrt:atox.obj
 0001:000056bd       ___acrt_call_reportfault   100066bd f   libucrt:invalid_parameter.obj
 0001:000057f8       ___acrt_initialize_invalid_parameter_handler 100067f8 f   libucrt:invalid_parameter.obj
 0001:0000580c       __invalid_parameter        1000680c f   libucrt:invalid_parameter.obj
 0001:00005887       __invalid_parameter_noinfo 10006887 f   libucrt:invalid_parameter.obj
 0001:00005897       __invoke_watson            10006897 f   libucrt:invalid_parameter.obj
 0001:000058ca       ___acrt_errno_from_os_error 100068ca f   libucrt:errno.obj
 0001:0000590d       ___acrt_errno_map_os_error 1000690d f   libucrt:errno.obj
 0001:00005930       ___doserrno                10006930 f   libucrt:errno.obj
 0001:00005943       __errno                    10006943 f   libucrt:errno.obj
 0001:00005956       ___acrt_initialize_stdio   10006956 f   libucrt:_file.obj
 0001:00005a1e       ___acrt_iob_func           10006a1e f   libucrt:_file.obj
 0001:00005a2e       ___acrt_uninitialize_stdio 10006a2e f   libucrt:_file.obj
 0001:00005a7a       __lock_file                10006a7a f   libucrt:_file.obj
 0001:00005a8e       __unlock_file              10006a8e f   libucrt:_file.obj
 0001:00005aa2       ?__acrt_stdio_allocate_stream@@YA?AV__crt_stdio_stream@@XZ 10006aa2 f   libucrt:stream.obj
 0001:00005b01       ?__acrt_stdio_free_stream@@YAXV__crt_stdio_stream@@@Z 10006b01 f   libucrt:stream.obj
 0001:00005bff       ??$__acrt_stdio_parse_mode@D@@YA?AU__acrt_stdio_stream_mode@@QBD@Z 10006bff f i libucrt:openfile.obj
 0001:00005eb6       ?__acrt_stdio_parse_mode_D@@YA_NAAU__acrt_stdio_stream_mode@@@Z 10006eb6 f i libucrt:openfile.obj
 0001:00005ed1       ?__acrt_stdio_parse_mode_T@@YA_NAAU__acrt_stdio_stream_mode@@@Z 10006ed1 f i libucrt:openfile.obj
 0001:00005ef0       ?__acrt_stdio_parse_mode_b@@YA_NAAU__acrt_stdio_stream_mode@@@Z 10006ef0 f i libucrt:openfile.obj
 0001:00005f10       ?__acrt_stdio_parse_mode_c@@YA_NAAU__acrt_stdio_stream_mode@@AA_N@Z 10006f10 f i libucrt:openfile.obj
 0001:00005f32       ?__acrt_stdio_parse_mode_n@@YA_NAAU__acrt_stdio_stream_mode@@AA_N@Z 10006f32 f i libucrt:openfile.obj
 0001:00005f54       ?__acrt_stdio_parse_mode_plus@@YA_NAAU__acrt_stdio_stream_mode@@AA_N@Z 10006f54 f i libucrt:openfile.obj
 0001:00005f89       ?__acrt_stdio_parse_mode_t@@YA_NAAU__acrt_stdio_stream_mode@@@Z 10006f89 f i libucrt:openfile.obj
 0001:00005fa9       __openfile                 10006fa9 f   libucrt:openfile.obj
 0001:00005fb4       ??$?RV<lambda_123407a5e2ac06da108355a851863b7a>@@AAV<lambda_2fe9b910cf3cbf4a0ab98a02ba45b3ec>@@V<lambda_ae55bdf541ad94d75914d381c370e64d>@@@?$__crt_seh_guarded_call@H@@QAEH$$QAV<lambda_123407a5e2ac06da108355a851863b7a>@@AAV<lambda_2fe9b910cf3cbf4a0ab98a02ba45b3ec>@@$$QAV<lambda_ae55bdf541ad94d75914d381c370e64d>@@@Z 10006fb4 f i libucrt:close.obj
 0001:00006036       ??$__acrt_lowio_lock_fh_and_call@V<lambda_2fe9b910cf3cbf4a0ab98a02ba45b3ec>@@@@YAHH$$QAV<lambda_2fe9b910cf3cbf4a0ab98a02ba45b3ec>@@@Z 10007036 f i libucrt:close.obj
 0001:0000605e       __close                    1000705e f   libucrt:close.obj
 0001:000060dd       __close_nolock             100070dd f   libucrt:close.obj
 0001:00006179       __fileno                   10007179 f   libucrt:fileno.obj
 0001:0000619f       ___acrt_stdio_free_buffer_nolock 1000719f f   libucrt:_freebuf.obj
 0001:000061dd       ___acrt_stdio_flush_nolock 100071dd f   libucrt:fflush.obj
 0001:00006243       __fflush_nolock            10007243 f   libucrt:fflush.obj
 0001:0000628a       __flushall                 1000728a f   libucrt:fflush.obj
 0001:0000636b       __isdigit_l                1000736b f i libucrt:_ctype.obj
 0001:000063a3       _isdigit                   100073a3 f i libucrt:_ctype.obj
 0001:00006537       __tolower_l                10007537 f   libucrt:tolower_toupper.obj
 0001:00006551       _tolower                   10007551 f   libucrt:tolower_toupper.obj
 0001:00006581       ??$make_c_string_character_source@DPAPAD@__crt_strtox@@YA?AV?$c_string_character_source@D@0@QBDQAPAD@Z 10007581 f i libucrt:strtox.obj
 0001:0000659c       _strtol                    1000759c f   libucrt:strtox.obj
 0001:000065c8       __mbtowc_l                 100075c8 f   libucrt:mbtowc.obj
 0001:000066c2       _mbtowc                    100076c2 f   libucrt:mbtowc.obj
 0001:000066dc       __wctomb_s_l               100076dc f   libucrt:wctomb.obj
 0001:000067fd       _wctomb_s                  100077fd f   libucrt:wctomb.obj
 0001:0000681a       _strnlen                   1000781a f   libucrt:strnlen.obj
 0001:00006941       _wcsnlen                   10007941 f   libucrt:strnlen.obj
 0001:00006af8       ??$?RV<lambda_3518db117f0e7cdb002338c5d3c47b6c>@@AAV<lambda_b2ea41f6bbb362cd97d94c6828d90b61>@@V<lambda_abdedf541bb04549bc734292b4a045d4>@@@?$__crt_seh_guarded_call@X@@QAEX$$QAV<lambda_3518db117f0e7cdb002338c5d3c47b6c>@@AAV<lambda_b2ea41f6bbb362cd97d94c6828d90b61>@@$$QAV<lambda_abdedf541bb04549bc734292b4a045d4>@@@Z 10007af8 f i libucrt:per_thread_data.obj
 0001:00006b48       ??$?RV<lambda_51b6e8b1eb166f2a3faf91f424b38130>@@AAV<lambda_6250bd4b2a391816dd638c3bf72b0bcb>@@V<lambda_0b5a4a3e68152e1d9b943535f5f47bed>@@@?$__crt_seh_guarded_call@X@@QAEX$$QAV<lambda_51b6e8b1eb166f2a3faf91f424b38130>@@AAV<lambda_6250bd4b2a391816dd638c3bf72b0bcb>@@$$QAV<lambda_0b5a4a3e68152e1d9b943535f5f47bed>@@@Z 10007b48 f i libucrt:per_thread_data.obj
 0001:00006ba9       ??$?RV<lambda_5b71d36f03204c0beab531769a5b5694>@@AAV<lambda_be2b3da3f62db62e9dad5dc70221a656>@@V<lambda_8f9ce462984622f9bf76b59e2aaaf805>@@@?$__crt_seh_guarded_call@X@@QAEX$$QAV<lambda_5b71d36f03204c0beab531769a5b5694>@@AAV<lambda_be2b3da3f62db62e9dad5dc70221a656>@@$$QAV<lambda_8f9ce462984622f9bf76b59e2aaaf805>@@@Z 10007ba9 f i libucrt:per_thread_data.obj
 0001:00006bf4       ??$?RV<lambda_9df27f884b057bc3edfc946cb5b7cf47>@@AAV<lambda_e69574bed617af4e071282c136b37893>@@V<lambda_cc0d902bcbbeb830f749456577db4721>@@@?$__crt_seh_guarded_call@X@@QAEX$$QAV<lambda_9df27f884b057bc3edfc946cb5b7cf47>@@AAV<lambda_e69574bed617af4e071282c136b37893>@@$$QAV<lambda_cc0d902bcbbeb830f749456577db4721>@@@Z 10007bf4 f i libucrt:per_thread_data.obj
 0001:00006c3c       ??$__acrt_lock_and_call@V<lambda_6250bd4b2a391816dd638c3bf72b0bcb>@@@@YAXW4__acrt_lock_id@@$$QAV<lambda_6250bd4b2a391816dd638c3bf72b0bcb>@@@Z 10007c3c f i libucrt:per_thread_data.obj
 0001:00006c64       ??$__acrt_lock_and_call@V<lambda_b2ea41f6bbb362cd97d94c6828d90b61>@@@@YAXW4__acrt_lock_id@@$$QAV<lambda_b2ea41f6bbb362cd97d94c6828d90b61>@@@Z 10007c64 f i libucrt:per_thread_data.obj
 0001:00006c8c       ??$__acrt_lock_and_call@V<lambda_be2b3da3f62db62e9dad5dc70221a656>@@@@YAXW4__acrt_lock_id@@$$QAV<lambda_be2b3da3f62db62e9dad5dc70221a656>@@@Z 10007c8c f i libucrt:per_thread_data.obj
 0001:00006cb4       ??$__acrt_lock_and_call@V<lambda_e69574bed617af4e071282c136b37893>@@@@YAXW4__acrt_lock_id@@$$QAV<lambda_e69574bed617af4e071282c136b37893>@@@Z 10007cb4 f i libucrt:per_thread_data.obj
 0001:00006e6a       ___acrt_freeptd            10007e6a f   libucrt:per_thread_data.obj
 0001:00006e96       ___acrt_getptd             10007e96 f   libucrt:per_thread_data.obj
 0001:00006f1a       ___acrt_getptd_noexit      10007f1a f   libucrt:per_thread_data.obj
 0001:00006f9f       ___acrt_initialize_ptd     10007f9f f   libucrt:per_thread_data.obj
 0001:00006fcb       ___acrt_uninitialize_ptd   10007fcb f   libucrt:per_thread_data.obj
 0001:00006fe5       ___acrt_update_locale_info 10007fe5 f   libucrt:locale_update.obj
 0001:00007012       ___acrt_update_multibyte_info 10008012 f   libucrt:locale_update.obj
 0001:0000703f       ?__acrt_fp_classify@@YA?AW4__acrt_fp_class@@ABN@Z 1000803f f i libucrt:cvt.obj
 0001:000070ab       ?__acrt_fp_is_negative@@YA_NABN@Z 100080ab f i libucrt:cvt.obj
 0001:0000790a       ___acrt_fp_format          1000890a f   libucrt:cvt.obj
 0001:00007a54       __get_printf_count_output  10008a54 f   libucrt:printf_count_output.obj
 0001:00007a69       ___acrt_stdio_begin_temporary_buffering_nolock 10008a69 f   libucrt:_sftbuf.obj
 0001:00007b1e       ___acrt_stdio_end_temporary_buffering_nolock 10008b1e f   libucrt:_sftbuf.obj
 0001:00007b57       ___acrt_set_locale_changed 10008b57 f   libucrt:wsetlocale.obj
 0001:00007b62       ___acrt_uninitialize_locale 10008b62 f   libucrt:wsetlocale.obj
 0001:00007d20       ___acrt_initialize_lowio   10008d20 f   libucrt:ioinit.obj
 0001:00007d76       ___acrt_uninitialize_lowio 10008d76 f   libucrt:ioinit.obj
 0001:00008332       __write                    10009332 f   libucrt:write.obj
 0001:0000841d       __write_nolock             1000941d f   libucrt:write.obj
 0001:00008806       ___acrt_stdio_flush_and_write_narrow_nolock 10009806 f   libucrt:_flsbuf.obj
 0001:00008811       ___acrt_initialize_locks   10009811 f   libucrt:locks.obj
 0001:00008852       ___acrt_lock               10009852 f   libucrt:locks.obj
 0001:00008869       ___acrt_uninitialize_locks 10009869 f   libucrt:locks.obj
 0001:0000889a       ___acrt_unlock             1000989a f   libucrt:locks.obj
 0001:000089c8       ___acrt_AreFileApisANSI@0  100099c8 f   libucrt:winapi_thunks.obj
 0001:00008a16       ___acrt_FlsAlloc@4         10009a16 f   libucrt:winapi_thunks.obj
 0001:00008a6c       ___acrt_FlsFree@4          10009a6c f   libucrt:winapi_thunks.obj
 0001:00008ac2       ___acrt_FlsGetValue@4      10009ac2 f   libucrt:winapi_thunks.obj
 0001:00008b18       ___acrt_FlsSetValue@8      10009b18 f   libucrt:winapi_thunks.obj
 0001:00008b71       ___acrt_InitializeCriticalSectionEx@12 10009b71 f   libucrt:winapi_thunks.obj
 0001:00008bd3       ___acrt_LCMapStringEx@36   10009bd3 f   libucrt:winapi_thunks.obj
 0001:00008c5b       ___acrt_LocaleNameToLCID@8 10009c5b f   libucrt:winapi_thunks.obj
 0001:00008cb7       ___acrt_initialize_winapi_thunks 10009cb7 f   libucrt:winapi_thunks.obj
 0001:00008cdd       ___acrt_is_packaged_app    10009cdd f   libucrt:winapi_thunks.obj
 0001:00008d64       ___acrt_uninitialize_winapi_thunks 10009d64 f   libucrt:winapi_thunks.obj
 0001:00008d9a       ??$?RV<lambda_978dc153c237d78434369da87b74ff60>@@AAV<lambda_ad1ced32f4ac17aa236e5ef05d6b3b7c>@@V<lambda_4a8533e2866a575feecb8298ce776b0d>@@@?$__crt_seh_guarded_call@X@@QAEX$$QAV<lambda_978dc153c237d78434369da87b74ff60>@@AAV<lambda_ad1ced32f4ac17aa236e5ef05d6b3b7c>@@$$QAV<lambda_4a8533e2866a575feecb8298ce776b0d>@@@Z 10009d9a f i libucrt:mbctype.obj
 0001:00008ddd       ??$__acrt_lock_and_call@V<lambda_ad1ced32f4ac17aa236e5ef05d6b3b7c>@@@@YAXW4__acrt_lock_id@@$$QAV<lambda_ad1ced32f4ac17aa236e5ef05d6b3b7c>@@@Z 10009ddd f i libucrt:mbctype.obj
 0001:00009274       ___acrt_initialize_multibyte 1000a274 f   libucrt:mbctype.obj
 0001:00009292       ___acrt_update_thread_multibyte_data 1000a292 f   libucrt:mbctype.obj
 0001:00009334       __setmbcp_nolock           1000a334 f   libucrt:mbctype.obj
 0001:0000955c       ___dcrt_get_narrow_environment_from_os 1000a55c f   libucrt:get_environment_from_os.obj
 0001:000095df       __recalloc                 1000a5df f   libucrt:recalloc.obj
 0001:000095ea       __recalloc_base            1000a5ea f   libucrt:recalloc.obj
 0001:00009657       ___acrt_initialize_heap    1000a657 f   libucrt:heap_handle.obj
 0001:00009668       ___acrt_uninitialize_heap  1000a668 f   libucrt:heap_handle.obj
 0001:00009672       ___acrt_initialize_command_line 1000a672 f   libucrt:argv_data.obj
 0001:0000968b       ___acrt_uninitialize_command_line 1000a68b f   libucrt:argv_data.obj
 0001:0000968e       ___acrt_execute_initializers 1000a68e f   libucrt:shared_initialization.obj
 0001:00009711       ___acrt_execute_uninitializers 1000a711 f   libucrt:shared_initialization.obj
 0001:0000975e       ___acrt_initialize_new_handler 1000a75e f   libucrt:new_handler.obj
 0001:00009772       __callnewh                 1000a772 f   libucrt:new_handler.obj
 0001:000097b6       __query_new_handler        1000a7b6 f   libucrt:new_handler.obj
 0001:00009808       ??$?RV<lambda_a048d3beccc847880fc8490e18b82769>@@AAV<lambda_ec61778202f4f5fc7e7711acc23c3bca>@@V<lambda_f7496a158712204296dd6628a163878e>@@@?$__crt_seh_guarded_call@P6AXH@Z@@QAEP6AXH@Z$$QAV<lambda_a048d3beccc847880fc8490e18b82769>@@AAV<lambda_ec61778202f4f5fc7e7711acc23c3bca>@@$$QAV<lambda_f7496a158712204296dd6628a163878e>@@@Z 1000a808 f i libucrt:signal.obj
 0001:00009862       ??$__acrt_lock_and_call@V<lambda_ec61778202f4f5fc7e7711acc23c3bca>@@@@YAP6AXH@ZW4__acrt_lock_id@@$$QAV<lambda_ec61778202f4f5fc7e7711acc23c3bca>@@@Z 1000a862 f i libucrt:signal.obj
 0001:000098f4       ___acrt_get_sigabrt_handler 1000a8f4 f   libucrt:signal.obj
 0001:0000990b       ___acrt_initialize_signal_handlers 1000a90b f   libucrt:signal.obj
 0001:00009946       ___fpecode                 1000a946 f   libucrt:signal.obj
 0001:0000994f       _raise                     1000a94f f   libucrt:signal.obj
 0001:00009b57       ?initialize@?$dual_state_global@P6AXPB_W00II@Z@__crt_state_management@@QAEXQ6AXPB_W00II@Z@Z 1000ab57 f i libucrt:invalid_parameter.obj
 0001:00009b57       ?initialize@?$dual_state_global@PAPAD@__crt_state_management@@QAEXQAPAD@Z 1000ab57 f i libucrt:environment_initialization.obj
 0001:00009b57       ?initialize@?$dual_state_global@P6AHI@Z@__crt_state_management@@QAEXQ6AHI@Z@Z 1000ab57 f i libucrt:new_handler.obj
 0001:00009b57       ?initialize@?$dual_state_global@P6AXH@Z@__crt_state_management@@QAEXQ6AXH@Z@Z 1000ab57 f i libucrt:signal.obj
 0001:00009b57       ?initialize@?$dual_state_global@P6AHPAU_exception@@@Z@__crt_state_management@@QAEXQ6AHPAU_exception@@@Z@Z 1000ab57 f i libucrt:matherr.obj
 0001:00009b57       ?initialize@?$dual_state_global@PAU__crt_locale_data@@@__crt_state_management@@QAEXQAU__crt_locale_data@@@Z 1000ab57 f i libucrt:initialization.obj
 0001:00009b88       ___acrt_has_user_matherr   1000ab88 f   libucrt:matherr.obj
 0001:00009ba1       ___acrt_initialize_user_matherr 1000aba1 f   libucrt:matherr.obj
 0001:00009bb5       ___acrt_invoke_user_matherr 1000abb5 f   libucrt:matherr.obj
 0001:00009bfe       __query_new_mode           1000abfe f   libucrt:new_mode.obj
 0001:00009c04       ___pctype_func             1000ac04 f   libucrt:ctype.obj
 0001:00009c2a       __isctype_l                1000ac2a f   libucrt:isctype.obj
 0001:00009cfc       __fcloseall                1000acfc f   libucrt:closeall.obj
 0001:00009da0       _strncmp                   1000ada0 f   libucrt:strncmp.obj
 0001:00009e18       __strnicmp                 1000ae18 f   libucrt:strnicmp.obj
 0001:00009e84       __strnicmp_l               1000ae84 f   libucrt:strnicmp.obj
 0001:0000a515       __sopen_nolock             1000b515 f   libucrt:open.obj
 0001:0000a566       __sopen_s                  1000b566 f   libucrt:open.obj
 0001:0000a586       __wsopen_nolock            1000b586 f   libucrt:open.obj
 0001:0000a8af       ___acrt_lowio_create_handle_array 1000b8af f   libucrt:osfinfo.obj
 0001:0000a929       ___acrt_lowio_destroy_handle_array 1000b929 f   libucrt:osfinfo.obj
 0001:0000a95e       ___acrt_lowio_ensure_fh_exists 1000b95e f   libucrt:osfinfo.obj
 0001:0000a9f6       ___acrt_lowio_lock_fh      1000b9f6 f   libucrt:osfinfo.obj
 0001:0000aa19       ___acrt_lowio_set_os_handle 1000ba19 f   libucrt:osfinfo.obj
 0001:0000aaad       ___acrt_lowio_unlock_fh    1000baad f   libucrt:osfinfo.obj
 0001:0000aad0       __alloc_osfhnd             1000bad0 f   libucrt:osfinfo.obj
 0001:0000abe2       __free_osfhnd              1000bbe2 f   libucrt:osfinfo.obj
 0001:0000ac73       __get_osfhandle            1000bc73 f   libucrt:osfinfo.obj
 0001:0000acdd       ??$?RV<lambda_61cee617f5178ae960314fd4d05640a0>@@AAV<lambda_6978c1fb23f02e42e1d9e99668cc68aa>@@V<lambda_9cd88cf8ad10232537feb2133f08c833>@@@?$__crt_seh_guarded_call@H@@QAEH$$QAV<lambda_61cee617f5178ae960314fd4d05640a0>@@AAV<lambda_6978c1fb23f02e42e1d9e99668cc68aa>@@$$QAV<lambda_9cd88cf8ad10232537feb2133f08c833>@@@Z 1000bcdd f i libucrt:commit.obj
 0001:0000ad75       ??$__acrt_lowio_lock_fh_and_call@V<lambda_6978c1fb23f02e42e1d9e99668cc68aa>@@@@YAHH$$QAV<lambda_6978c1fb23f02e42e1d9e99668cc68aa>@@@Z 1000bd75 f i libucrt:commit.obj
 0001:0000ad9d       __commit                   1000bd9d f   libucrt:commit.obj
 0001:0000ae0c       __isleadbyte_l             1000be0c f i libucrt:_wctype.obj
 0001:0000b062       ___acrt_LCMapStringA       1000c062 f   libucrt:lcmapstringa.obj
 0001:0000b0ad       __freea_crt                1000c0ad f i libucrt:lcmapstringa.obj
 0001:0000b0cd       ___acrt_add_locale_ref     1000c0cd f   libucrt:locale_refcounting.obj
 0001:0000b14a       ___acrt_free_locale        1000c14a f   libucrt:locale_refcounting.obj
 0001:0000b294       ___acrt_locale_add_lc_time_reference 1000c294 f   libucrt:locale_refcounting.obj
 0001:0000b2bd       ___acrt_locale_free_lc_time_if_unreferenced 1000c2bd f   libucrt:locale_refcounting.obj
 0001:0000b2ed       ___acrt_locale_release_lc_time_reference 1000c2ed f   libucrt:locale_refcounting.obj
 0001:0000b316       ___acrt_release_locale_ref 1000c316 f   libucrt:locale_refcounting.obj
 0001:0000b397       ___acrt_update_thread_locale_data 1000c397 f   libucrt:locale_refcounting.obj
 0001:0000b40e       __updatetlocinfoEx_nolock  1000c40e f   libucrt:locale_refcounting.obj
 0001:0000b45e       ___acrt_fp_strflt_to_string 1000c45e f   libucrt:_fptostr.obj
 0001:0000b51a       ??0scoped_fp_state_reset@?A0x48fbfdd4@@QAE@XZ 1000c51a f i libucrt:cfout.obj
 0001:0000b550       ?divide@__crt_strtox@@YA_KAAUbig_integer@1@ABU21@@Z 1000c550 f i libucrt:cfout.obj
 0001:0000b9fe       ___acrt_fltout             1000c9fe f   libucrt:cfout.obj
 0001:0000ce1b       __isatty                   1000de1b f   libucrt:isatty.obj
 0001:0000ce71       ___acrt_locale_free_monetary 1000de71 f   libucrt:initmon.obj
 0001:0000cf6f       ___acrt_locale_free_numeric 1000df6f f   libucrt:initnum.obj
 0001:0000d014       ___acrt_locale_free_time   1000e014 f   libucrt:inittime.obj
 0001:0000d0f8       ___acrt_GetStringTypeA     1000e0f8 f   libucrt:getstringtypea.obj
 0001:0000d398       __lseeki64                 1000e398 f   libucrt:lseek.obj
 0001:0000d3b3       __lseeki64_nolock          1000e3b3 f   libucrt:lseek.obj
 0001:0000d3ce       __putwch_nolock            1000e3ce f   libucrt:putwch.obj
 0001:0000d413       ___acrt_stdio_allocate_buffer_nolock 1000e413 f   libucrt:_getbuf.obj
 0001:0000d52c       ___acrt_DownlevelLocaleNameToLCID 1000e52c f   libucrt:lcidtoname_downlevel.obj
 0001:0000d567       __msize                    1000e567 f   libucrt:msize.obj
 0001:0000d59a       __realloc_base             1000e59a f   libucrt:realloc_base.obj
 0001:0000d610       ___ascii_strnicmp          1000e610 f   libucrt:_strnicm.obj
 0001:0000d671       __get_fmode                1000e671 f   libucrt:setmode.obj
 0001:0000d69d       __setmode_nolock           1000e69d f   libucrt:setmode.obj
 0001:0000d76e       ___acrt_copy_path_to_wide_string 1000e76e f   libucrt:string_utilities.obj
 0001:0000d835       __chsize_nolock            1000e835 f   libucrt:chsize.obj
 0001:0000deae       __read_nolock              1000eeae f   libucrt:read.obj
 0001:0000e263       __query_app_type           1000f263 f   libucrt:report_runtime_error.obj
 0001:0000e269       ___strncnt                 1000f269 f   libucrt:strncnt.obj
 0001:0000e285       _fegetenv                  1000f285 f   libucrt:fegetenv.obj
 0001:0000e2a2       _fesetenv                  1000f2a2 f   libucrt:fesetenv.obj
 0001:0000e2eb       _feholdexcept              1000f2eb f   libucrt:feholdexcept.obj
 0001:0000e340       _log10                     1000f340 f   libucrt:log10.obj
 0001:0000e380       __CIlog10                  1000f380 f   libucrt:log10.obj
 0001:0000e3bb       __CIlog10_default          1000f3bb f   libucrt:log10.obj
 0001:0000e3cf       __log10_default            1000f3cf     libucrt:log10.obj
 0001:0000e490       _ceil                      1000f490 f   libucrt:ceil_pentium4.obj
 0001:0000e4d0       __ceil_pentium4            1000f4d0 f   libucrt:ceil_pentium4.obj
 0001:0000e5ad       ___dcrt_lowio_initialize_console_output 1000f5ad f   libucrt:initcon.obj
 0001:0000e5cc       ___dcrt_terminate_console_output 1000f5cc f   libucrt:initcon.obj
 0001:0000e886       __getfpcontrolword         1000f886 f   libucrt:_fenvutils.obj
 0001:0000e8c9       __getfpstatusword          1000f8c9 f   libucrt:_fenvutils.obj
 0001:0000e971       __setfpcontrolword         1000f971 f   libucrt:_fenvutils.obj
 0001:0000e9f1       __setfpstatusword          1000f9f1 f   libucrt:_fenvutils.obj
 0001:0000ea71       __clearfp                  1000fa71 f   libucrt:ieee87.obj
 0001:0000eb4f       ___acrt_initialize_sse2    1000fb4f f   libucrt:mathfcns.obj
 0001:0000eb60       __CIlog10_pentium4         1000fb60 f   libucrt:log10_pentium4.obj
 0001:0000eb78       __log10_pentium4           1000fb78     libucrt:log10_pentium4.obj
 0001:0000ee01       __fFEXP                    1000fe01     libucrt:87tran.obj
 0001:0000ee58       __rtinfpopse               1000fe58     libucrt:87tran.obj
 0001:0000ee5a       __rtinfnpopse              1000fe5a     libucrt:87tran.obj
 0001:0000ee6a       __fFLN                     1000fe6a     libucrt:87tran.obj
 0001:0000ef1f       __rtinfpop                 1000ff1f     libucrt:87tran.obj
 0001:0000ef21       __rtinfnpop                1000ff21     libucrt:87tran.obj
 0001:0000ef3e       __ffexpm1                  1000ff3e     libucrt:87tran.obj
 0001:0000eff0       __trandisp1                1000fff0 f   libucrt:87disp.obj
 0001:0000f057       __trandisp2                10010057 f   libucrt:87disp.obj
 0001:0000f0e3       __rttospopde               100100e3     libucrt:87disp.obj
 0001:0000f0e8       __rttospop                 100100e8     libucrt:87disp.obj
 0001:0000f0ea       __rtnospop                 100100ea     libucrt:87disp.obj
 0001:0000f0ec       __rttosnpop                100100ec     libucrt:87disp.obj
 0001:0000f0ed       __rtnospopde               100100ed     libucrt:87disp.obj
 0001:0000f0f4       __rtzeropop                100100f4     libucrt:87disp.obj
 0001:0000f0f6       __rtzeronpop               100100f6     libucrt:87disp.obj
 0001:0000f0fb       __rtzerospop               100100fb     libucrt:87disp.obj
 0001:0000f108       __rtonepop                 10010108     libucrt:87disp.obj
 0001:0000f10a       __rtonenpop                1001010a     libucrt:87disp.obj
 0001:0000f10f       __tosnan1                  1001010f     libucrt:87disp.obj
 0001:0000f13a       __nosnan2                  1001013a     libucrt:87disp.obj
 0001:0000f13c       __tosnan2                  1001013c     libucrt:87disp.obj
 0001:0000f164       __nan2                     10010164     libucrt:87disp.obj
 0001:0000f1a3       __rtindfpop                100101a3     libucrt:87disp.obj
 0001:0000f1a5       __rtindfnpop               100101a5     libucrt:87disp.obj
 0001:0000f1b6       __rttosnpopde              100101b6     libucrt:87disp.obj
 0001:0000f1c0       __rtatan2inf               100101c0     libucrt:87disp.obj
 0001:0000f1dd       __rtchsifneg               100101dd     libucrt:87disp.obj
 0001:0000f1f0       __twoToTOS                 100101f0 f   libucrt:common.obj
 0001:0000f205       __load_CW                  10010205 f   libucrt:common.obj
 0001:0000f21c       __convertTOStoQNaN         1001021c f   libucrt:common.obj
 0001:0000f235       __fload_withFB             10010235 f   libucrt:common.obj
 0001:0000f278       __checkTOS_withFB          10010278 f   libucrt:common.obj
 0001:0000f28e       __fast_exit                1001028e f   libucrt:common.obj
 0001:0000f29b       __math_exit                1001029b f   libucrt:common.obj
 0001:0000f2c5       __check_overflow_exit      100102c5 f   libucrt:common.obj
 0001:0000f2d9       __check_range_exit         100102d9 f   libucrt:common.obj
 0001:0000f380       __startTwoArgErrorHandling 10010380 f   libucrt:genexcep.obj
 0001:0000f397       __startOneArgErrorHandling 10010397 f   libucrt:genexcep.obj
 0001:0000f3d3       ___libm_error_support      100103d3 f   libucrt:libm_error.obj
 0001:0000f5eb       __ceil_default             100105eb f   libucrt:ceil.obj
 0001:0000f6a4       __clrfp                    100106a4 f   libucrt:fpctrl.obj
 0001:0000f6b7       __ctrlfp                   100106b7 f   libucrt:fpctrl.obj
 0001:0000f6e3       __set_statfp               100106e3 f   libucrt:fpctrl.obj
 0001:0000f73e       __statfp                   1001073e f   libucrt:fpctrl.obj
 0001:0000f750       __d_inttype                10010750 f   libucrt:powhlp.obj
 0001:0000f7ba       __powhlp                   100107ba f   libucrt:powhlp.obj
 0001:0000f8e5       __87except                 100108e5 f   libucrt:87except.obj
 0001:0000f9f0       __frnd                     100109f0 f   libucrt:frnd.obj
 0001:0000fa06       __errcode                  10010a06 f   libucrt:fpexcept.obj
 0001:0000fa3a       __except1                  10010a3a f   libucrt:fpexcept.obj
 0001:0000fb08       __handle_exc               10010b08 f   libucrt:fpexcept.obj
 0001:0000fce8       __raise_exc                10010ce8 f   libucrt:fpexcept.obj
 0001:0000fd0b       __raise_exc_ex             10010d0b f   libucrt:fpexcept.obj
 0001:0000fffc       __set_errno_from_matherr   10010ffc f   libucrt:fpexcept.obj
 0001:0001002b       __umatherr                 1001102b f   libucrt:fpexcept.obj
 0001:000100cd       __decomp                   100110cd f   libucrt:util.obj
 0001:000101a1       __set_exp                  100111a1 f   libucrt:util.obj
 0001:000101d0       __sptype                   100111d0 f   libucrt:util.obj
 0001:0001022e       __fpclass                  1001122e f   libucrt:ieeemisc.obj
 0001:000102d2       _IsProcessorFeaturePresent@4 100112d2 f   kernel32:KERNEL32.dll
 0001:000102d8       _RtlUnwind@16              100112d8 f   kernel32:KERNEL32.dll
 0001:000102de       _SystemFunction036@8       100112de f   advapi32:ADVAPI32.dll
 0001:000102f0       __FindPESection            100112f0 f   LIBCMT:pesect.obj
 0001:00010340       __IsNonwritableInCurrentImage 10011340 f   LIBCMT:pesect.obj
 0001:00010400       __ValidateImageBase        10011400 f   LIBCMT:pesect.obj
 0001:00010440       __aulldvrm                 10011440 f   LIBCMT:ulldvrm.obj
 0001:000104e0       __SEH_prolog4_GS           100114e0 f   LIBCMT:_sehprolg4gs_.obj
 0001:00010529       __SEH_epilog4_GS           10011529 f   LIBCMT:_sehprolg4gs_.obj
 0001:00010540       __allmul                   10011540 f   LIBCMT:llmul.obj
 0001:00010580       __alldvrm                  10011580 f   LIBCMT:lldvrm.obj
 0001:00010660       __aullshr                  10011660 f   LIBCMT:ullshr.obj
 0001:00010680       __alloca_probe             10011680 f   LIBCMT:chkstk.obj
 0001:00010680       __chkstk                   10011680 f   LIBCMT:chkstk.obj
 0001:000106b0       __alloca_probe_16          100116b0 f   LIBCMT:alloca16.obj
 0001:000106c6       __alloca_probe_8           100116c6     LIBCMT:alloca16.obj
 0001:000106e0       __allshl                   100116e0 f   LIBCMT:llshl.obj
 0001:00010700       __ftol2_sse                10011700 f   LIBCMT:_ftol2_.obj
 0001:00010709       __ftol2_pentium4           10011709 f   LIBCMT:_ftol2_.obj
 0001:0001071c       __ftol2_sse_excpt          1001171c f   LIBCMT:_ftol2_.obj
 0001:00010740       __ftol2                    10011740 f   LIBCMT:_ftol2_.obj
 0001:000107c0       _memcpy                    100117c0 f   libvcruntime:memcpy.obj
 0001:00010d40       _memmove                   10011d40 f   libvcruntime:memmove.obj
 0001:000112c0       _strrchr                   100122c0 f   libvcruntime:strrchr.obj
 0001:00011400       _strchr                    10012400 f   libvcruntime:strchr.obj
 0001:0001146e       ___from_strstr_to_strchr   1001246e     libvcruntime:strchr.obj
 0001:00011530       __aulldiv                  10012530 f   LIBCMT:ulldiv.obj
 0002:00000000       __imp__SystemFunction036@8 10013000     advapi32:ADVAPI32.dll
 0002:00000004       \177ADVAPI32_NULL_THUNK_DATA 10013004     advapi32:ADVAPI32.dll
 0002:00000008       __imp__RaiseException@16   10013008     kernel32:KERNEL32.dll
 0002:0000000c       __imp__DecodePointer@4     1001300c     kernel32:KERNEL32.dll
 0002:00000010       __imp__ReadConsoleW@20     10013010     kernel32:KERNEL32.dll
 0002:00000014       __imp__ReadFile@20         10013014     kernel32:KERNEL32.dll
 0002:00000018       __imp__SetEndOfFile@4      10013018     kernel32:KERNEL32.dll
 0002:0000001c       __imp__HeapReAlloc@16      1001301c     kernel32:KERNEL32.dll
 0002:00000020       __imp__HeapSize@12         10013020     kernel32:KERNEL32.dll
 0002:00000024       __imp__WriteConsoleW@20    10013024     kernel32:KERNEL32.dll
 0002:00000028       __imp__SetFilePointerEx@20 10013028     kernel32:KERNEL32.dll
 0002:0000002c       __imp__FlushFileBuffers@4  1001302c     kernel32:KERNEL32.dll
 0002:00000030       __imp__SetStdHandle@8      10013030     kernel32:KERNEL32.dll
 0002:00000034       __imp__CreateFileW@28      10013034     kernel32:KERNEL32.dll
 0002:00000038       __imp__GetStringTypeW@16   10013038     kernel32:KERNEL32.dll
 0002:0000003c       __imp__GetCommandLineW@0   1001303c     kernel32:KERNEL32.dll
 0002:00000040       __imp__GetCommandLineA@0   10013040     kernel32:KERNEL32.dll
 0002:00000044       __imp__GetProcessHeap@0    10013044     kernel32:KERNEL32.dll
 0002:00000048       __imp__FreeEnvironmentStringsW@4 10013048     kernel32:KERNEL32.dll
 0002:0000004c       __imp__GetEnvironmentStringsW@0 1001304c     kernel32:KERNEL32.dll
 0002:00000050       __imp__GetCPInfo@8         10013050     kernel32:KERNEL32.dll
 0002:00000054       __imp__GetOEMCP@0          10013054     kernel32:KERNEL32.dll
 0002:00000058       __imp__IsValidCodePage@4   10013058     kernel32:KERNEL32.dll
 0002:0000005c       __imp__UnhandledExceptionFilter@4 1001305c     kernel32:KERNEL32.dll
 0002:00000060       __imp__SetUnhandledExceptionFilter@4 10013060     kernel32:KERNEL32.dll
 0002:00000064       __imp__GetCurrentProcess@0 10013064     kernel32:KERNEL32.dll
 0002:00000068       __imp__TerminateProcess@8  10013068     kernel32:KERNEL32.dll
 0002:0000006c       __imp__IsProcessorFeaturePresent@4 1001306c     kernel32:KERNEL32.dll
 0002:00000070       __imp__IsDebuggerPresent@0 10013070     kernel32:KERNEL32.dll
 0002:00000074       __imp__GetStartupInfoW@4   10013074     kernel32:KERNEL32.dll
 0002:00000078       __imp__GetModuleHandleW@4  10013078     kernel32:KERNEL32.dll
 0002:0000007c       __imp__QueryPerformanceCounter@4 1001307c     kernel32:KERNEL32.dll
 0002:00000080       __imp__GetCurrentProcessId@0 10013080     kernel32:KERNEL32.dll
 0002:00000084       __imp__GetCurrentThreadId@0 10013084     kernel32:KERNEL32.dll
 0002:00000088       __imp__GetSystemTimeAsFileTime@4 10013088     kernel32:KERNEL32.dll
 0002:0000008c       __imp__InitializeSListHead@4 1001308c     kernel32:KERNEL32.dll
 0002:00000090       __imp__GetLastError@0      10013090     kernel32:KERNEL32.dll
 0002:00000094       __imp__GetModuleFileNameW@12 10013094     kernel32:KERNEL32.dll
 0002:00000098       __imp__InterlockedFlushSList@4 10013098     kernel32:KERNEL32.dll
 0002:0000009c       __imp__SetLastError@4      1001309c     kernel32:KERNEL32.dll
 0002:000000a0       __imp__EnterCriticalSection@4 100130a0     kernel32:KERNEL32.dll
 0002:000000a4       __imp__LeaveCriticalSection@4 100130a4     kernel32:KERNEL32.dll
 0002:000000a8       __imp__DeleteCriticalSection@4 100130a8     kernel32:KERNEL32.dll
 0002:000000ac       __imp__InitializeCriticalSectionAndSpinCount@8 100130ac     kernel32:KERNEL32.dll
 0002:000000b0       __imp__TlsAlloc@0          100130b0     kernel32:KERNEL32.dll
 0002:000000b4       __imp__TlsGetValue@4       100130b4     kernel32:KERNEL32.dll
 0002:000000b8       __imp__TlsSetValue@8       100130b8     kernel32:KERNEL32.dll
 0002:000000bc       __imp__TlsFree@4           100130bc     kernel32:KERNEL32.dll
 0002:000000c0       __imp__FreeLibrary@4       100130c0     kernel32:KERNEL32.dll
 0002:000000c4       __imp__GetProcAddress@8    100130c4     kernel32:KERNEL32.dll
 0002:000000c8       __imp__LoadLibraryExW@12   100130c8     kernel32:KERNEL32.dll
 0002:000000cc       __imp__RtlUnwind@16        100130cc     kernel32:KERNEL32.dll
 0002:000000d0       __imp__ExitProcess@4       100130d0     kernel32:KERNEL32.dll
 0002:000000d4       __imp__GetModuleHandleExW@12 100130d4     kernel32:KERNEL32.dll
 0002:000000d8       __imp__MultiByteToWideChar@24 100130d8     kernel32:KERNEL32.dll
 0002:000000dc       __imp__WideCharToMultiByte@32 100130dc     kernel32:KERNEL32.dll
 0002:000000e0       __imp__HeapFree@12         100130e0     kernel32:KERNEL32.dll
 0002:000000e4       __imp__HeapAlloc@12        100130e4     kernel32:KERNEL32.dll
 0002:000000e8       __imp__CloseHandle@4       100130e8     kernel32:KERNEL32.dll
 0002:000000ec       __imp__GetACP@0            100130ec     kernel32:KERNEL32.dll
 0002:000000f0       __imp__GetStdHandle@4      100130f0     kernel32:KERNEL32.dll
 0002:000000f4       __imp__GetFileType@4       100130f4     kernel32:KERNEL32.dll
 0002:000000f8       __imp__WriteFile@20        100130f8     kernel32:KERNEL32.dll
 0002:000000fc       __imp__GetConsoleCP@0      100130fc     kernel32:KERNEL32.dll
 0002:00000100       __imp__GetConsoleMode@8    10013100     kernel32:KERNEL32.dll
 0002:00000104       __imp__LCMapStringW@24     10013104     kernel32:KERNEL32.dll
 0002:00000108       \177KERNEL32_NULL_THUNK_DATA 10013108     kernel32:KERNEL32.dll
 0002:0000010c       __imp_?WriteHeapStatsChunk@OutputStream@v8@@UAE?AW4WriteResult@12@PAUHeapStatsUpdate@2@H@Z 1001310c     node:node.exe
 0002:00000110       __imp_??_7OutputStream@v8@@6B@ 10013110     node:node.exe
 0002:00000114       __imp_?MakeCallback@node@@YA?AV?$Local@VValue@v8@@@v8@@PAVIsolate@3@V?$Local@VObject@v8@@@3@V?$Local@VFunction@v8@@@3@HPAV23@@Z 10013114     node:node.exe
 0002:00000118       __imp__node_module_register 10013118     node:node.exe
 0002:0000011c       __imp_?Set@Object@v8@@QAE_NV?$Local@VValue@v8@@@2@0@Z 1001311c     node:node.exe
 0002:00000120       __imp_?NewFromUtf8@String@v8@@SA?AV?$Local@VString@v8@@@2@PAVIsolate@2@PBDW4NewStringType@12@H@Z 10013120     node:node.exe
 0002:00000124       __imp_??0Utf8Value@String@v8@@QAE@V?$Local@VValue@v8@@@2@@Z 10013124     node:node.exe
 0002:00000128       __imp_??1Utf8Value@String@v8@@QAE@XZ 10013128     node:node.exe
 0002:0000012c       __imp_?IsFunction@Value@v8@@QBE_NXZ 1001312c     node:node.exe
 0002:00000130       __imp_?Int32Value@Value@v8@@QBEHXZ 10013130     node:node.exe
 0002:00000134       __imp_?GlobalizeReference@V8@v8@@CAPAPAVObject@internal@2@PAVIsolate@42@PAPAV342@@Z 10013134     node:node.exe
 0002:00000138       __imp_?DisposeGlobal@V8@v8@@CAXPAPAVObject@internal@2@@Z 10013138     node:node.exe
 0002:0000013c       __imp_?New@FunctionTemplate@v8@@SA?AV?$Local@VFunctionTemplate@v8@@@2@PAVIsolate@2@P6AXABV?$FunctionCallbackInfo@VValue@v8@@@2@@ZV?$Local@VValue@v8@@@2@V?$Local@VSignature@v8@@@2@H@Z 1001313c     node:node.exe
 0002:00000140       __imp_?GetFunction@FunctionTemplate@v8@@QAE?AV?$Local@VFunction@v8@@@2@XZ 10013140     node:node.exe
 0002:00000144       __imp_??0HandleScope@v8@@QAE@PAVIsolate@1@@Z 10013144     node:node.exe
 0002:00000148       __imp_??1HandleScope@v8@@QAE@XZ 10013148     node:node.exe
 0002:0000014c       __imp_?CreateHandle@HandleScope@v8@@KAPAPAVObject@internal@2@PAVIsolate@42@PAV342@@Z 1001314c     node:node.exe
 0002:00000150       __imp_?TakeHeapSnapshot@HeapProfiler@v8@@QAEPBVHeapSnapshot@2@PAVActivityControl@2@PAVObjectNameResolver@12@@Z 10013150     node:node.exe
 0002:00000154       __imp_?GetCurrent@Isolate@v8@@SAPAV12@XZ 10013154     node:node.exe
 0002:00000158       __imp_?GetHeapProfiler@Isolate@v8@@QAEPAVHeapProfiler@2@XZ 10013158     node:node.exe
 0002:0000015c       __imp_?GetCurrentContext@Isolate@v8@@QAE?AV?$Local@VContext@v8@@@2@XZ 1001315c     node:node.exe
 0002:00000160       __imp_?Delete@HeapSnapshot@v8@@QAEXXZ 10013160     node:node.exe
 0002:00000164       __imp_?Serialize@HeapSnapshot@v8@@QBEXPAVOutputStream@2@W4SerializationFormat@12@@Z 10013164     node:node.exe
 0002:00000168       __imp_?New@Integer@v8@@SA?AV?$Local@VInteger@v8@@@2@PAVIsolate@2@H@Z 10013168     node:node.exe
 0002:0000016c       __imp_?Global@Context@v8@@QAE?AV?$Local@VObject@v8@@@2@XZ 1001316c     node:node.exe
 0002:00000170       __imp__uv_hrtime           10013170     node:node.exe
 0002:00000174       \177node_NULL_THUNK_DATA   10013174     node:node.exe
 0002:00000178       ___guard_check_icall_fptr  10013178     LIBCMT:guard_support.obj
 0002:0000017c       ___xc_a                    1001317c     LIBCMT:initializers.obj
 0002:00000184       __register_addon_          10013184     heapdump.obj
 0002:00000188       ___xc_z                    10013188     LIBCMT:initializers.obj
 0002:0000018c       ___xi_a                    1001318c     LIBCMT:initializers.obj
 0002:00000190       ___acrt_stdio_initializer  10013190     libucrt:stdio_initializer.obj
 0002:00000194       ___acrt_multibyte_initializer 10013194     libucrt:multibyte_initializer.obj
 0002:00000198       ___acrt_tran_sse2_initializer 10013198     libucrt:sse2_initializer.obj
 0002:0000019c       ___xi_z                    1001319c     LIBCMT:initializers.obj
 0002:000001a0       ___xp_a                    100131a0     LIBCMT:initializers.obj
 0002:000001a4       ___acrt_locale_terminator  100131a4     libucrt:locale_initializer.obj
 0002:000001a8       ___dcrt_console_output_terminator 100131a8     libucrt:console_output_initializer.obj
 0002:000001ac       ___acrt_stdio_terminator   100131ac     libucrt:stdio_initializer.obj
 0002:000001b0       ___xp_z                    100131b0     LIBCMT:initializers.obj
 0002:000001b4       ___xt_a                    100131b4     LIBCMT:initializers.obj
 0002:000001b8       ___xt_z                    100131b8     LIBCMT:initializers.obj
 0002:000001c0       __pRawDllMain              100131c0     LIBCMT:dll_dllmain.obj
 0002:000001c0       __pDefaultRawDllMain       100131c0     LIBCMT:dll_dllmain.obj
 0002:000001cc       __Microsoft_CRTProvider    100131cc     libvcruntime:telemetry.obj
 0002:000001d0       ??_C@_00CNPNBAHC@?$AA@     100131d0     libvcruntime:telemetry.obj
 0002:000001d4       ??_C@_11LOCGONAA@?$AA?$AA@ 100131d4     libvcruntime:telemetry.obj
 0002:000001d8       ??_C@_0O@JEOPJOMI@Main?5Invoked?4?$AA@ 100131d8     libvcruntime:telemetry.obj
 0002:000001e8       ??_C@_0P@NEAEIBDO@Main?5Returned?4?$AA@ 100131e8     libvcruntime:telemetry.obj
 0002:00000208       ??_C@_1BC@DNHGCMLG@?$AAa?$AAd?$AAv?$AAa?$AAp?$AAi?$AA3?$AA2?$AA?$AA@ 10013208     libvcruntime:winapi_downlevel.obj
 0002:0000021c       ??_C@_1DM@KHCHBNEB@?$AAa?$AAp?$AAi?$AA?9?$AAm?$AAs?$AA?9?$AAw?$AAi?$AAn?$AA?9?$AAc?$AAo?$AAr?$AAe?$AA?9?$AAf?$AAi?$AAb?$AAe?$AAr?$AAs?$AA?9?$AAl?$AA1?$AA?9?$AA1?$AA?9?$AA1?$AA?$AA@ 1001321c     libvcruntime:winapi_downlevel.obj
 0002:00000258       ??_C@_1DK@LPPGFMPP@?$AAa?$AAp?$AAi?$AA?9?$AAm?$AAs?$AA?9?$AAw?$AAi?$AAn?$AA?9?$AAc?$AAo?$AAr?$AAe?$AA?9?$AAs?$AAy?$AAn?$AAc?$AAh?$AA?9?$AAl?$AA1?$AA?9?$AA2?$AA?9?$AA0?$AA?$AA@ 10013258     libvcruntime:winapi_downlevel.obj
 0002:00000294       ??_C@_1BC@GDMECMAK@?$AAk?$AAe?$AAr?$AAn?$AAe?$AAl?$AA3?$AA2?$AA?$AA@ 10013294     libvcruntime:winapi_downlevel.obj
 0002:000002ac       ??_C@_0O@BAMBGLIE@EventRegister?$AA@ 100132ac     libvcruntime:winapi_downlevel.obj
 0002:000002c0       ??_C@_0BE@BJEEGHGK@EventSetInformation?$AA@ 100132c0     libvcruntime:winapi_downlevel.obj
 0002:000002d8       ??_C@_0BA@FAKLIPIC@EventUnregister?$AA@ 100132d8     libvcruntime:winapi_downlevel.obj
 0002:000002ec       ??_C@_0BD@PKLHJPHD@EventWriteTransfer?$AA@ 100132ec     libvcruntime:winapi_downlevel.obj
 0002:00000308       ??_C@_08KNHFBNJ@FlsAlloc?$AA@ 10013308     libvcruntime:winapi_downlevel.obj
 0002:0000031c       ??_C@_07PEJMOBNF@FlsFree?$AA@ 1001331c     libvcruntime:winapi_downlevel.obj
 0002:0000032c       ??_C@_0M@GDNOONDI@FlsGetValue?$AA@ 1001332c     libvcruntime:winapi_downlevel.obj
 0002:00000340       ??_C@_0M@JCPCPOEF@FlsSetValue?$AA@ 10013340     libvcruntime:winapi_downlevel.obj
 0002:00000354       ??_C@_0BM@HCFOFFN@InitializeCriticalSectionEx?$AA@ 10013354     libvcruntime:winapi_downlevel.obj
 0002:00000500       ??_C@_08EHJDFFNH@__based?$CI?$AA@ 10013500     libvcruntime:undname.obj
 0002:0000050c       ??_C@_07KOLFKCDI@__cdecl?$AA@ 1001350c     libvcruntime:undname.obj
 0002:00000514       ??_C@_08GHMPAG@__pascal?$AA@ 10013514     libvcruntime:undname.obj
 0002:00000520       ??_C@_09IFJBGAPI@__stdcall?$AA@ 10013520     libvcruntime:undname.obj
 0002:0000052c       ??_C@_0L@NPHFGOKO@__thiscall?$AA@ 1001352c     libvcruntime:undname.obj
 0002:00000538       ??_C@_0L@JMKHOMEK@__fastcall?$AA@ 10013538     libvcruntime:undname.obj
 0002:00000544       ??_C@_0N@BCKKPABJ@__vectorcall?$AA@ 10013544     libvcruntime:undname.obj
 0002:00000554       ??_C@_09HIJEGCPM@__clrcall?$AA@ 10013554     libvcruntime:undname.obj
 0002:00000560       ??_C@_06GHPCKEAG@__eabi?$AA@ 10013560     libvcruntime:undname.obj
 0002:00000568       ??_C@_07JOMMBBKO@__ptr64?$AA@ 10013568     libvcruntime:undname.obj
 0002:00000570       ??_C@_0L@PILCLIHE@__restrict?$AA@ 10013570     libvcruntime:undname.obj
 0002:0000057c       ??_C@_0M@GFIIJFMG@__unaligned?$AA@ 1001357c     libvcruntime:undname.obj
 0002:00000588       ??_C@_09DHDLOLLB@restrict?$CI?$AA@ 10013588     libvcruntime:undname.obj
 0002:00000594       ??_C@_04NIHEBCM@?5new?$AA@ 10013594     libvcruntime:undname.obj
 0002:0000059c       ??_C@_07FPCDHGMM@?5delete?$AA@ 1001359c     libvcruntime:undname.obj
 0002:000005a4       ??_C@_01NEMOKFLO@?$DN?$AA@ 100135a4     libvcruntime:undname.obj
 0002:000005a8       ??_C@_02GPIOPFAK@?$DO?$DO?$AA@ 100135a8     libvcruntime:undname.obj
 0002:000005ac       ??_C@_02FODMEDOG@?$DM?$DM?$AA@ 100135ac     libvcruntime:undname.obj
 0002:000005b0       ??_C@_01DCLJPIOD@?$CB?$AA@ 100135b0     libvcruntime:undname.obj
 0002:000005b4       ??_C@_02EGOFBIJA@?$DN?$DN?$AA@ 100135b4     libvcruntime:undname.obj
 0002:000005b8       ??_C@_02FDNJECIE@?$CB?$DN?$AA@ 100135b8     libvcruntime:undname.obj
 0002:000005bc       ??_C@_02GPECMEKF@?$FL?$FN?$AA@ 100135bc     libvcruntime:undname.obj
 0002:000005c0       ??_C@_08LHJFAFGD@operator?$AA@ 100135c0     libvcruntime:undname.obj
 0002:000005cc       ??_C@_02HBOOOICD@?9?$DO?$AA@ 100135cc     libvcruntime:undname.obj
 0002:000005d0       ??_C@_01NBENCBCI@?$CK?$AA@ 100135d0     libvcruntime:undname.obj
 0002:000005d4       ??_C@_02ECNGHCIF@?$CL?$CL?$AA@ 100135d4     libvcruntime:undname.obj
 0002:000005d8       ??_C@_02BAABKJLB@?9?9?$AA@ 100135d8     libvcruntime:undname.obj
 0002:000005dc       ??_C@_01JOAMLHOP@?9?$AA@   100135dc     libvcruntime:undname.obj
 0002:000005e0       ??_C@_01MIFGBAGJ@?$CL?$AA@ 100135e0     libvcruntime:undname.obj
 0002:000005e4       ??_C@_01HNPIGOCE@?$CG?$AA@ 100135e4     libvcruntime:undname.obj
 0002:000005e8       ??_C@_03MNHNFDLC@?9?$DO?$CK?$AA@ 100135e8     libvcruntime:undname.obj
 0002:000005ec       ??_C@_01KMDKNFGN@?1?$AA@   100135ec     libvcruntime:undname.obj
 0002:000005f0       ??_C@_01FGNFDNOH@?$CF?$AA@ 100135f0     libvcruntime:undname.obj
 0002:000005f4       ??_C@_01MNNFJEPP@?$DM?$AA@ 100135f4     libvcruntime:undname.obj
 0002:000005f8       ??_C@_02EHCHHCKH@?$DM?$DN?$AA@ 100135f8     libvcruntime:undname.obj
 0002:000005fc       ??_C@_01PPODPGHN@?$DO?$AA@ 100135fc     libvcruntime:undname.obj
 0002:00000600       ??_C@_02EEKDKGMJ@?$DO?$DN?$AA@ 10013600     libvcruntime:undname.obj
 0002:00000604       ??_C@_01IHBHIGKO@?0?$AA@   10013604     libvcruntime:undname.obj
 0002:00000608       ??_C@_02HCKGKOFO@?$CI?$CJ?$AA@ 10013608     libvcruntime:undname.obj
 0002:0000060c       ??_C@_01PJKLJHI@?$HO?$AA@  1001360c     libvcruntime:undname.obj
 0002:00000610       ??_C@_01JKBOJNNK@?$FO?$AA@ 10013610     libvcruntime:undname.obj
 0002:00000614       ??_C@_01DNKMNLPK@?$HM?$AA@ 10013614     libvcruntime:undname.obj
 0002:00000618       ??_C@_02PPKAJPJL@?$CG?$CG?$AA@ 10013618     libvcruntime:undname.obj
 0002:0000061c       ??_C@_02NONPIBCD@?$HM?$HM?$AA@ 1001361c     libvcruntime:undname.obj
 0002:00000620       ??_C@_02FPIMKNGF@?$CK?$DN?$AA@ 10013620     libvcruntime:undname.obj
 0002:00000624       ??_C@_02FOEOMHFC@?$CL?$DN?$AA@ 10013624     libvcruntime:undname.obj
 0002:00000628       ??_C@_02FKMDLLOA@?9?$DN?$AA@ 10013628     libvcruntime:undname.obj
 0002:0000062c       ??_C@_02FJEHGPIO@?1?$DN?$AA@ 1001362c     libvcruntime:undname.obj
 0002:00000630       ??_C@_02FENAOKFI@?$CF?$DN?$AA@ 10013630     libvcruntime:undname.obj
 0002:00000634       ??_C@_03IKFCCPFF@?$DO?$DO?$DN?$AA@ 10013634     libvcruntime:undname.obj
 0002:00000638       ??_C@_03CDNPDDLA@?$DM?$DM?$DN?$AA@ 10013638     libvcruntime:undname.obj
 0002:0000063c       ??_C@_02FGJGFEAB@?$CG?$DN?$AA@ 1001363c     libvcruntime:undname.obj
 0002:00000640       ??_C@_02DHLNPPGH@?$HM?$DN?$AA@ 10013640     libvcruntime:undname.obj
 0002:00000644       ??_C@_02MHEGNOJ@?$FO?$DN?$AA@ 10013644     libvcruntime:undname.obj
 0002:00000648       ??_C@_09IFPLHPGF@?$GAvftable?8?$AA@ 10013648     libvcruntime:undname.obj
 0002:00000654       ??_C@_09BLBHBJP@?$GAvbtable?8?$AA@ 10013654     libvcruntime:undname.obj
 0002:00000660       ??_C@_07FEEIOKP@?$GAvcall?8?$AA@ 10013660     libvcruntime:undname.obj
 0002:00000668       ??_C@_08LLFFHHDJ@?$GAtypeof?8?$AA@ 10013668     libvcruntime:undname.obj
 0002:00000674       ??_C@_0BF@KDPPACIK@?$GAlocal?5static?5guard?8?$AA@ 10013674     libvcruntime:undname.obj
 0002:0000068c       ??_C@_08OBABFOLI@?$GAstring?8?$AA@ 1001368c     libvcruntime:undname.obj
 0002:00000698       ??_C@_0BD@JDLKDPAB@?$GAvbase?5destructor?8?$AA@ 10013698     libvcruntime:undname.obj
 0002:000006ac       ??_C@_0BN@DEGPLNFK@?$GAvector?5deleting?5destructor?8?$AA@ 100136ac     libvcruntime:undname.obj
 0002:000006cc       ??_C@_0BO@OBMKPJIG@?$GAdefault?5constructor?5closure?8?$AA@ 100136cc     libvcruntime:undname.obj
 0002:000006ec       ??_C@_0BN@IMDCHIKM@?$GAscalar?5deleting?5destructor?8?$AA@ 100136ec     libvcruntime:undname.obj
 0002:0000070c       ??_C@_0BO@PFGOCPJJ@?$GAvector?5constructor?5iterator?8?$AA@ 1001370c     libvcruntime:undname.obj
 0002:0000072c       ??_C@_0BN@LFPFMEDL@?$GAvector?5destructor?5iterator?8?$AA@ 1001372c     libvcruntime:undname.obj
 0002:0000074c       ??_C@_0CE@IKBNEHA@?$GAvector?5vbase?5constructor?5iterat@ 1001374c     libvcruntime:undname.obj
 0002:00000770       ??_C@_0BL@NILFHHPC@?$GAvirtual?5displacement?5map?8?$AA@ 10013770     libvcruntime:undname.obj
 0002:0000078c       ??_C@_0CB@JONCMFFK@?$GAeh?5vector?5constructor?5iterator?8@ 1001378c     libvcruntime:undname.obj
 0002:000007b0       ??_C@_0CA@GCEOPDGL@?$GAeh?5vector?5destructor?5iterator?8?$AA@ 100137b0     libvcruntime:undname.obj
 0002:000007d0       ??_C@_0CH@OOJPLCPH@?$GAeh?5vector?5vbase?5constructor?5ite@ 100137d0     libvcruntime:undname.obj
 0002:000007f8       ??_C@_0BL@LLKPOHJI@?$GAcopy?5constructor?5closure?8?$AA@ 100137f8     libvcruntime:undname.obj
 0002:00000814       ??_C@_0BA@KBCDOMBN@?$GAudt?5returning?8?$AA@ 10013814     libvcruntime:undname.obj
[...]
 0002:000002bc       ?candidate_modules@?1??try_get_EventSetInformation@@YAP6GK_KW4_EVENT_INFO_CLASS@@PAXK@ZXZ@4QBW4module_id@?A0x1821e63c@@B 100132bc     libvcruntime:winapi_downlevel.obj
 0002:000002d4       ?candidate_modules@?1??try_get_EventUnregister@@YAP6GK_K@ZXZ@4QBW4module_id@?A0x1821e63c@@B 100132d4     libvcruntime:winapi_downlevel.obj
 0002:000002e8       ?candidate_modules@?1??try_get_EventWriteTransfer@@YAP6GK_KPBU_EVENT_DESCRIPTOR@@PBU_GUID@@2KPAU_EVENT_DATA_DESCRIPTOR@@@ZXZ@4QBW4module_id@?A0x1821e63c@@B 100132e8     libvcruntime:winapi_downlevel.obj
 0002:00000300       ?candidate_modules@?1??try_get_FlsAlloc@@YAP6GKP6GXPAX@Z@ZXZ@4QBW4module_id@?A0x1821e63c@@B 10013300     libvcruntime:winapi_downlevel.obj
 0002:00000314       ?candidate_modules@?1??try_get_FlsFree@@YAP6GHK@ZXZ@4QBW4module_id@?A0x1821e63c@@B 10013314     libvcruntime:winapi_downlevel.obj
 0002:00000324       ?candidate_modules@?1??try_get_FlsGetValue@@YAP6GPAXK@ZXZ@4QBW4module_id@?A0x1821e63c@@B 10013324     libvcruntime:winapi_downlevel.obj
 0002:00000338       ?candidate_modules@?1??try_get_FlsSetValue@@YAP6GHKPAX@ZXZ@4QBW4module_id@?A0x1821e63c@@B 10013338     libvcruntime:winapi_downlevel.obj
 0002:0000034c       ?candidate_modules@?1??try_get_InitializeCriticalSectionEx@@YAP6GHPAU_RTL_CRITICAL_SECTION@@KK@ZXZ@4QBW4module_id@?A0x1821e63c@@B 1001334c     libvcruntime:winapi_downlevel.obj
 0002:00000370       ?tokenTable@@3QBQBDB       10013370     libvcruntime:undname.obj
 0002:000003a8       ?nameTable@@3QBQBDB        100133a8     libvcruntime:undname.obj
 0002:000004ec       ?rttiTable@@3QBQBDB        100134ec     libvcruntime:undname.obj
 0002:00000c10       ___acrt_initializers       10013c10     libucrt:initialization.obj
 0002:00000c88       _errtable                  10013c88     libucrt:errno.obj
 0002:00001318       _module_names              10014318     libucrt:winapi_thunks.obj
 0002:000017b8       ?candidate_modules@?1??try_get_AreFileApisANSI@@YAP6GHXZXZ@4QBW4module_id@?A0x352e5c4b@@B 100147b8     libucrt:winapi_thunks.obj
 0002:000017cc       ?candidate_modules@?1??try_get_FlsAlloc@@YAP6GKP6GXPAX@Z@ZXZ@4QBW4module_id@?A0x352e5c4b@@B 100147cc     libucrt:winapi_thunks.obj
 0002:000017d4       ?candidate_modules@?1??try_get_FlsFree@@YAP6GHK@ZXZ@4QBW4module_id@?A0x352e5c4b@@B 100147d4     libucrt:winapi_thunks.obj
 0002:000017dc       ?candidate_modules@?1??try_get_FlsGetValue@@YAP6GPAXK@ZXZ@4QBW4module_id@?A0x352e5c4b@@B 100147dc     libucrt:winapi_thunks.obj
 0002:000017e4       ?candidate_modules@?1??try_get_FlsSetValue@@YAP6GHKPAX@ZXZ@4QBW4module_id@?A0x352e5c4b@@B 100147e4     libucrt:winapi_thunks.obj
 0002:000017ec       ?candidate_modules@?1??try_get_GetCurrentPackageId@@YAP6GJPAIPAE@ZXZ@4QBW4module_id@?A0x352e5c4b@@B 100147ec     libucrt:winapi_thunks.obj
 0002:00001808       ?candidate_modules@?1??try_get_InitializeCriticalSectionEx@@YAP6GHPAU_RTL_CRITICAL_SECTION@@KK@ZXZ@4QBW4module_id@?A0x352e5c4b@@B 10014808     libucrt:winapi_thunks.obj
 0002:00001810       ?candidate_modules@?1??try_get_LCMapStringEx@@YAP6GHPB_WK0HPA_WHPAU_nlsversioninfo@@PAXJ@ZXZ@4QBW4module_id@?A0x352e5c4b@@B 10014810     libucrt:winapi_thunks.obj
 0002:00001828       ?candidate_modules@?1??try_get_LocaleNameToLCID@@YAP6GKPB_WK@ZXZ@4QBW4module_id@?A0x352e5c4b@@B 10014828     libucrt:winapi_thunks.obj
 0002:00001844       __mb_locale_names          10014844     libucrt:mbctype.obj
 0002:00002878       _LcidToLocaleNameTable     10015878     libucrt:lcidtoname_downlevel.obj
 0002:00003998       _LocaleNameToIndexTable    10016998     libucrt:lcidtoname_downlevel.obj
 0002:000048f0       LOG_name                   100178f0     libucrt:log10.obj
 0002:00004900       _One                       10017900     libucrt:ceil_pentium4.obj
 0002:00004910       _Bns                       10017910     libucrt:ceil_pentium4.obj
 0002:00004920       _Zero                      10017920     libucrt:ceil_pentium4.obj
 0002:00004930       _S                         10017930     libucrt:ceil_pentium4.obj
 0002:00004940       _NegZero                   10017940     libucrt:ceil_pentium4.obj
 0002:00004960       emask                      10017960     libucrt:log10_pentium4.obj
 0002:00004970       CC                         10017970     libucrt:log10_pentium4.obj
 0002:00004980       Magic                      10017980     libucrt:log10_pentium4.obj
 0002:00004990       hi_mask                    10017990     libucrt:log10_pentium4.obj
 0002:000049a0       LOG10_2                    100179a0     libucrt:log10_pentium4.obj
 0002:000049b0       place_L                    100179b0     libucrt:log10_pentium4.obj
 0002:000049d0       One                        100179d0     libucrt:log10_pentium4.obj
 0002:000049e0       Zero                       100179e0     libucrt:log10_pentium4.obj
 0002:000049f0       Two52                      100179f0     libucrt:log10_pentium4.obj
 0002:00004a00       Infs                       10017a00     libucrt:log10_pentium4.obj
 0002:00004a10       NaN                        10017a10     libucrt:log10_pentium4.obj
 0002:00004a20       coeff                      10017a20     libucrt:log10_pentium4.obj
 0002:00004a7e       _log2max                   10017a7e     libucrt:87tran.obj
 0002:00004a88       _smallarg                  10017a88     libucrt:87tran.obj
 0002:00004a92       _half                      10017a92     libucrt:87tran.obj
 0002:00004ade       One                        10017ade     libucrt:87disp.obj
 0002:00004ae6       Three                      10017ae6     libucrt:87disp.obj
 0002:00004aee       XAMtoTagTab                10017aee     libucrt:87disp.obj
 0002:00004b00       One                        10017b00     libucrt:common.obj
 0002:00004b14       DblMax                     10017b14     libucrt:common.obj
 0002:00004b1c       DblMin                     10017b1c     libucrt:common.obj
 0002:00004b24       IeeeAdjO                   10017b24     libucrt:common.obj
 0002:00004b2c       IeeeAdjU                   10017b2c     libucrt:common.obj
 0002:00004b34       _infinity                  10017b34     libucrt:common.obj
 0002:00004b3c       _zero                      10017b3c     libucrt:common.obj
 0002:00004b78       _over                      10017b78     libucrt:fpctrl.obj
 0002:00004b84       _under                     10017b84     libucrt:fpctrl.obj
 0002:00005448       ?_names@?1??_get_fname@@9@9 10018448     libucrt:fpexcept.obj
 0002:000056d0       ?_TlgEvent@?3??__telemetry_main_invoke_trigger@@9@4U<unnamed-type-_TlgEvent>@?3??1@YAXQAUHINSTANCE__@@@Z@B 100186d0     libvcruntime:telemetry.obj
 0002:0000570c       ?_TlgEvent@?3??__telemetry_main_return_trigger@@9@4U<unnamed-type-_TlgEvent>@?3??1@YAXQAUHINSTANCE__@@@Z@B 1001870c     libvcruntime:telemetry.obj
 0002:00005747       ?_Tlg_Microsoft_CRTProviderProv_Meta@@3U<unnamed-type-_Tlg_Microsoft_CRTProviderProv_Meta>@@B 10018747     libvcruntime:telemetry.obj
 0002:00005b38       __sehtable$___scrt_is_nonwritable_in_current_image 10018b38     LIBCMT:utility.obj
 0002:00005b58       __sehtable$?dllmain_crt_process_attach@@YAHQAUHINSTANCE__@@QAX@Z 10018b58     LIBCMT:dll_dllmain.obj
 0002:00005b78       __sehtable$?dllmain_crt_process_detach@@YAH_N@Z 10018b78     LIBCMT:dll_dllmain.obj
 0002:00005b98       __sehtable$?dllmain_dispatch@@YAHQAUHINSTANCE__@@KQAX@Z 10018b98     LIBCMT:dll_dllmain.obj
 0002:00005bb8       __sehtable$??$common_fsopen@D@@YAPAU_iobuf@@QBD0H@Z 10018bb8     libucrt:fopen.obj
 0002:00005bd8       __sehtable$_fclose         10018bd8     libucrt:fclose.obj
 0002:00005bf8       __sehtable$??$?RV<lambda_11b4f7b0d3157825a5656a18eba1ae27>@@AAV<lambda_b51c0495177f500e782686251704ae76>@@V<lambda_cf89b47920b5017557bfe891e78aca36>@@@?$__crt_seh_guarded_call@I@@QAEI$$QAV<lambda_11b4f7b0d3157825a5656a18eba1ae27>@@AAV<lambda_b51c0495177f500e782686251704ae76>@@$$QAV<lambda_cf89b47920b5017557bfe891e78aca36>@@@Z 10018bf8     libucrt:fwrite.obj
 0002:00005c18       __sehtable$?common_exit@@YAXHW4_crt_exit_cleanup_mode@@W4_crt_exit_return_mode@@@Z 10018c18     libucrt:exit.obj
 0002:00005c40       __sehtable$??$?RV<lambda_800076c951b434888f4765a74a194fcc>@@AAV<lambda_4e60a939b0d047cfe11ddc22648dfba9>@@V<lambda_6dbb1268764f43b569ce7b67e331d33a>@@@?$__crt_seh_guarded_call@H@@QAEH$$QAV<lambda_800076c951b434888f4765a74a194fcc>@@AAV<lambda_4e60a939b0d047cfe11ddc22648dfba9>@@$$QAV<lambda_6dbb1268764f43b569ce7b67e331d33a>@@@Z 10018c40     libucrt:onexit.obj
 0002:00005c60       __sehtable$??$?RV<lambda_995298e7d72eb4c2aab26c0585b3abe5>@@AAV<lambda_275893d493268fdec8709772e3fcec0e>@@V<lambda_293819299cbf9a7022e18b56a874bb5c>@@@?$__crt_seh_guarded_call@H@@QAEH$$QAV<lambda_995298e7d72eb4c2aab26c0585b3abe5>@@AAV<lambda_275893d493268fdec8709772e3fcec0e>@@$$QAV<lambda_293819299cbf9a7022e18b56a874bb5c>@@@Z 10018c60     libucrt:onexit.obj
 0002:00005c80       __sehtable$_terminate      10018c80     libucrt:terminate.obj
 0002:00005ca0       __sehtable$?__acrt_stdio_allocate_stream@@YA?AV__crt_stdio_stream@@XZ 10018ca0     libucrt:stream.obj
 0002:00005cc0       __sehtable$??$?RV<lambda_123407a5e2ac06da108355a851863b7a>@@AAV<lambda_2fe9b910cf3cbf4a0ab98a02ba45b3ec>@@V<lambda_ae55bdf541ad94d75914d381c370e64d>@@@?$__crt_seh_guarded_call@H@@QAEH$$QAV<lambda_123407a5e2ac06da108355a851863b7a>@@AAV<lambda_2fe9b910cf3cbf4a0ab98a02ba45b3ec>@@$$QAV<lambda_ae55bdf541ad94d75914d381c370e64d>@@@Z 10018cc0     libucrt:close.obj
 0002:00005ce0       __sehtable$_common_flush_all 10018ce0     libucrt:fflush.obj
 0002:00005d08       __sehtable$??$?RV<lambda_9df27f884b057bc3edfc946cb5b7cf47>@@AAV<lambda_e69574bed617af4e071282c136b37893>@@V<lambda_cc0d902bcbbeb830f749456577db4721>@@@?$__crt_seh_guarded_call@X@@QAEX$$QAV<lambda_9df27f884b057bc3edfc946cb5b7cf47>@@AAV<lambda_e69574bed617af4e071282c136b37893>@@$$QAV<lambda_cc0d902bcbbeb830f749456577db4721>@@@Z 10018d08     libucrt:per_thread_data.obj
 0002:00005d28       __sehtable$??$?RV<lambda_3518db117f0e7cdb002338c5d3c47b6c>@@AAV<lambda_b2ea41f6bbb362cd97d94c6828d90b61>@@V<lambda_abdedf541bb04549bc734292b4a045d4>@@@?$__crt_seh_guarded_call@X@@QAEX$$QAV<lambda_3518db117f0e7cdb002338c5d3c47b6c>@@AAV<lambda_b2ea41f6bbb362cd97d94c6828d90b61>@@$$QAV<lambda_abdedf541bb04549bc734292b4a045d4>@@@Z 10018d28     libucrt:per_thread_data.obj
 0002:00005d48       __sehtable$??$?RV<lambda_51b6e8b1eb166f2a3faf91f424b38130>@@AAV<lambda_6250bd4b2a391816dd638c3bf72b0bcb>@@V<lambda_0b5a4a3e68152e1d9b943535f5f47bed>@@@?$__crt_seh_guarded_call@X@@QAEX$$QAV<lambda_51b6e8b1eb166f2a3faf91f424b38130>@@AAV<lambda_6250bd4b2a391816dd638c3bf72b0bcb>@@$$QAV<lambda_0b5a4a3e68152e1d9b943535f5f47bed>@@@Z 10018d48     libucrt:per_thread_data.obj
 0002:00005d68       __sehtable$??$?RV<lambda_5b71d36f03204c0beab531769a5b5694>@@AAV<lambda_be2b3da3f62db62e9dad5dc70221a656>@@V<lambda_8f9ce462984622f9bf76b59e2aaaf805>@@@?$__crt_seh_guarded_call@X@@QAEX$$QAV<lambda_5b71d36f03204c0beab531769a5b5694>@@AAV<lambda_be2b3da3f62db62e9dad5dc70221a656>@@$$QAV<lambda_8f9ce462984622f9bf76b59e2aaaf805>@@@Z 10018d68     libucrt:per_thread_data.obj
 0002:00005d88       __sehtable$___acrt_uninitialize_locale 10018d88     libucrt:wsetlocale.obj
 0002:00005da8       __sehtable$___acrt_initialize_lowio 10018da8     libucrt:ioinit.obj
 0002:00005dc8       __sehtable$__write         10018dc8     libucrt:write.obj
 0002:00005de8       __sehtable$___acrt_update_thread_multibyte_data 10018de8     libucrt:mbctype.obj
 0002:00005e08       __sehtable$??$?RV<lambda_978dc153c237d78434369da87b74ff60>@@AAV<lambda_ad1ced32f4ac17aa236e5ef05d6b3b7c>@@V<lambda_4a8533e2866a575feecb8298ce776b0d>@@@?$__crt_seh_guarded_call@X@@QAEX$$QAV<lambda_978dc153c237d78434369da87b74ff60>@@AAV<lambda_ad1ced32f4ac17aa236e5ef05d6b3b7c>@@$$QAV<lambda_4a8533e2866a575feecb8298ce776b0d>@@@Z 10018e08     libucrt:mbctype.obj
 0002:00005e28       __sehtable$__query_new_handler 10018e28     libucrt:new_handler.obj
 0002:00005e48       __sehtable$_raise          10018e48     libucrt:signal.obj
 0002:00005e68       __sehtable$??$?RV<lambda_a048d3beccc847880fc8490e18b82769>@@AAV<lambda_ec61778202f4f5fc7e7711acc23c3bca>@@V<lambda_f7496a158712204296dd6628a163878e>@@@?$__crt_seh_guarded_call@P6AXH@Z@@QAEP6AXH@Z$$QAV<lambda_a048d3beccc847880fc8490e18b82769>@@AAV<lambda_ec61778202f4f5fc7e7711acc23c3bca>@@$$QAV<lambda_f7496a158712204296dd6628a163878e>@@@Z 10018e68     libucrt:signal.obj
 0002:00005e88       __sehtable$__fcloseall     10018e88     libucrt:closeall.obj
 0002:00005ea8       __sehtable$??$common_sopen_dispatch@D@@YAHQBDHHHQAHH@Z 10018ea8     libucrt:open.obj
 0002:00005ec8       __sehtable$__alloc_osfhnd  10018ec8     libucrt:osfinfo.obj
 0002:00005ee8       __sehtable$___acrt_lowio_ensure_fh_exists 10018ee8     libucrt:osfinfo.obj
 0002:00005f08       __sehtable$??$?RV<lambda_61cee617f5178ae960314fd4d05640a0>@@AAV<lambda_6978c1fb23f02e42e1d9e99668cc68aa>@@V<lambda_9cd88cf8ad10232537feb2133f08c833>@@@?$__crt_seh_guarded_call@H@@QAEH$$QAV<lambda_61cee617f5178ae960314fd4d05640a0>@@AAV<lambda_6978c1fb23f02e42e1d9e99668cc68aa>@@$$QAV<lambda_9cd88cf8ad10232537feb2133f08c833>@@@Z 10018f08     libucrt:commit.obj
 0002:00005f28       __sehtable$___acrt_update_thread_locale_data 10018f28     libucrt:locale_refcounting.obj
 0002:00005f48       __sehtable$??$common_lseek@_J@@YA_JH_JH@Z 10018f48     libucrt:lseek.obj
 0002:00005f68       __sehtable$__IsNonwritableInCurrentImage 10018f68     LIBCMT:pesect.obj
 0002:00005f90       .edata                     10018f90     addon.exp
 0002:00005fb8       rgpv                       10018fb8     addon.exp
 0002:00005fbc       rgszName                   10018fbc     addon.exp
 0002:00005fc0       rgwOrd                     10018fc0     addon.exp
 0002:00005fc2       szName                     10018fc2     addon.exp
 0002:00005fcd       $N00001                    10018fcd     addon.exp
 0002:000067f4       .idata$6                   100197f4     node:node.exe
 0002:00006c9a       .idata$6                   10019c9a     kernel32:KERNEL32.dll
 0002:00006cbc       .idata$6                   10019cbc     advapi32:ADVAPI32.dll
 0003:00000010       ?_Tlg_Microsoft_CRTProviderProv@@3U_TlgProvider_t@__vcrt_trace_logging_provider@@A 1001a010     libvcruntime:telemetry.obj
 0003:00000050       ?__vcrt_flsindex@@3KA      1001a050     libvcruntime:per_thread_data.obj
 0003:00000074       _errno_no_memory           1001a074     libucrt:errno.obj
 0003:00000078       _doserrno_no_memory        1001a078     libucrt:errno.obj
 0003:00000128       ___acrt_flsindex           1001a128     libucrt:per_thread_data.obj
 0003:00000228       ___rgctypeflag             1001a228     libucrt:mbctype.obj
 0003:00000230       ___rgcode_page_info        1001a230     libucrt:mbctype.obj
 0003:000008d0       __module                   1001a8d0     heapdump.obj
 0003:00000908       ?module_local_atexit_table@@3U_onexit_table_t@@A 1001a908     LIBCMT:utility.obj
 0003:00000914       ?module_local_at_quick_exit_table@@3U_onexit_table_t@@A 1001a914     LIBCMT:utility.obj
 0003:00000920       ?is_initialized_as_dll@@3_NA 1001a920     LIBCMT:utility.obj
 0003:00000924       ?__proc_attached@@3HA      1001a924     LIBCMT:dll_dllmain.obj
 0003:00000928       _GS_ExceptionRecord        1001a928     LIBCMT:gs_report.obj
 0003:00000978       _GS_ContextRecord          1001a978     LIBCMT:gs_report.obj
 0003:00000c60       ?__vcrt_startup_thread_ptd@@3U__vcrt_ptd@@A 1001ac60     libvcruntime:per_thread_data.obj
 0003:00000c88       ___vcrt_lock_table         1001ac88     libvcruntime:locks.obj
 0003:00000ca0       ___vcrt_locks_initialized  1001aca0     libvcruntime:locks.obj
 0003:00000ca4       ?module_handles@@3PAPAUHINSTANCE__@@A 1001aca4     libvcruntime:winapi_downlevel.obj
 0003:00000cb4       ?encoded_function_pointers@@3PAPAXA 1001acb4     libvcruntime:winapi_downlevel.obj
 0003:00000d04       ?heap@@3V_HeapManager@@A   1001ad04     libvcruntime:undname.obj
 0003:00000d18       _c_termination_complete    1001ad18     libucrt:exit.obj
 0003:00000d1c       _thread_local_exit_callback_func 1001ad1c     libucrt:exit.obj
 0003:00000d20       ?c_exit_complete@?5??common_exit@@YAXHW4_crt_exit_cleanup_mode@@W4_crt_exit_return_mode@@@Z@4_NA 1001ad20     libucrt:exit.obj
 0003:00000d4c       ___acrt_invalid_parameter_handler 1001ad4c     libucrt:invalid_parameter.obj
 0003:00000d5c       _enable_percent_n          1001ad5c     libucrt:printf_count_output.obj
 0003:00000f78       ___acrt_lock_table         1001af78     libucrt:locks.obj
 0003:000010b0       ___acrt_locks_initialized  1001b0b0     libucrt:locks.obj
 0003:000010b8       _module_handles            1001b0b8     libucrt:winapi_thunks.obj
 0003:00001108       _encoded_function_pointers 1001b108     libucrt:winapi_thunks.obj
 0003:00001188       ?state_cache@?1??__acrt_is_packaged_app@@9@4JA 1001b188     libucrt:winapi_thunks.obj
 0003:000011a4       _fSystemSet                1001b1a4     libucrt:mbctype.obj
 0003:000011a8       ?initialized@?1??__acrt_initialize_multibyte@@9@4_NA 1001b1a8     libucrt:mbctype.obj
 0003:000011c0       ___acrt_new_handler        1001b1c0     libucrt:new_handler.obj
 0003:000011c4       _ctrlc_action              1001b1c4     libucrt:signal.obj
 0003:000011c8       _ctrlbreak_action          1001b1c8     libucrt:signal.obj
 0003:000011cc       _abort_action              1001b1cc     libucrt:signal.obj
 0003:000011d0       _term_action               1001b1d0     libucrt:signal.obj
 0003:000011d4       _user_matherr              1001b1d4     libucrt:matherr.obj
 0003:000011d8       ___acrt_global_new_mode    1001b1d8     libucrt:new_mode.obj
 0003:000011ec       ___acrt_app_type           1001b1ec     libucrt:report_runtime_error.obj
 0003:000011f8       __pmatherr_set             1001b1f8     libucrt:libm_error.obj
 0003:00001208       ?on_complete_callback@?A0x99f6e266@@3V?$Persistent@VFunction@v8@@@compat@@A 1001b208     heapdump.obj
 0004:00000000       __guard_fids____dcrt_uninitialize_environments_nolock 1001c000     libucrt:environment_initialization.obj
 0004:00000008       __guard_fids__             1001c008     libucrt:initialization.obj
 0004:00000068       __guard_fids____acrt_initialize_ptd 1001c068     libucrt:per_thread_data.obj
 0004:0000006c       __guard_fids__             1001c06c     libucrt:stdio_initializer.obj
 0004:00000070       __guard_fids__             1001c070     libucrt:stdio_initializer.obj
 0004:00000074       __guard_fids__             1001c074     libucrt:locale_initializer.obj
 0004:00000078       __guard_fids__             1001c078     libucrt:multibyte_initializer.obj
 0004:0000007c       __guard_fids____libm_error_support 1001c07c     libucrt:libm_error.obj
 0004:00000080       __guard_fids__             1001c080     libucrt:console_output_initializer.obj
 0004:00000084       __guard_fids__             1001c084     libucrt:sse2_initializer.obj
 0004:00000088       __guard_fids_?dllmain_crt_process_attach@@YAHQAUHINSTANCE__@@QAX@Z 1001c088     LIBCMT:dll_dllmain.obj
 0004:00000090       __guard_fids_?dllmain_dispatch@@YAHQAUHINSTANCE__@@KQAX@Z 1001c090     LIBCMT:dll_dllmain.obj
 0004:00000094       __guard_fids__             1001c094     LIBCMT:guard_support.obj
 0004:00000098       __guard_fids__             1001c098     libvcruntime:telemetry.obj
 0004:0000009c       __guard_fids_?TraceLoggingRegister@__vcrt_trace_logging_provider@@YAJPBU_TlgProvider_t@1@PBU_GUID@@P6GX1KE_K2PAU_EVENT_FILTER_DESCRIPTOR@@PAX@Z4@Z 1001c09c     libvcruntime:telemetry.obj
 0004:000000a0       __guard_fids____vcrt_initialize_ptd 1001c0a0     libvcruntime:per_thread_data.obj
 0005:00000060       $R000000                   1001d060     * linker generated manifest res *

 Exports

  ordinal    name

        1    __register_addon_
               exported name: _register_addon_
