 addon

 Timestamp is 57631179 (Thu Jun 16 13:52:09 2016)

 Preferred load address is 0000000180000000

 Start         Length     Name                   Class
 0001:00000000 000001e0H .text                   CODE
 0001:000001e0 00000020H .text$di                CODE
 0001:00000200 00012c30H .text$mn                CODE
 0001:00012e30 00000020H .text$mn$00             CODE
 0001:00012e50 000002f0H .text$x                 CODE
 0001:00013140 00000003H .text$yd                CODE
 0002:00000000 00000320H .idata$5                DATA
 0002:00000320 00000010H .00cfg                  DATA
 0002:00000330 00000008H .CRT$XCA                DATA
 0002:00000338 00000010H .CRT$XCU                DATA
 0002:00000348 00000008H .CRT$XCZ                DATA
 0002:00000350 00000008H .CRT$XIA                DATA
 0002:00000358 00000018H .CRT$XIC                DATA
 0002:00000370 00000008H .CRT$XIZ                DATA
 0002:00000378 00000008H .CRT$XPA                DATA
 0002:00000380 00000010H .CRT$XPX                DATA
 0002:00000390 00000008H .CRT$XPXA               DATA
 0002:00000398 00000008H .CRT$XPZ                DATA
 0002:000003a0 00000008H .CRT$XTA                DATA
 0002:000003a8 00000008H .CRT$XTZ                DATA
 0002:000003b0 00007bc8H .rdata                  DATA
 0002:00007f78 00000000H .rdata$r                DATA
 0002:00007f78 00000010H .rdata$zETW0            DATA
 0002:00007f88 00000077H .rdata$zETW1            DATA
 0002:00007fff 0000002cH .rdata$zETW2            DATA
 0002:0000802b 00000001H .rdata$zETW9            DATA
 0002:0000802c 000003ccH .rdata$zzzdbg           DATA
 0002:000083f8 00000008H .rtc$IAA                DATA
 0002:00008400 00000008H .rtc$IZZ                DATA
 0002:00008408 00000008H .rtc$TAA                DATA
 0002:00008410 00000008H .rtc$TZZ                DATA
 0002:00008418 00000ee8H .xdata                  DATA
 0002:00009300 00000050H .edata                  DATA
 0002:00009350 0000003cH .idata$2                DATA
 0002:0000938c 00000014H .idata$3                DATA
 0002:000093a0 00000320H .idata$4                DATA
 0002:000096c0 00000bcaH .idata$6                DATA
 0003:00000000 00000ac0H .data                   DATA
 0003:00000ac0 00000000H .data$r                 DATA
 0003:00000ac0 000011e0H .bss                    DATA
 0004:00000000 00001278H .pdata                  DATA
 0005:00000000 00000080H .gfids$x                DATA
 0005:00000080 0000001cH .gfids$y                DATA
 0006:00000000 00000060H .rsrc$01                DATA
 0006:00000060 00000180H .rsrc$02                DATA

  Address         Publics by Value              Rva+Base               Lib:Object

 0000:00000000       __guard_iat_table          0000000000000000     <absolute>
 0000:00000000       __dynamic_value_reloc_table 0000000000000000     <absolute>
 0000:00000000       __guard_iat_count          0000000000000000     <absolute>
 0000:00000000       __guard_longjmp_table      0000000000000000     <absolute>
 0000:00000000       __guard_longjmp_count      0000000000000000     <absolute>
 0000:00000000       __guard_fids_count         0000000000000000     <absolute>
 0000:00000000       ___safe_se_handler_table   0000000000000000     <absolute>
 0000:00000000       ___safe_se_handler_count   0000000000000000     <absolute>
 0000:00000000       __guard_fids_table         0000000000000000     <absolute>
 0000:00000100       __guard_flags              0000000000000100     <absolute>
 0000:00000000       __ImageBase                0000000180000000     <linker-defined>
 0001:00000000       ?TraceLoggingRegister@__vcrt_trace_logging_provider@@YAJPEBU_TlgProvider_t@1@PEBU_GUID@@P6AX1KE_K2PEAU_EVENT_FILTER_DESCRIPTOR@@PEAX@Z4@Z 0000000180001000 f i libvcruntime:telemetry.obj
 0001:0000007c       ?_TlgEnableCallback@__vcrt_trace_logging_provider@@YAXPEBU_GUID@@KE_K1PEAU_EVENT_FILTER_DESCRIPTOR@@PEAX@Z 000000018000107c f i libvcruntime:telemetry.obj
 0001:00000140       ?_TlgWrite@__vcrt_trace_logging_provider@@YAJPEBU_TlgProvider_t@1@PEFBXPEBU_GUID@@2IPEAU_EVENT_DATA_DESCRIPTOR@@@Z 0000000180001140 f i libvcruntime:telemetry.obj
 0001:00000200       __local_stdio_printf_options 0000000180001200 f i heapdump.obj
 0001:00000280       __except_validate_context_record 0000000180001280 f   libvcruntime:jbcxrval.obj
 0001:00000280       _guard_check_icall_nop     0000000180001280 f   LIBCMT:guard_support.obj
 0001:00000320       ??_GFileOutputStream@?A0xb96376f5@@UEAAPEAXI@Z 0000000180001320 f i heapdump.obj
 0001:00000320       ??_EFileOutputStream@?A0xb96376f5@@UEAAPEAXI@Z 0000000180001320 f i * CIL library *:* CIL module *
 0001:0000089e       ?WriteHeapStatsChunk@OutputStream@v8@@UEAA?AW4WriteResult@12@PEAUHeapStatsUpdate@2@H@Z 000000018000189e f   node:node.exe
 0001:000008c0       __security_check_cookie    00000001800018c0 f   LIBCMT:_amdsecgs_.obj
 0001:000008e4       __scrt_acquire_startup_lock 00000001800018e4 f   LIBCMT:utility.obj
 0001:00000920       __scrt_dllmain_after_initialize_c 0000000180001920 f   LIBCMT:utility.obj
 0001:00000954       __scrt_dllmain_before_initialize_c 0000000180001954 f   LIBCMT:utility.obj
 0001:0000096c       __scrt_dllmain_crt_thread_attach 000000018000196c f   LIBCMT:utility.obj
 0001:00000994       __scrt_dllmain_crt_thread_detach 0000000180001994 f   LIBCMT:utility.obj
 0001:000009ac       __scrt_dllmain_exception_filter 00000001800019ac f   LIBCMT:utility.obj
 0001:00000a10       __scrt_dllmain_uninitialize_c 0000000180001a10 f   LIBCMT:utility.obj
 0001:00000a40       __scrt_dllmain_uninitialize_critical 0000000180001a40 f   LIBCMT:utility.obj
 0001:00000a54       __scrt_initialize_crt      0000000180001a54 f   LIBCMT:utility.obj
 0001:00000aa0       __scrt_initialize_onexit_tables 0000000180001aa0 f   LIBCMT:utility.obj
 0001:00000b6c       __scrt_is_nonwritable_in_current_image 0000000180001b6c f   LIBCMT:utility.obj
 0001:00000c08       __scrt_release_startup_lock 0000000180001c08 f   LIBCMT:utility.obj
 0001:00000c2c       __scrt_uninitialize_crt    0000000180001c2c f   LIBCMT:utility.obj
 0001:00000c58       _onexit                    0000000180001c58 f   LIBCMT:utility.obj
 0001:00000ca8       atexit                     0000000180001ca8 f   LIBCMT:utility.obj
 0001:00000cc0       ??3@YAXPEAX_K@Z            0000000180001cc0 f   LIBCMT:delete_scalar_size.obj
 0001:00001038       _DllMainCRTStartup         0000000180002038 f   LIBCMT:dll_dllmain.obj
 0001:00001078       __raise_securityfailure    0000000180002078 f   LIBCMT:gs_report.obj
 0001:000010ac       __report_gsfailure         00000001800020ac f   LIBCMT:gs_report.obj
 0001:00001180       __report_rangecheckfailure 0000000180002180 f   LIBCMT:gs_report.obj
 0001:00001194       __report_securityfailure   0000000180002194 f   LIBCMT:gs_report.obj
 0001:00001314       __isa_available_init       0000000180002314 f   LIBCMT:_cpu_disp_.obj
 0001:000014d8       __scrt_is_ucrt_dll_in_use  00000001800024d8 f   LIBCMT:ucrt_detection.obj
 0001:000014e4       __crt_debugger_hook        00000001800024e4 f   LIBCMT:utility_desktop.obj
 0001:000014ec       __scrt_fastfail            00000001800024ec f   LIBCMT:utility_desktop.obj
 0001:00001634       _guard_check_icall         0000000180002634 f i LIBCMT:checkcfg.obj
 0001:0000163c       ??3@YAXPEAX@Z              000000018000263c f   LIBCMT:delete_scalar.obj
 0001:00001644       __security_init_cookie     0000000180002644 f   LIBCMT:gs_support.obj
 0001:000016f0       DllMain                    00000001800026f0 f   LIBCMT:dll_dllmain_stub.obj
 0001:000016f0       _get_startup_argv_mode     00000001800026f0 f   LIBCMT:argv_mode.obj
 0001:000016f8       ?__scrt_initialize_type_info@@YAXXZ 00000001800026f8 f   LIBCMT:tncleanup.obj
 0001:00001708       ?__scrt_uninitialize_type_info@@YAXXZ 0000000180002708 f   LIBCMT:tncleanup.obj
 0001:00001714       __local_stdio_scanf_options 0000000180002714 f i LIBCMT:default_local_stdio_options.obj
 0001:0000171c       __scrt_initialize_default_local_stdio_options 000000018000271c f   LIBCMT:default_local_stdio_options.obj
 0001:00001738       __scrt_get_dyn_tls_init_callback 0000000180002738 f   LIBCMT:dyn_tls_init.obj
 0001:00001740       _RTC_Initialize            0000000180002740 f   LIBCMT:_initsect_.obj
 0001:0000178c       _RTC_Terminate             000000018000278c f   LIBCMT:_initsect_.obj
 0001:000017e0       __vcrt_initialize          00000001800027e0 f   libvcruntime:initialization.obj
 0001:00001818       __vcrt_thread_attach       0000000180002818 f   libvcruntime:initialization.obj
 0001:0000182c       __vcrt_thread_detach       000000018000282c f   libvcruntime:initialization.obj
 0001:00001840       __vcrt_uninitialize        0000000180002840 f   libvcruntime:initialization.obj
 0001:0000186c       __vcrt_uninitialize_critical 000000018000286c f   libvcruntime:initialization.obj
 0001:0000187c       __C_specific_handler       000000018000287c f   libvcruntime:_chandler_.obj
 0001:00001a7c       __telemetry_main_invoke_trigger 0000000180002a7c f   libvcruntime:telemetry.obj
 0001:00001b94       __telemetry_main_return_trigger 0000000180002b94 f   libvcruntime:telemetry.obj
 0001:00001cac       __vcrt_initialize_telemetry_provider 0000000180002cac f   libvcruntime:telemetry.obj
 0001:00001cc0       __vcrt_uninitialize_telemetry_provider 0000000180002cc0 f   libvcruntime:telemetry.obj
 0001:00001cf0       memset                     0000000180002cf0 f   libvcruntime:memset.obj
 0001:00001e90       __std_type_info_destroy_list 0000000180002e90 f   libvcruntime:std_type_info.obj
 0001:00001ebc       __vcrt_freefls             0000000180002ebc f   libvcruntime:per_thread_data.obj
 0001:00001edc       __vcrt_freeptd             0000000180002edc f   libvcruntime:per_thread_data.obj
 0001:00001f2c       __vcrt_getptd_noexit       0000000180002f2c f   libvcruntime:per_thread_data.obj
 0001:00001fe4       __vcrt_initialize_ptd      0000000180002fe4 f   libvcruntime:per_thread_data.obj
 0001:00002024       __vcrt_uninitialize_ptd    0000000180003024 f   libvcruntime:per_thread_data.obj
 0001:00002048       __vcrt_initialize_locks    0000000180003048 f   libvcruntime:locks.obj
 0001:00002090       __vcrt_uninitialize_locks  0000000180003090 f   libvcruntime:locks.obj
 0001:00002290       __vcrt_EventRegister       0000000180003290 f   libvcruntime:winapi_downlevel.obj
 0001:00002314       __vcrt_EventSetInformation 0000000180003314 f   libvcruntime:winapi_downlevel.obj
 0001:00002398       __vcrt_EventUnregister     0000000180003398 f   libvcruntime:winapi_downlevel.obj
 0001:000023ec       __vcrt_EventWriteTransfer  00000001800033ec f   libvcruntime:winapi_downlevel.obj
 0001:00002484       __vcrt_FlsAlloc            0000000180003484 f   libvcruntime:winapi_downlevel.obj
 0001:000024d8       __vcrt_FlsFree             00000001800034d8 f   libvcruntime:winapi_downlevel.obj
 0001:0000252c       __vcrt_FlsGetValue         000000018000352c f   libvcruntime:winapi_downlevel.obj
 0001:00002580       __vcrt_FlsSetValue         0000000180003580 f   libvcruntime:winapi_downlevel.obj
 0001:000025e8       __vcrt_InitializeCriticalSectionEx 00000001800035e8 f   libvcruntime:winapi_downlevel.obj
 0001:00002660       __vcrt_initialize_winapi_thunks 0000000180003660 f   libvcruntime:winapi_downlevel.obj
 0001:00002698       __vcrt_uninitialize_winapi_thunks 0000000180003698 f   libvcruntime:winapi_downlevel.obj
 0001:000026d8       __vcrt_initialize_pure_virtual_call_handler 00000001800036d8 f   libvcruntime:purevirt_data.obj
 0001:00002710       _local_unwind              0000000180003710 f   libvcruntime:_jmpuwind_.obj
 0001:00002740       _NLG_Notify                0000000180003740 f   libvcruntime:_jmpuwind_.obj
 0001:00002760       __NLG_Dispatch2            0000000180003760 f   libvcruntime:_jmpuwind_.obj
 0001:00002770       __NLG_Return2              0000000180003770 f   libvcruntime:_jmpuwind_.obj
 0001:00002774       feof                       0000000180003774 f   libucrt:feoferr.obj
 0001:000027a0       ferror                     00000001800037a0 f   libucrt:feoferr.obj
 0001:0000289c       fopen                      000000018000389c f   libucrt:fopen.obj
 0001:000028a8       _fclose_nolock             00000001800038a8 f   libucrt:fclose.obj
 0001:0000292c       fclose                     000000018000392c f   libucrt:fclose.obj
 0001:00002998       ??$ensure_buffer_is_big_enough@D@formatting_buffer@__crt_stdio_output@@QEAA_N_K@Z 0000000180003998 f i libucrt:output.obj
 0001:00002a44       ??$extract_argument_from_va_list@C_J@?$positional_parameter_base@DV?$string_output_adapter@D@__crt_stdio_output@@@__crt_stdio_output@@IEAA_NAEA_J@Z 0000000180003a44 f i libucrt:output.obj
 0001:00002b08       ??$extract_argument_from_va_list@E_J@?$positional_parameter_base@DV?$string_output_adapter@D@__crt_stdio_output@@@__crt_stdio_output@@IEAA_NAEA_J@Z 0000000180003b08 f i libucrt:output.obj
 0001:00002bcc       ??$extract_argument_from_va_list@F_J@?$positional_parameter_base@DV?$string_output_adapter@D@__crt_stdio_output@@@__crt_stdio_output@@IEAA_NAEA_J@Z 0000000180003bcc f i libucrt:output.obj
 0001:00002c90       ??$extract_argument_from_va_list@GD@?$positional_parameter_base@DV?$string_output_adapter@D@__crt_stdio_output@@@__crt_stdio_output@@IEAA_NAEAD@Z 0000000180003c90 f i libucrt:output.obj
 0001:00002d50       ??$extract_argument_from_va_list@G_J@?$positional_parameter_base@DV?$string_output_adapter@D@__crt_stdio_output@@@__crt_stdio_output@@IEAA_NAEA_J@Z 0000000180003d50 f i libucrt:output.obj
 0001:00002e14       ??$extract_argument_from_va_list@H_J@?$positional_parameter_base@DV?$string_output_adapter@D@__crt_stdio_output@@@__crt_stdio_output@@IEAA_NAEA_J@Z 0000000180003e14 f i libucrt:output.obj
 0001:00002ed8       ??$extract_argument_from_va_list@I_J@?$positional_parameter_base@DV?$string_output_adapter@D@__crt_stdio_output@@@__crt_stdio_output@@IEAA_NAEA_J@Z 0000000180003ed8 f i libucrt:output.obj
 0001:00002f98       ??$extract_argument_from_va_list@PEAXPEAX@?$positional_parameter_base@DV?$string_output_adapter@D@__crt_stdio_output@@@__crt_stdio_output@@IEAA_NAEAPEAX@Z 0000000180003f98 f i libucrt:output.obj
 0001:00002f98       ??$extract_argument_from_va_list@PEADPEAD@?$positional_parameter_base@DV?$string_output_adapter@D@__crt_stdio_output@@@__crt_stdio_output@@IEAA_NAEAPEAD@Z 0000000180003f98 f i libucrt:output.obj
 0001:00002f98       ??$extract_argument_from_va_list@PEAUansi_string@?1??type_case_Z@?$output_processor@DV?$string_output_adapter@D@__crt_stdio_output@@V?$positional_parameter_base@DV?$string_output_adapter@D@__crt_stdio_output@@@2@@__crt_stdio_output@@AEAA_NXZ@PEAU1?1??234@AEAA_NXZ@@?$positional_parameter_base@DV?$string_output_adapter@D@__crt_stdio_output@@@__crt_stdio_output@@IEAA_NAEAPEAUansi_string@?1??type_case_Z@?$output_processor@DV?$string_output_adapter@D@__crt_stdio_output@@V?$positional_parameter_base@DV?$string_output_adapter@D@__crt_stdio_output@@@2@@1@AEAA_NXZ@@Z 0000000180003f98 f i libucrt:output.obj
 0001:0000305c       ??$extract_argument_from_va_list@U_CRT_DOUBLE@@U1@@?$positional_parameter_base@DV?$string_output_adapter@D@__crt_stdio_output@@@__crt_stdio_output@@IEAA_NAEAU_CRT_DOUBLE@@@Z 000000018000405c f i libucrt:output.obj
 0001:00003124       ??$extract_argument_from_va_list@_K_J@?$positional_parameter_base@DV?$string_output_adapter@D@__crt_stdio_output@@@__crt_stdio_output@@IEAA_NAEA_J@Z 0000000180004124 f i libucrt:output.obj
 0001:00003124       ??$extract_argument_from_va_list@_J_J@?$positional_parameter_base@DV?$string_output_adapter@D@__crt_stdio_output@@@__crt_stdio_output@@IEAA_NAEA_J@Z 0000000180004124 f i libucrt:output.obj
 0001:000031e8       ??$extract_argument_from_va_list@_W_W@?$positional_parameter_base@DV?$string_output_adapter@D@__crt_stdio_output@@@__crt_stdio_output@@IEAA_NAEA_W@Z 00000001800041e8 f i libucrt:output.obj
 0001:000032ac       ??$is_wide_character_specifier@D@__crt_stdio_output@@YA_N_KDW4length_modifier@0@@Z 00000001800042ac f i libucrt:output.obj
 0001:000032dc       ??$type_case_integer_parse_into_buffer@I@?$output_processor@DV?$string_output_adapter@D@__crt_stdio_output@@V?$positional_parameter_base@DV?$string_output_adapter@D@__crt_stdio_output@@@2@@__crt_stdio_output@@AEAAXII_N@Z 00000001800042dc f i libucrt:output.obj
 0001:00003378       ??$type_case_integer_parse_into_buffer@_K@?$output_processor@DV?$string_output_adapter@D@__crt_stdio_output@@V?$positional_parameter_base@DV?$string_output_adapter@D@__crt_stdio_output@@@2@@__crt_stdio_output@@AEAAX_KI_N@Z 0000000180004378 f i libucrt:output.obj
 0001:00003414       ??$write_multiple_characters@V?$string_output_adapter@D@__crt_stdio_output@@D@__crt_stdio_output@@YAXAEBV?$string_output_adapter@D@0@DHQEAH@Z 0000000180004414 f i libucrt:output.obj
 0001:00003470       ??0?$output_processor@DV?$string_output_adapter@D@__crt_stdio_output@@V?$positional_parameter_base@DV?$string_output_adapter@D@__crt_stdio_output@@@2@@__crt_stdio_output@@QEAA@AEBV?$string_output_adapter@D@1@_KQEBDQEAU__crt_locale_pointers@@QEAD@Z 0000000180004470 f i libucrt:output.obj
 0001:0000350c       ??0_LocaleUpdate@@QEAA@QEAU__crt_locale_pointers@@@Z 000000018000450c f i libucrt:output.obj
 0001:0000359c       ?force_decimal_point@__crt_stdio_output@@YAXPEADQEAU__crt_locale_pointers@@@Z 000000018000459c f i libucrt:output.obj
 0001:0000360c       ?is_positional_parameter_reappearance_consistent@?$positional_parameter_base@DV?$string_output_adapter@D@__crt_stdio_output@@@__crt_stdio_output@@AEAA_NAEBUparameter_data@12@W4parameter_type@12@DW4length_modifier@2@@Z 000000018000460c f i libucrt:output.obj
 0001:000037fc       ?parse_int_from_format_string@?$output_processor@DV?$string_output_adapter@D@__crt_stdio_output@@V?$positional_parameter_base@DV?$string_output_adapter@D@__crt_stdio_output@@@2@@__crt_stdio_output@@AEAA_NQEAH@Z 00000001800047fc f i libucrt:output.obj
 0001:00003880       ?process@?$output_processor@DV?$string_output_adapter@D@__crt_stdio_output@@V?$positional_parameter_base@DV?$string_output_adapter@D@__crt_stdio_output@@@2@@__crt_stdio_output@@QEAAHXZ 0000000180004880 f i libucrt:output.obj
 0001:00003b10       ?state_case_normal@?$output_processor@DV?$string_output_adapter@D@__crt_stdio_output@@V?$positional_parameter_base@DV?$string_output_adapter@D@__crt_stdio_output@@@2@@__crt_stdio_output@@AEAA_NXZ 0000000180004b10 f i libucrt:output.obj
 0001:00003bac       ?state_case_normal_tchar@?$output_processor@DV?$string_output_adapter@D@__crt_stdio_output@@V?$positional_parameter_base@DV?$string_output_adapter@D@__crt_stdio_output@@@2@@__crt_stdio_output@@AEAA_ND@Z 0000000180004bac f i libucrt:output.obj
 0001:00003c44       ?state_case_size@?$output_processor@DV?$string_output_adapter@D@__crt_stdio_output@@V?$positional_parameter_base@DV?$string_output_adapter@D@__crt_stdio_output@@@2@@__crt_stdio_output@@AEAA_NXZ 0000000180004c44 f i libucrt:output.obj
 0001:00003dc0       ?state_case_type@?$output_processor@DV?$string_output_adapter@D@__crt_stdio_output@@V?$positional_parameter_base@DV?$string_output_adapter@D@__crt_stdio_output@@@2@@__crt_stdio_output@@AEAA_NXZ 0000000180004dc0 f i libucrt:output.obj
 0001:00004050       ?type_case_Z@?$output_processor@DV?$string_output_adapter@D@__crt_stdio_output@@V?$positional_parameter_base@DV?$string_output_adapter@D@__crt_stdio_output@@@2@@__crt_stdio_output@@AEAA_NXZ 0000000180005050 f i libucrt:output.obj
 0001:000040ec       ?type_case_a@?$output_processor@DV?$string_output_adapter@D@__crt_stdio_output@@V?$positional_parameter_base@DV?$string_output_adapter@D@__crt_stdio_output@@@2@@__crt_stdio_output@@AEAA_NXZ 00000001800050ec f i libucrt:output.obj
 0001:00004338       ?type_case_c_tchar@?$output_processor@DV?$string_output_adapter@D@__crt_stdio_output@@V?$positional_parameter_base@DV?$string_output_adapter@D@__crt_stdio_output@@@2@@__crt_stdio_output@@AEAA_ND@Z 0000000180005338 f i libucrt:output.obj
 0001:00004430       ?type_case_integer@?$output_processor@DV?$string_output_adapter@D@__crt_stdio_output@@V?$positional_parameter_base@DV?$string_output_adapter@D@__crt_stdio_output@@@2@@__crt_stdio_output@@AEAA_NI_N@Z 0000000180005430 f i libucrt:output.obj
 0001:00004634       ?type_case_n@?$output_processor@DV?$string_output_adapter@D@__crt_stdio_output@@V?$positional_parameter_base@DV?$string_output_adapter@D@__crt_stdio_output@@@2@@__crt_stdio_output@@AEAA_NXZ 0000000180005634 f i libucrt:output.obj
 0001:00004738       ?type_case_s@?$output_processor@DV?$string_output_adapter@D@__crt_stdio_output@@V?$positional_parameter_base@DV?$string_output_adapter@D@__crt_stdio_output@@@2@@__crt_stdio_output@@AEAA_NXZ 0000000180005738 f i libucrt:output.obj
 0001:000047e0       ?update_field_width@?$positional_parameter_base@DV?$string_output_adapter@D@__crt_stdio_output@@@__crt_stdio_output@@IEAA_NXZ 00000001800057e0 f i libucrt:output.obj
 0001:000048f4       ?update_precision@?$positional_parameter_base@DV?$string_output_adapter@D@__crt_stdio_output@@@__crt_stdio_output@@IEAA_NXZ 00000001800058f4 f i libucrt:output.obj
 0001:00004a08       ?validate_and_update_state_at_beginning_of_format_character@?$positional_parameter_base@DV?$string_output_adapter@D@__crt_stdio_output@@@__crt_stdio_output@@IEAA_NXZ 0000000180005a08 f i libucrt:output.obj
 0001:00004b0c       ?validate_and_update_state_at_end_of_format_string@?$positional_parameter_base@DV?$string_output_adapter@D@__crt_stdio_output@@@__crt_stdio_output@@IEAA_NXZ 0000000180005b0c f i libucrt:output.obj
 0001:00004b98       ?validate_state_for_type_case_a@?$positional_parameter_base@DV?$string_output_adapter@D@__crt_stdio_output@@@__crt_stdio_output@@IEAA_NXZ 0000000180005b98 f i libucrt:output.obj
 0001:00004c34       ?write_stored_string_tchar@?$output_processor@DV?$string_output_adapter@D@__crt_stdio_output@@V?$positional_parameter_base@DV?$string_output_adapter@D@__crt_stdio_output@@@2@@__crt_stdio_output@@AEAA_ND@Z 0000000180005c34 f i libucrt:output.obj
 0001:00004d0c       ?write_string@?$string_output_adapter@D@__crt_stdio_output@@QEBAXQEBDHQEAH1@Z 0000000180005d0c f i libucrt:output.obj
 0001:00004dc8       __stdio_common_vsprintf_p  0000000180005dc8 f   libucrt:output.obj
 0001:00004ffc       ??$?RV<lambda_5d4c3fee44080f75d5d9762853974fe0>@@AEAV<lambda_532e024f4337e6fc7ad266c2bef9f4ed>@@V<lambda_c87bdc10097eb2402edb8ba9bdf0697b>@@@?$__crt_seh_guarded_call@_K@@QEAA_K$$QEAV<lambda_5d4c3fee44080f75d5d9762853974fe0>@@AEAV<lambda_532e024f4337e6fc7ad266c2bef9f4ed>@@$$QEAV<lambda_c87bdc10097eb2402edb8ba9bdf0697b>@@@Z 0000000180005ffc f i libucrt:fwrite.obj
 0001:000050a0       _fwrite_nolock             00000001800060a0 f   libucrt:fwrite.obj
 0001:0000523c       fwrite                     000000018000623c f   libucrt:fwrite.obj
 0001:000052c0       _seh_filter_dll            00000001800062c0 f   libucrt:exception_filter.obj
 0001:000052d4       _seh_filter_exe            00000001800062d4 f   libucrt:exception_filter.obj
 0001:00005694       __acrt_initialize_thread_local_exit_callback 0000000180006694 f   libucrt:exit.obj
 0001:0000569c       _cexit                     000000018000669c f   libucrt:exit.obj
 0001:000056ac       _exit                      00000001800066ac f   libucrt:exit.obj
 0001:000056b8       _is_c_termination_complete 00000001800066b8 f   libucrt:exit.obj
 0001:0000587c       __acrt_allocate_buffer_for_argv 000000018000687c f   libucrt:argv_parsing.obj
 0001:000058e0       _configure_narrow_argv     00000001800068e0 f   libucrt:argv_parsing.obj
 0001:00005c3c       __dcrt_uninitialize_environments_nolock 0000000180006c3c f   libucrt:environment_initialization.obj
 0001:00005c74       _initialize_narrow_environment 0000000180006c74 f   libucrt:environment_initialization.obj
 0001:00005c7c       ??$?RV<lambda_b8c45f8f788dd370798f47cfe8ac3a86>@@AEAV<lambda_4e60a939b0d047cfe11ddc22648dfba9>@@V<lambda_332c3edc96d0294ec56c57d38c1cdfd5>@@@?$__crt_seh_guarded_call@H@@QEAAH$$QEAV<lambda_b8c45f8f788dd370798f47cfe8ac3a86>@@AEAV<lambda_4e60a939b0d047cfe11ddc22648dfba9>@@$$QEAV<lambda_332c3edc96d0294ec56c57d38c1cdfd5>@@@Z 0000000180006c7c f i libucrt:onexit.obj
 0001:00005cb8       ??$?RV<lambda_e24bbb7b643b32fcea6fa61b31d4c984>@@AEAV<lambda_275893d493268fdec8709772e3fcec0e>@@V<lambda_9d71df4d7cf3f480f8d633942495c3b0>@@@?$__crt_seh_guarded_call@H@@QEAAH$$QEAV<lambda_e24bbb7b643b32fcea6fa61b31d4c984>@@AEAV<lambda_275893d493268fdec8709772e3fcec0e>@@$$QEAV<lambda_9d71df4d7cf3f480f8d633942495c3b0>@@@Z 0000000180006cb8 f i libucrt:onexit.obj
 0001:00006034       _crt_atexit                0000000180007034 f   libucrt:onexit.obj
 0001:00006044       _execute_onexit_table      0000000180007044 f   libucrt:onexit.obj
 0001:00006080       _initialize_onexit_table   0000000180007080 f   libucrt:onexit.obj
 0001:000060c0       _register_onexit_function  00000001800070c0 f   libucrt:onexit.obj
 0001:00006150       __acrt_uninitialize_command_line 0000000180007150 f   libucrt:argv_data.obj
 0001:00006240       __acrt_initialize          0000000180007240 f   libucrt:initialization.obj
 0001:00006254       __acrt_thread_attach       0000000180007254 f   libucrt:initialization.obj
 0001:00006268       __acrt_thread_detach       0000000180007268 f   libucrt:initialization.obj
 0001:00006278       __acrt_uninitialize        0000000180007278 f   libucrt:initialization.obj
 0001:0000628c       __acrt_uninitialize_critical 000000018000728c f   libucrt:initialization.obj
 0001:0000629c       _initterm                  000000018000729c f   libucrt:initterm.obj
 0001:00006314       _initterm_e                0000000180007314 f   libucrt:initterm.obj
 0001:00006360       terminate                  0000000180007360 f   libucrt:terminate.obj
 0001:00006388       free                       0000000180007388 f   libucrt:free.obj
 0001:00006390       _free_base                 0000000180007390 f   libucrt:free_base.obj
 0001:000063d0       _malloc_base               00000001800073d0 f   libucrt:malloc_base.obj
 0001:00006430       strcpy_s                   0000000180007430 f   libucrt:strcpy_s.obj
 0001:00006490       abort                      0000000180007490 f   libucrt:abort.obj
 0001:000064e8       _calloc_base               00000001800074e8 f   libucrt:calloc_base.obj
 0001:00006560       ??$is_overflow_condition@K@__crt_strtox@@YA_NIK@Z 0000000180007560 f i libucrt:atox.obj
 0001:0000658c       ??$parse_integer@KV?$c_string_character_source@D@__crt_strtox@@@__crt_strtox@@YAKQEAU__crt_locale_pointers@@V?$c_string_character_source@D@0@H_N@Z 000000018000758c f i libucrt:atox.obj
 0001:000068a0       __acrt_call_reportfault    00000001800078a0 f   libucrt:invalid_parameter.obj
 0001:000069fc       __acrt_initialize_invalid_parameter_handler 00000001800079fc f   libucrt:invalid_parameter.obj
 0001:00006a04       _invalid_parameter         0000000180007a04 f   libucrt:invalid_parameter.obj
 0001:00006aac       _invalid_parameter_noinfo  0000000180007aac f   libucrt:invalid_parameter.obj
 0001:00006acc       _invoke_watson             0000000180007acc f   libucrt:invalid_parameter.obj
 0001:00006b14       __acrt_errno_from_os_error 0000000180007b14 f   libucrt:errno.obj
 0001:00006b5c       __acrt_errno_map_os_error  0000000180007b5c f   libucrt:errno.obj
 0001:00006bac       __doserrno                 0000000180007bac f   libucrt:errno.obj
 0001:00006bcc       _errno                     0000000180007bcc f   libucrt:errno.obj
 0001:00006bec       __acrt_initialize_stdio    0000000180007bec f   libucrt:_file.obj
 0001:00006d0c       __acrt_iob_func            0000000180007d0c f   libucrt:_file.obj
 0001:00006d20       __acrt_uninitialize_stdio  0000000180007d20 f   libucrt:_file.obj
 0001:00006d7c       _lock_file                 0000000180007d7c f   libucrt:_file.obj
 0001:00006d88       _unlock_file               0000000180007d88 f   libucrt:_file.obj
 0001:00006d94       ?__acrt_stdio_allocate_stream@@YA?AV__crt_stdio_stream@@XZ 0000000180007d94 f   libucrt:stream.obj
 0001:00006df0       ?__acrt_stdio_free_stream@@YAXV__crt_stdio_stream@@@Z 0000000180007df0 f   libucrt:stream.obj
 0001:00006f20       ??$__acrt_stdio_parse_mode@D@@YA?AU__acrt_stdio_stream_mode@@QEBD@Z 0000000180007f20 f i libucrt:openfile.obj
 0001:000071bc       _openfile                  00000001800081bc f   libucrt:openfile.obj
 0001:00007258       ??$?RV<lambda_bfedae4ebbf01fab1bb6dcc6a9e276e0>@@AEAV<lambda_2fe9b910cf3cbf4a0ab98a02ba45b3ec>@@V<lambda_237c231691f317818eb88cc1d5d642d6>@@@?$__crt_seh_guarded_call@H@@QEAAH$$QEAV<lambda_bfedae4ebbf01fab1bb6dcc6a9e276e0>@@AEAV<lambda_2fe9b910cf3cbf4a0ab98a02ba45b3ec>@@$$QEAV<lambda_237c231691f317818eb88cc1d5d642d6>@@@Z 0000000180008258 f i libucrt:close.obj
 0001:000072cc       _close                     00000001800082cc f   libucrt:close.obj
 0001:00007370       _close_nolock              0000000180008370 f   libucrt:close.obj
 0001:0000742c       _fileno                    000000018000842c f   libucrt:fileno.obj
 0001:00007454       __acrt_stdio_free_buffer_nolock 0000000180008454 f   libucrt:_freebuf.obj
 0001:00007494       __acrt_stdio_flush_nolock  0000000180008494 f   libucrt:fflush.obj
 0001:0000750c       _fflush_nolock             000000018000850c f   libucrt:fflush.obj
 0001:00007558       _flushall                  0000000180008558 f   libucrt:fflush.obj
 0001:00007648       isdigit                    0000000180008648 f i libucrt:_ctype.obj
 0001:0000770c       _tolower_l                 000000018000870c f   libucrt:tolower_toupper.obj
 0001:0000784c       tolower                    000000018000884c f   libucrt:tolower_toupper.obj
 0001:00007878       ??$make_c_string_character_source@DPEAPEAD@__crt_strtox@@YA?AV?$c_string_character_source@D@0@QEBDQEAPEAD@Z 0000000180008878 f i libucrt:strtox.obj
 0001:0000788c       strtol                     000000018000888c f   libucrt:strtox.obj
 0001:000078bc       _mbtowc_l                  00000001800088bc f   libucrt:mbtowc.obj
 0001:00007a04       mbtowc                     0000000180008a04 f   libucrt:mbtowc.obj
 0001:00007a0c       _wctomb_s_l                0000000180008a0c f   libucrt:wctomb.obj
 0001:00007b90       wctomb_s                   0000000180008b90 f   libucrt:wctomb.obj
 0001:00007ba4       strnlen                    0000000180008ba4 f   libucrt:strnlen.obj
 0001:00007d00       wcsnlen                    0000000180008d00 f   libucrt:strnlen.obj
 0001:00007ef0       ??$?RV<lambda_46352004c1216016012b18bd6f87e700>@@AEAV<lambda_3bd07e1a1191394380780325891bf33f>@@V<lambda_334532d3f185bcaa59b5be82d7d22bff>@@@?$__crt_seh_guarded_call@X@@QEAAX$$QEAV<lambda_46352004c1216016012b18bd6f87e700>@@AEAV<lambda_3bd07e1a1191394380780325891bf33f>@@$$QEAV<lambda_334532d3f185bcaa59b5be82d7d22bff>@@@Z 0000000180008ef0 f i libucrt:per_thread_data.obj
 0001:00007f50       ??$?RV<lambda_5e887d1dcbef67a5eb4283622ba103bf>@@AEAV<lambda_4466841279450cc726390878d4a41900>@@V<lambda_341c25c0346d94847f1f3c463c57e077>@@@?$__crt_seh_guarded_call@X@@QEAAX$$QEAV<lambda_5e887d1dcbef67a5eb4283622ba103bf>@@AEAV<lambda_4466841279450cc726390878d4a41900>@@$$QEAV<lambda_341c25c0346d94847f1f3c463c57e077>@@@Z 0000000180008f50 f i libucrt:per_thread_data.obj
 0001:00007f98       ??$?RV<lambda_72d1df2b273a38828b1ce30cbf4cdab5>@@AEAV<lambda_876a65b173b8412d3a47c70a915b0cf4>@@V<lambda_41932305e351933ebe8f8be3ed8bb5dc>@@@?$__crt_seh_guarded_call@X@@QEAAX$$QEAV<lambda_72d1df2b273a38828b1ce30cbf4cdab5>@@AEAV<lambda_876a65b173b8412d3a47c70a915b0cf4>@@$$QEAV<lambda_41932305e351933ebe8f8be3ed8bb5dc>@@@Z 0000000180008f98 f i libucrt:per_thread_data.obj
 0001:00007fd8       ??$?RV<lambda_fb3a7dec4e47f37f22dae91bb15c9095>@@AEAV<lambda_698284760c8add0bfb0756c19673e34b>@@V<lambda_dfb8eca1e75fef3034a8fb18dd509707>@@@?$__crt_seh_guarded_call@X@@QEAAX$$QEAV<lambda_fb3a7dec4e47f37f22dae91bb15c9095>@@AEAV<lambda_698284760c8add0bfb0756c19673e34b>@@$$QEAV<lambda_dfb8eca1e75fef3034a8fb18dd509707>@@@Z 0000000180008fd8 f i libucrt:per_thread_data.obj
 0001:00008268       __acrt_freeptd             0000000180009268 f   libucrt:per_thread_data.obj
 0001:000082ac       __acrt_getptd              00000001800092ac f   libucrt:per_thread_data.obj
 0001:00008340       __acrt_getptd_noexit       0000000180009340 f   libucrt:per_thread_data.obj
 0001:000083e0       __acrt_initialize_ptd      00000001800093e0 f   libucrt:per_thread_data.obj
 0001:0000841c       __acrt_uninitialize_ptd    000000018000941c f   libucrt:per_thread_data.obj
 0001:00008440       __acrt_update_locale_info  0000000180009440 f   libucrt:locale_update.obj
 0001:00008474       __acrt_update_multibyte_info 0000000180009474 f   libucrt:locale_update.obj
 0001:000084a8       ?__acrt_fp_classify@@YA?AW4__acrt_fp_class@@AEBN@Z 00000001800094a8 f i libucrt:cvt.obj
 0001:00008ee0       __acrt_fp_format           0000000180009ee0 f   libucrt:cvt.obj
 0001:00009124       _get_printf_count_output   000000018000a124 f   libucrt:printf_count_output.obj
 0001:0000913c       __acrt_stdio_begin_temporary_buffering_nolock 000000018000a13c f   libucrt:_sftbuf.obj
 0001:0000920c       __acrt_stdio_end_temporary_buffering_nolock 000000018000a20c f   libucrt:_sftbuf.obj
 0001:00009248       __acrt_set_locale_changed  000000018000a248 f   libucrt:wsetlocale.obj
 0001:00009254       __acrt_uninitialize_locale 000000018000a254 f   libucrt:wsetlocale.obj
 0001:00009484       __acrt_initialize_lowio    000000018000a484 f   libucrt:ioinit.obj
 0001:000094c0       __acrt_uninitialize_lowio  000000018000a4c0 f   libucrt:ioinit.obj
 0001:00009aa0       _write                     000000018000aaa0 f   libucrt:write.obj
 0001:00009b8c       _write_nolock              000000018000ab8c f   libucrt:write.obj
 0001:00009f74       __acrt_stdio_flush_and_write_narrow_nolock 000000018000af74 f   libucrt:_flsbuf.obj
 0001:0000a05c       __acrt_initialize_locks    000000018000b05c f   libucrt:locks.obj
 0001:0000a0a4       __acrt_lock                000000018000b0a4 f   libucrt:locks.obj
 0001:0000a0c0       __acrt_uninitialize_locks  000000018000b0c0 f   libucrt:locks.obj
 0001:0000a0f8       __acrt_unlock              000000018000b0f8 f   libucrt:locks.obj
 0001:0000a2b4       __acrt_AreFileApisANSI     000000018000b2b4 f   libucrt:winapi_thunks.obj
 0001:0000a300       __acrt_FlsAlloc            000000018000b300 f   libucrt:winapi_thunks.obj
 0001:0000a358       __acrt_FlsFree             000000018000b358 f   libucrt:winapi_thunks.obj
 0001:0000a3b0       __acrt_FlsGetValue         000000018000b3b0 f   libucrt:winapi_thunks.obj
 0001:0000a408       __acrt_FlsSetValue         000000018000b408 f   libucrt:winapi_thunks.obj
 0001:0000a470       __acrt_InitializeCriticalSectionEx 000000018000b470 f   libucrt:winapi_thunks.obj
 0001:0000a4e8       __acrt_LCMapStringEx       000000018000b4e8 f   libucrt:winapi_thunks.obj
 0001:0000a5d8       __acrt_LocaleNameToLCID    000000018000b5d8 f   libucrt:winapi_thunks.obj
 0001:0000a640       __acrt_initialize_winapi_thunks 000000018000b640 f   libucrt:winapi_thunks.obj
 0001:0000a678       __acrt_is_packaged_app     000000018000b678 f   libucrt:winapi_thunks.obj
 0001:0000a700       __acrt_uninitialize_winapi_thunks 000000018000b700 f   libucrt:winapi_thunks.obj
 0001:0000ac20       ?expand_if_necessary@?$argument_list@D@?A0xca0879c4@@AEAAHXZ 000000018000bc20 f i libucrt:argv_wildcards.obj
 0001:0000ace8       __acrt_expand_narrow_argv_wildcards 000000018000bce8 f   libucrt:argv_wildcards.obj
 0001:0000acf0       ??$?RV<lambda_99476a1ad63dd22509b5d3e65b0ffc95>@@AEAV<lambda_ad1ced32f4ac17aa236e5ef05d6b3b7c>@@V<lambda_f7424dd8d45958661754dc4f2697e9c3>@@@?$__crt_seh_guarded_call@X@@QEAAX$$QEAV<lambda_99476a1ad63dd22509b5d3e65b0ffc95>@@AEAV<lambda_ad1ced32f4ac17aa236e5ef05d6b3b7c>@@$$QEAV<lambda_f7424dd8d45958661754dc4f2697e9c3>@@@Z 000000018000bcf0 f i libucrt:mbctype.obj
 0001:0000b3ec       __acrt_initialize_multibyte 000000018000c3ec f   libucrt:mbctype.obj
 0001:0000b414       __acrt_update_thread_multibyte_data 000000018000c414 f   libucrt:mbctype.obj
 0001:0000b4d4       _setmbcp_nolock            000000018000c4d4 f   libucrt:mbctype.obj
 0001:0000b7f4       _ismbblead                 000000018000c7f4 f   libucrt:ismbbyte.obj
 0001:0000b808       __acrt_initialize_command_line 000000018000c808 f   libucrt:argv_data.obj
 0001:0000b830       __dcrt_get_narrow_environment_from_os 000000018000c830 f   libucrt:get_environment_from_os.obj
 0001:0000b934       _recalloc                  000000018000c934 f   libucrt:recalloc.obj
 0001:0000b93c       _recalloc_base             000000018000c93c f   libucrt:recalloc.obj
 0001:0000b9d4       __acrt_initialize_heap     000000018000c9d4 f   libucrt:heap_handle.obj
 0001:0000b9f0       __acrt_uninitialize_heap   000000018000c9f0 f   libucrt:heap_handle.obj
 0001:0000b9fc       __acrt_execute_initializers 000000018000c9fc f   libucrt:shared_initialization.obj
 0001:0000ba90       __acrt_execute_uninitializers 000000018000ca90 f   libucrt:shared_initialization.obj
 0001:0000bae0       __acrt_initialize_new_handler 000000018000cae0 f   libucrt:new_handler.obj
 0001:0000bae8       _callnewh                  000000018000cae8 f   libucrt:new_handler.obj
 0001:0000bb28       _query_new_handler         000000018000cb28 f   libucrt:new_handler.obj
 0001:0000bb5c       ??$?RV<lambda_c36588078e9f5dfd39652860aa6b3aaf>@@AEAV<lambda_ec61778202f4f5fc7e7711acc23c3bca>@@V<lambda_dc9d2797ccde5d239b4a0efae8ebd7db>@@@?$__crt_seh_guarded_call@P6AXH@Z@@QEAAP6AXH@Z$$QEAV<lambda_c36588078e9f5dfd39652860aa6b3aaf>@@AEAV<lambda_ec61778202f4f5fc7e7711acc23c3bca>@@$$QEAV<lambda_dc9d2797ccde5d239b4a0efae8ebd7db>@@@Z 000000018000cb5c f i libucrt:signal.obj
 0001:0000bba4       __acrt_get_sigabrt_handler 000000018000cba4 f   libucrt:signal.obj
 0001:0000bbd4       __acrt_initialize_signal_handlers 000000018000cbd4 f   libucrt:signal.obj
 0001:0000bbf4       raise                      000000018000cbf4 f   libucrt:signal.obj
 0001:0000be90       __acrt_has_user_matherr    000000018000ce90 f   libucrt:matherr.obj
 0001:0000beb0       __acrt_initialize_user_matherr 000000018000ceb0 f   libucrt:matherr.obj
 0001:0000beb8       __acrt_invoke_user_matherr 000000018000ceb8 f   libucrt:matherr.obj
 0001:0000bf00       _query_new_mode            000000018000cf00 f   libucrt:new_mode.obj
 0001:0000bf08       __pctype_func              000000018000cf08 f   libucrt:ctype.obj
 0001:0000bf38       _isctype_l                 000000018000cf38 f   libucrt:isctype.obj
 0001:0000c048       _fcloseall                 000000018000d048 f   libucrt:closeall.obj
 0001:0000c110       strncmp                    000000018000d110 f   libucrt:strncmp.obj
 0001:0000c190       __ascii_strnicmp           000000018000d190 f   libucrt:strnicmp.obj
 0001:0000c1d8       _strnicmp                  000000018000d1d8 f   libucrt:strnicmp.obj
 0001:0000c228       _strnicmp_l                000000018000d228 f   libucrt:strnicmp.obj
 0001:0000c948       _sopen_nolock              000000018000d948 f   libucrt:open.obj
 0001:0000c9d8       _sopen_s                   000000018000d9d8 f   libucrt:open.obj
 0001:0000ca0c       _wsopen_nolock             000000018000da0c f   libucrt:open.obj
 0001:0000cdfc       __acrt_lowio_create_handle_array 000000018000ddfc f   libucrt:osfinfo.obj
 0001:0000ce94       __acrt_lowio_destroy_handle_array 000000018000de94 f   libucrt:osfinfo.obj
 0001:0000cee4       __acrt_lowio_ensure_fh_exists 000000018000dee4 f   libucrt:osfinfo.obj
 0001:0000cf9c       __acrt_lowio_lock_fh       000000018000df9c f   libucrt:osfinfo.obj
 0001:0000cfc0       __acrt_lowio_set_os_handle 000000018000dfc0 f   libucrt:osfinfo.obj
 0001:0000d080       __acrt_lowio_unlock_fh     000000018000e080 f   libucrt:osfinfo.obj
 0001:0000d0a4       _alloc_osfhnd              000000018000e0a4 f   libucrt:osfinfo.obj
 0001:0000d1d4       _free_osfhnd               000000018000e1d4 f   libucrt:osfinfo.obj
 0001:0000d290       _get_osfhandle             000000018000e290 f   libucrt:osfinfo.obj
 0001:0000d308       ??$?RV<lambda_b521505b218e5242e90febf6bfebc422>@@AEAV<lambda_6978c1fb23f02e42e1d9e99668cc68aa>@@V<lambda_314360699dd331753a4119843814e9a7>@@@?$__crt_seh_guarded_call@H@@QEAAH$$QEAV<lambda_b521505b218e5242e90febf6bfebc422>@@AEAV<lambda_6978c1fb23f02e42e1d9e99668cc68aa>@@$$QEAV<lambda_314360699dd331753a4119843814e9a7>@@@Z 000000018000e308 f i libucrt:commit.obj
 0001:0000d394       _commit                    000000018000e394 f   libucrt:commit.obj
 0001:0000d428       _isleadbyte_l              000000018000e428 f i libucrt:_wctype.obj
 0001:0000d7c4       __acrt_LCMapStringA        000000018000e7c4 f   libucrt:lcmapstringa.obj
 0001:0000d85c       __acrt_add_locale_ref      000000018000e85c f   libucrt:locale_refcounting.obj
 0001:0000d8e8       __acrt_free_locale         000000018000e8e8 f   libucrt:locale_refcounting.obj
 0001:0000da60       __acrt_locale_add_lc_time_reference 000000018000ea60 f   libucrt:locale_refcounting.obj
 0001:0000da88       __acrt_locale_free_lc_time_if_unreferenced 000000018000ea88 f   libucrt:locale_refcounting.obj
 0001:0000dac0       __acrt_locale_release_lc_time_reference 000000018000eac0 f   libucrt:locale_refcounting.obj
 0001:0000dae8       __acrt_release_locale_ref  000000018000eae8 f   libucrt:locale_refcounting.obj
 0001:0000db90       __acrt_update_thread_locale_data 000000018000eb90 f   libucrt:locale_refcounting.obj
 0001:0000dc00       _updatetlocinfoEx_nolock   000000018000ec00 f   libucrt:locale_refcounting.obj
 0001:0000dc68       __acrt_fp_strflt_to_string 000000018000ec68 f   libucrt:_fptostr.obj
 0001:0000dd30       ?divide@__crt_strtox@@YA_KAEAUbig_integer@1@AEBU21@@Z 000000018000ed30 f i libucrt:cfout.obj
 0001:0000e200       __acrt_fltout              000000018000f200 f   libucrt:cfout.obj
 0001:0000f5f4       _isatty                    00000001800105f4 f   libucrt:isatty.obj
 0001:0000f654       __acrt_locale_free_monetary 0000000180010654 f   libucrt:initmon.obj
 0001:0000f760       __acrt_locale_free_numeric 0000000180010760 f   libucrt:initnum.obj
 0001:0000f824       __acrt_locale_free_time    0000000180010824 f   libucrt:inittime.obj
 0001:0000f92c       __acrt_GetStringTypeA      000000018001092c f   libucrt:getstringtypea.obj
 0001:0000fc6c       _lseeki64                  0000000180010c6c f   libucrt:lseek.obj
 0001:0000fc74       _lseeki64_nolock           0000000180010c74 f   libucrt:lseek.obj
 0001:0000fc7c       _putwch_nolock             0000000180010c7c f   libucrt:putwch.obj
 0001:0000fcd8       __acrt_stdio_allocate_buffer_nolock 0000000180010cd8 f   libucrt:_getbuf.obj
 0001:0000fe04       __acrt_DownlevelLocaleNameToLCID 0000000180010e04 f   libucrt:lcidtoname_downlevel.obj
 0001:0000ff10       qsort                      0000000180010f10 f   libucrt:qsort.obj
 0001:00010244       strncpy_s                  0000000180011244 f   libucrt:strncpy_s.obj
 0001:00010318       strpbrk                    0000000180011318 f   libucrt:strpbrk.obj
 0001:000103b8       _mbsdec                    00000001800113b8 f   libucrt:mbsdec.obj
 0001:000103c0       _mbsdec_l                  00000001800113c0 f   libucrt:mbsdec.obj
 0001:00010470       _msize                     0000000180011470 f   libucrt:msize.obj
 0001:000104ac       _realloc_base              00000001800114ac f   libucrt:realloc_base.obj
 0001:00010530       _get_fmode                 0000000180011530 f   libucrt:setmode.obj
 0001:00010560       _setmode_nolock            0000000180011560 f   libucrt:setmode.obj
 0001:00010640       __acrt_copy_path_to_wide_string 0000000180011640 f   libucrt:string_utilities.obj
 0001:00010738       _chsize_nolock             0000000180011738 f   libucrt:chsize.obj
 0001:00010de4       _read_nolock               0000000180011de4 f   libucrt:read.obj
 0001:0001124c       _query_app_type            000000018001224c f   libucrt:report_runtime_error.obj
 0001:00011254       __strncnt                  0000000180012254 f   libucrt:strncnt.obj
 0001:0001126c       fegetenv                   000000018001226c f   libucrt:fegetenv.obj
 0001:0001128c       fesetenv                   000000018001228c f   libucrt:fesetenv.obj
 0001:000112d8       feholdexcept               00000001800122d8 f   libucrt:feholdexcept.obj
 0001:00011328       ceil                       0000000180012328 f   libucrt:ceil.obj
 0001:000113f0       log10                      00000001800123f0 f   libucrt:log10.obj
 0001:0001199c       __dcrt_lowio_initialize_console_output 000000018001299c f   libucrt:initcon.obj
 0001:000119d8       __dcrt_terminate_console_output 00000001800129d8 f   libucrt:initcon.obj
 0001:000119f8       _getfpcontrolword          00000001800129f8 f   libucrt:_fenvutils.obj
 0001:00011a10       _getfpstatusword           0000000180012a10 f   libucrt:_fenvutils.obj
 0001:00011a24       _setfpcontrolword          0000000180012a24 f   libucrt:_fenvutils.obj
 0001:00011a30       _setfpstatusword           0000000180012a30 f   libucrt:_fenvutils.obj
 0001:00011a80       _clearfp                   0000000180012a80 f   libucrt:ieee.obj
 0001:00011ad4       _controlfp                 0000000180012ad4 f   libucrt:ieee.obj
 0001:00011ae0       _statusfp                  0000000180012ae0 f   libucrt:ieee.obj
 0001:00011ee4       _handle_error              0000000180012ee4 f   libucrt:libm_error.obj
 0001:0001200c       _handle_nan                000000018001300c f   libucrt:libm_error.obj
 0001:00012030       __acrt_initialize_fma3     0000000180013030 f   libucrt:fma3_available.obj
 0001:000120a0       _log10_special             00000001800130a0 f   libucrt:log_special.obj
 0001:00012170       _get_fpsr                  0000000180013170 f   libucrt:fpsr.obj
 0001:00012180       _set_fpsr                  0000000180013180 f   libucrt:fpsr.obj
 0001:0001218a       _fclrf                     000000018001318a f   libucrt:fpsr.obj
 0001:0001219e       _frnd                      000000018001319e f   libucrt:fpsr.obj
 0001:000121c0       _raise_exc                 00000001800131c0 f   libucrt:fpexcept.obj
 0001:000121e8       _raise_exc_ex              00000001800131e8 f   libucrt:fpexcept.obj
 0001:000124f0       _set_errno_from_matherr    00000001800134f0 f   libucrt:fpexcept.obj
 0001:00012520       _clrfp                     0000000180013520 f   libucrt:fpctrl.obj
 0001:00012540       _ctrlfp                    0000000180013540 f   libucrt:fpctrl.obj
 0001:000125bc       _set_statfp                00000001800135bc f   libucrt:fpctrl.obj
 0001:000125dc       _statfp                    00000001800135dc f   libucrt:fpctrl.obj
 0001:000125ee       IsProcessorFeaturePresent  00000001800135ee f   kernel32:KERNEL32.dll
 0001:000125f4       RtlUnwindEx                00000001800135f4 f   kernel32:KERNEL32.dll
 0001:000125fa       SystemFunction036          00000001800135fa f   advapi32:ADVAPI32.dll
 0001:00012600       _FindPESection             0000000180013600 f   LIBCMT:pesect.obj
 0001:00012650       _IsNonwritableInCurrentImage 0000000180013650 f   LIBCMT:pesect.obj
 0001:000126a0       _ValidateImageBase         00000001800136a0 f   LIBCMT:pesect.obj
 0001:000126d0       __GSHandlerCheck           00000001800136d0 f   LIBCMT:_gshandler_.obj
 0001:000126f0       __GSHandlerCheckCommon     00000001800136f0 f   LIBCMT:_gshandler_.obj
 0001:00012760       _alloca_probe              0000000180013760 f   LIBCMT:_chkstk_.obj
 0001:00012760       __chkstk                   0000000180013760 f   LIBCMT:_chkstk_.obj
 0001:000127d0       memcpy                     00000001800137d0 f   libvcruntime:memcpy.obj
 0001:000127d0       memmove                    00000001800137d0 f   libvcruntime:memcpy.obj
 0001:00012c08       strrchr                    0000000180013c08 f   libvcruntime:strrchr.obj
 0001:00012d60       memcmp                     0000000180013d60 f   libvcruntime:memcmp.obj
 0001:00012e40       _guard_dispatch_icall_nop  0000000180013e40 f   LIBCMT:_guard_dispatch_.obj
 0002:00000000       __imp_SystemFunction036    0000000180015000     advapi32:ADVAPI32.dll
 0002:00000008       \177ADVAPI32_NULL_THUNK_DATA 0000000180015008     advapi32:ADVAPI32.dll
 0002:00000010       __imp_RaiseException       0000000180015010     kernel32:KERNEL32.dll
 0002:00000018       __imp_ReadConsoleW         0000000180015018     kernel32:KERNEL32.dll
 0002:00000020       __imp_ReadFile             0000000180015020     kernel32:KERNEL32.dll
 0002:00000028       __imp_SetEndOfFile         0000000180015028     kernel32:KERNEL32.dll
 0002:00000030       __imp_HeapReAlloc          0000000180015030     kernel32:KERNEL32.dll
 0002:00000038       __imp_HeapSize             0000000180015038     kernel32:KERNEL32.dll
 0002:00000040       __imp_WriteConsoleW        0000000180015040     kernel32:KERNEL32.dll
 0002:00000048       __imp_SetFilePointerEx     0000000180015048     kernel32:KERNEL32.dll
 0002:00000050       __imp_FlushFileBuffers     0000000180015050     kernel32:KERNEL32.dll
 0002:00000058       __imp_SetStdHandle         0000000180015058     kernel32:KERNEL32.dll
 0002:00000060       __imp_CreateFileW          0000000180015060     kernel32:KERNEL32.dll
 0002:00000068       __imp_GetStringTypeW       0000000180015068     kernel32:KERNEL32.dll
 0002:00000070       __imp_GetProcessHeap       0000000180015070     kernel32:KERNEL32.dll
 0002:00000078       __imp_FreeEnvironmentStringsW 0000000180015078     kernel32:KERNEL32.dll
 0002:00000080       __imp_GetEnvironmentStringsW 0000000180015080     kernel32:KERNEL32.dll
 0002:00000088       __imp_GetCommandLineW      0000000180015088     kernel32:KERNEL32.dll
 0002:00000090       __imp_GetCommandLineA      0000000180015090     kernel32:KERNEL32.dll
 0002:00000098       __imp_GetCPInfo            0000000180015098     kernel32:KERNEL32.dll
 0002:000000a0       __imp_GetOEMCP             00000001800150a0     kernel32:KERNEL32.dll
 0002:000000a8       __imp_IsValidCodePage      00000001800150a8     kernel32:KERNEL32.dll
 0002:000000b0       __imp_FindNextFileA        00000001800150b0     kernel32:KERNEL32.dll
 0002:000000b8       __imp_FindFirstFileExA     00000001800150b8     kernel32:KERNEL32.dll
 0002:000000c0       __imp_RtlCaptureContext    00000001800150c0     kernel32:KERNEL32.dll
 0002:000000c8       __imp_RtlLookupFunctionEntry 00000001800150c8     kernel32:KERNEL32.dll
 0002:000000d0       __imp_RtlVirtualUnwind     00000001800150d0     kernel32:KERNEL32.dll
 0002:000000d8       __imp_UnhandledExceptionFilter 00000001800150d8     kernel32:KERNEL32.dll
 0002:000000e0       __imp_SetUnhandledExceptionFilter 00000001800150e0     kernel32:KERNEL32.dll
 0002:000000e8       __imp_GetCurrentProcess    00000001800150e8     kernel32:KERNEL32.dll
 0002:000000f0       __imp_TerminateProcess     00000001800150f0     kernel32:KERNEL32.dll
 0002:000000f8       __imp_IsProcessorFeaturePresent 00000001800150f8     kernel32:KERNEL32.dll
 0002:00000100       __imp_IsDebuggerPresent    0000000180015100     kernel32:KERNEL32.dll
 0002:00000108       __imp_GetStartupInfoW      0000000180015108     kernel32:KERNEL32.dll
 0002:00000110       __imp_GetModuleHandleW     0000000180015110     kernel32:KERNEL32.dll
 0002:00000118       __imp_QueryPerformanceCounter 0000000180015118     kernel32:KERNEL32.dll
 0002:00000120       __imp_GetCurrentProcessId  0000000180015120     kernel32:KERNEL32.dll
 0002:00000128       __imp_GetCurrentThreadId   0000000180015128     kernel32:KERNEL32.dll
 0002:00000130       __imp_GetSystemTimeAsFileTime 0000000180015130     kernel32:KERNEL32.dll
 0002:00000138       __imp_InitializeSListHead  0000000180015138     kernel32:KERNEL32.dll
 0002:00000140       __imp_RtlUnwindEx          0000000180015140     kernel32:KERNEL32.dll
 0002:00000148       __imp_GetLastError         0000000180015148     kernel32:KERNEL32.dll
 0002:00000150       __imp_GetModuleFileNameW   0000000180015150     kernel32:KERNEL32.dll
 0002:00000158       __imp_InterlockedFlushSList 0000000180015158     kernel32:KERNEL32.dll
 0002:00000160       __imp_SetLastError         0000000180015160     kernel32:KERNEL32.dll
 0002:00000168       __imp_EnterCriticalSection 0000000180015168     kernel32:KERNEL32.dll
 0002:00000170       __imp_LeaveCriticalSection 0000000180015170     kernel32:KERNEL32.dll
 0002:00000178       __imp_DeleteCriticalSection 0000000180015178     kernel32:KERNEL32.dll
 0002:00000180       __imp_InitializeCriticalSectionAndSpinCount 0000000180015180     kernel32:KERNEL32.dll
 0002:00000188       __imp_TlsAlloc             0000000180015188     kernel32:KERNEL32.dll
 0002:00000190       __imp_TlsGetValue          0000000180015190     kernel32:KERNEL32.dll
 0002:00000198       __imp_TlsSetValue          0000000180015198     kernel32:KERNEL32.dll
 0002:000001a0       __imp_TlsFree              00000001800151a0     kernel32:KERNEL32.dll
 0002:000001a8       __imp_FreeLibrary          00000001800151a8     kernel32:KERNEL32.dll
 0002:000001b0       __imp_GetProcAddress       00000001800151b0     kernel32:KERNEL32.dll
 0002:000001b8       __imp_LoadLibraryExW       00000001800151b8     kernel32:KERNEL32.dll
 0002:000001c0       __imp_ExitProcess          00000001800151c0     kernel32:KERNEL32.dll
 0002:000001c8       __imp_GetModuleHandleExW   00000001800151c8     kernel32:KERNEL32.dll
 0002:000001d0       __imp_GetModuleFileNameA   00000001800151d0     kernel32:KERNEL32.dll
 0002:000001d8       __imp_MultiByteToWideChar  00000001800151d8     kernel32:KERNEL32.dll
 0002:000001e0       __imp_WideCharToMultiByte  00000001800151e0     kernel32:KERNEL32.dll
 0002:000001e8       __imp_HeapFree             00000001800151e8     kernel32:KERNEL32.dll
 0002:000001f0       __imp_HeapAlloc            00000001800151f0     kernel32:KERNEL32.dll
 0002:000001f8       __imp_CloseHandle          00000001800151f8     kernel32:KERNEL32.dll
 0002:00000200       __imp_GetACP               0000000180015200     kernel32:KERNEL32.dll
 0002:00000208       __imp_GetStdHandle         0000000180015208     kernel32:KERNEL32.dll
 0002:00000210       __imp_GetFileType          0000000180015210     kernel32:KERNEL32.dll
 0002:00000218       __imp_WriteFile            0000000180015218     kernel32:KERNEL32.dll
 0002:00000220       __imp_GetConsoleCP         0000000180015220     kernel32:KERNEL32.dll
 0002:00000228       __imp_GetConsoleMode       0000000180015228     kernel32:KERNEL32.dll
 0002:00000230       __imp_LCMapStringW         0000000180015230     kernel32:KERNEL32.dll
 0002:00000238       __imp_FindClose            0000000180015238     kernel32:KERNEL32.dll
 0002:00000240       \177KERNEL32_NULL_THUNK_DATA 0000000180015240     kernel32:KERNEL32.dll
 0002:00000248       __imp_?WriteHeapStatsChunk@OutputStream@v8@@UEAA?AW4WriteResult@12@PEAUHeapStatsUpdate@2@H@Z 0000000180015248     node:node.exe
 0002:00000250       __imp_??_7OutputStream@v8@@6B@ 0000000180015250     node:node.exe
 0002:00000258       __imp_?MakeCallback@node@@YA?AV?$Local@VValue@v8@@@v8@@PEAVIsolate@3@V?$Local@VObject@v8@@@3@V?$Local@VFunction@v8@@@3@HPEAV23@@Z 0000000180015258     node:node.exe
 0002:00000260       __imp_node_module_register 0000000180015260     node:node.exe
 0002:00000268       __imp_?Set@Object@v8@@QEAA_NV?$Local@VValue@v8@@@2@0@Z 0000000180015268     node:node.exe
 0002:00000270       __imp_?NewFromUtf8@String@v8@@SA?AV?$Local@VString@v8@@@2@PEAVIsolate@2@PEBDW4NewStringType@12@H@Z 0000000180015270     node:node.exe
 0002:00000278       __imp_??0Utf8Value@String@v8@@QEAA@V?$Local@VValue@v8@@@2@@Z 0000000180015278     node:node.exe
 0002:00000280       __imp_??1Utf8Value@String@v8@@QEAA@XZ 0000000180015280     node:node.exe
 0002:00000288       __imp_?IsFunction@Value@v8@@QEBA_NXZ 0000000180015288     node:node.exe
 0002:00000290       __imp_?Int32Value@Value@v8@@QEBAHXZ 0000000180015290     node:node.exe
 0002:00000298       __imp_?GlobalizeReference@V8@v8@@CAPEAPEAVObject@internal@2@PEAVIsolate@42@PEAPEAV342@@Z 0000000180015298     node:node.exe
 0002:000002a0       __imp_?DisposeGlobal@V8@v8@@CAXPEAPEAVObject@internal@2@@Z 00000001800152a0     node:node.exe
 0002:000002a8       __imp_?New@FunctionTemplate@v8@@SA?AV?$Local@VFunctionTemplate@v8@@@2@PEAVIsolate@2@P6AXAEBV?$FunctionCallbackInfo@VValue@v8@@@2@@ZV?$Local@VValue@v8@@@2@V?$Local@VSignature@v8@@@2@H@Z 00000001800152a8     node:node.exe
 0002:000002b0       __imp_?GetFunction@FunctionTemplate@v8@@QEAA?AV?$Local@VFunction@v8@@@2@XZ 00000001800152b0     node:node.exe
 0002:000002b8       __imp_??0HandleScope@v8@@QEAA@PEAVIsolate@1@@Z 00000001800152b8     node:node.exe
 0002:000002c0       __imp_??1HandleScope@v8@@QEAA@XZ 00000001800152c0     node:node.exe
 0002:000002c8       __imp_?CreateHandle@HandleScope@v8@@KAPEAPEAVObject@internal@2@PEAVIsolate@42@PEAV342@@Z 00000001800152c8     node:node.exe
 0002:000002d0       __imp_?TakeHeapSnapshot@HeapProfiler@v8@@QEAAPEBVHeapSnapshot@2@PEAVActivityControl@2@PEAVObjectNameResolver@12@@Z 00000001800152d0     node:node.exe
 0002:000002d8       __imp_?GetCurrent@Isolate@v8@@SAPEAV12@XZ 00000001800152d8     node:node.exe
 0002:000002e0       __imp_?GetHeapProfiler@Isolate@v8@@QEAAPEAVHeapProfiler@2@XZ 00000001800152e0     node:node.exe
 0002:000002e8       __imp_?GetCurrentContext@Isolate@v8@@QEAA?AV?$Local@VContext@v8@@@2@XZ 00000001800152e8     node:node.exe
 0002:000002f0       __imp_?Delete@HeapSnapshot@v8@@QEAAXXZ 00000001800152f0     node:node.exe
 0002:000002f8       __imp_?Serialize@HeapSnapshot@v8@@QEBAXPEAVOutputStream@2@W4SerializationFormat@12@@Z 00000001800152f8     node:node.exe
 0002:00000300       __imp_?New@Integer@v8@@SA?AV?$Local@VInteger@v8@@@2@PEAVIsolate@2@H@Z 0000000180015300     node:node.exe
 0002:00000308       __imp_?Global@Context@v8@@QEAA?AV?$Local@VObject@v8@@@2@XZ 0000000180015308     node:node.exe
 0002:00000310       __imp_uv_hrtime            0000000180015310     node:node.exe
 0002:00000318       \177node_NULL_THUNK_DATA   0000000180015318     node:node.exe
 0002:00000320       __guard_check_icall_fptr   0000000180015320     LIBCMT:guard_support.obj
 0002:00000328       __guard_dispatch_icall_fptr 0000000180015328     LIBCMT:guard_support.obj
 0002:00000330       __xc_a                     0000000180015330     LIBCMT:initializers.obj
 0002:00000340       _register_addon_           0000000180015340     heapdump.obj
 0002:00000348       __xc_z                     0000000180015348     LIBCMT:initializers.obj
 0002:00000350       __xi_a                     0000000180015350     LIBCMT:initializers.obj
 0002:00000358       __acrt_stdio_initializer   0000000180015358     libucrt:stdio_initializer.obj
 0002:00000360       __acrt_multibyte_initializer 0000000180015360     libucrt:multibyte_initializer.obj
 0002:00000368       __acrt_tran_fma3_initializer 0000000180015368     libucrt:fma3_initializer.obj
 0002:00000370       __xi_z                     0000000180015370     LIBCMT:initializers.obj
 0002:00000378       __xp_a                     0000000180015378     LIBCMT:initializers.obj
 0002:00000380       __acrt_locale_terminator   0000000180015380     libucrt:locale_initializer.obj
 0002:00000388       __dcrt_console_output_terminator 0000000180015388     libucrt:console_output_initializer.obj
 0002:00000390       __acrt_stdio_terminator    0000000180015390     libucrt:stdio_initializer.obj
 0002:00000398       __xp_z                     0000000180015398     LIBCMT:initializers.obj
 0002:000003a0       __xt_a                     00000001800153a0     LIBCMT:initializers.obj
 0002:000003a8       __xt_z                     00000001800153a8     LIBCMT:initializers.obj
 0002:000003b0       _pDefaultRawDllMain        00000001800153b0     LIBCMT:dll_dllmain.obj
 0002:000003b0       _pRawDllMain               00000001800153b0     LIBCMT:dll_dllmain.obj
 0002:000003c8       _Microsoft_CRTProvider     00000001800153c8     libvcruntime:telemetry.obj
 0002:000003d0       ??_C@_00CNPNBAHC@?$AA@     00000001800153d0     libvcruntime:telemetry.obj
 0002:000003d4       ??_C@_11LOCGONAA@?$AA?$AA@ 00000001800153d4     libvcruntime:telemetry.obj
 0002:000003d8       ??_C@_0O@JEOPJOMI@Main?5Invoked?4?$AA@ 00000001800153d8     libvcruntime:telemetry.obj
 0002:000003e8       ??_C@_0P@NEAEIBDO@Main?5Returned?4?$AA@ 00000001800153e8     libvcruntime:telemetry.obj
 0002:00000418       ??_C@_1BC@DNHGCMLG@?$AAa?$AAd?$AAv?$AAa?$AAp?$AAi?$AA3?$AA2?$AA?$AA@ 0000000180015418     libvcruntime:winapi_downlevel.obj
 0002:00000430       ??_C@_1DM@KHCHBNEB@?$AAa?$AAp?$AAi?$AA?9?$AAm?$AAs?$AA?9?$AAw?$AAi?$AAn?$AA?9?$AAc?$AAo?$AAr?$AAe?$AA?9?$AAf?$AAi?$AAb?$AAe?$AAr?$AAs?$AA?9?$AAl?$AA1?$AA?9?$AA1?$AA?9?$AA1?$AA?$AA@ 0000000180015430     libvcruntime:winapi_downlevel.obj
 0002:00000470       ??_C@_1DK@LPPGFMPP@?$AAa?$AAp?$AAi?$AA?9?$AAm?$AAs?$AA?9?$AAw?$AAi?$AAn?$AA?9?$AAc?$AAo?$AAr?$AAe?$AA?9?$AAs?$AAy?$AAn?$AAc?$AAh?$AA?9?$AAl?$AA1?$AA?9?$AA2?$AA?9?$AA0?$AA?$AA@ 0000000180015470     libvcruntime:winapi_downlevel.obj
 0002:000004b0       ??_C@_1BC@GDMECMAK@?$AAk?$AAe?$AAr?$AAn?$AAe?$AAl?$AA3?$AA2?$AA?$AA@ 00000001800154b0     libvcruntime:winapi_downlevel.obj
 0002:000004c8       ??_C@_0O@BAMBGLIE@EventRegister?$AA@ 00000001800154c8     libvcruntime:winapi_downlevel.obj
 0002:000004e0       ??_C@_0BE@BJEEGHGK@EventSetInformation?$AA@ 00000001800154e0     libvcruntime:winapi_downlevel.obj
 0002:000004f8       ??_C@_0BA@FAKLIPIC@EventUnregister?$AA@ 00000001800154f8     libvcruntime:winapi_downlevel.obj
 0002:00000510       ??_C@_0BD@PKLHJPHD@EventWriteTransfer?$AA@ 0000000180015510     libvcruntime:winapi_downlevel.obj
 0002:00000530       ??_C@_08KNHFBNJ@FlsAlloc?$AA@ 0000000180015530     libvcruntime:winapi_downlevel.obj
 0002:00000548       ??_C@_07PEJMOBNF@FlsFree?$AA@ 0000000180015548     libvcruntime:winapi_downlevel.obj
 0002:00000558       ??_C@_0M@GDNOONDI@FlsGetValue?$AA@ 0000000180015558     libvcruntime:winapi_downlevel.obj
 0002:00000570       ??_C@_0M@JCPCPOEF@FlsSetValue?$AA@ 0000000180015570     libvcruntime:winapi_downlevel.obj
 0002:00000588       ??_C@_0BM@HCFOFFN@InitializeCriticalSectionEx?$AA@ 0000000180015588     libvcruntime:winapi_downlevel.obj
 0002:000008d0       ??_C@_08EHJDFFNH@__based?$CI?$AA@ 00000001800158d0     libvcruntime:undname.obj
 0002:000008e0       ??_C@_07KOLFKCDI@__cdecl?$AA@ 00000001800158e0     libvcruntime:undname.obj
 0002:000008e8       ??_C@_08GHMPAG@__pascal?$AA@ 00000001800158e8     libvcruntime:undname.obj
 0002:000008f8       ??_C@_09IFJBGAPI@__stdcall?$AA@ 00000001800158f8     libvcruntime:undname.obj
 0002:00000908       ??_C@_0L@NPHFGOKO@__thiscall?$AA@ 0000000180015908     libvcruntime:undname.obj
 0002:00000918       ??_C@_0L@JMKHOMEK@__fastcall?$AA@ 0000000180015918     libvcruntime:undname.obj
 0002:00000928       ??_C@_0N@BCKKPABJ@__vectorcall?$AA@ 0000000180015928     libvcruntime:undname.obj
 0002:00000938       ??_C@_09HIJEGCPM@__clrcall?$AA@ 0000000180015938     libvcruntime:undname.obj
 0002:00000944       ??_C@_06GHPCKEAG@__eabi?$AA@ 0000000180015944     libvcruntime:undname.obj
 0002:00000950       ??_C@_07JOMMBBKO@__ptr64?$AA@ 0000000180015950     libvcruntime:undname.obj
 0002:00000958       ??_C@_0L@PILCLIHE@__restrict?$AA@ 0000000180015958     libvcruntime:undname.obj
 0002:00000968       ??_C@_0M@GFIIJFMG@__unaligned?$AA@ 0000000180015968     libvcruntime:undname.obj
 0002:00000978       ??_C@_09DHDLOLLB@restrict?$CI?$AA@ 0000000180015978     libvcruntime:undname.obj
 0002:00000984       ??_C@_04NIHEBCM@?5new?$AA@ 0000000180015984     libvcruntime:undname.obj
 0002:00000990       ??_C@_07FPCDHGMM@?5delete?$AA@ 0000000180015990     libvcruntime:undname.obj
 0002:00000998       ??_C@_01NEMOKFLO@?$DN?$AA@ 0000000180015998     libvcruntime:undname.obj
 0002:0000099c       ??_C@_02GPIOPFAK@?$DO?$DO?$AA@ 000000018001599c     libvcruntime:undname.obj
 0002:000009a0       ??_C@_02FODMEDOG@?$DM?$DM?$AA@ 00000001800159a0     libvcruntime:undname.obj
 0002:000009a4       ??_C@_01DCLJPIOD@?$CB?$AA@ 00000001800159a4     libvcruntime:undname.obj
 0002:000009a8       ??_C@_02EGOFBIJA@?$DN?$DN?$AA@ 00000001800159a8     libvcruntime:undname.obj
 0002:000009ac       ??_C@_02FDNJECIE@?$CB?$DN?$AA@ 00000001800159ac     libvcruntime:undname.obj
 0002:000009b0       ??_C@_02GPECMEKF@?$FL?$FN?$AA@ 00000001800159b0     libvcruntime:undname.obj
 0002:000009b8       ??_C@_08LHJFAFGD@operator?$AA@ 00000001800159b8     libvcruntime:undname.obj
 0002:000009c4       ??_C@_02HBOOOICD@?9?$DO?$AA@ 00000001800159c4     libvcruntime:undname.obj
 0002:000009c8       ??_C@_01NBENCBCI@?$CK?$AA@ 00000001800159c8     libvcruntime:undname.obj
 0002:000009cc       ??_C@_02ECNGHCIF@?$CL?$CL?$AA@ 00000001800159cc     libvcruntime:undname.obj
 0002:000009d0       ??_C@_02BAABKJLB@?9?9?$AA@ 00000001800159d0     libvcruntime:undname.obj
 0002:000009d4       ??_C@_01JOAMLHOP@?9?$AA@   00000001800159d4     libvcruntime:undname.obj
 0002:000009d8       ??_C@_01MIFGBAGJ@?$CL?$AA@ 00000001800159d8     libvcruntime:undname.obj
 0002:000009dc       ??_C@_01HNPIGOCE@?$CG?$AA@ 00000001800159dc     libvcruntime:undname.obj
 0002:000009e0       ??_C@_03MNHNFDLC@?9?$DO?$CK?$AA@ 00000001800159e0     libvcruntime:undname.obj
 0002:000009e4       ??_C@_01KMDKNFGN@?1?$AA@   00000001800159e4     libvcruntime:undname.obj
 0002:000009e8       ??_C@_01FGNFDNOH@?$CF?$AA@ 00000001800159e8     libvcruntime:undname.obj
 0002:000009ec       ??_C@_01MNNFJEPP@?$DM?$AA@ 00000001800159ec     libvcruntime:undname.obj
 0002:000009f0       ??_C@_02EHCHHCKH@?$DM?$DN?$AA@ 00000001800159f0     libvcruntime:undname.obj
 0002:000009f4       ??_C@_01PPODPGHN@?$DO?$AA@ 00000001800159f4     libvcruntime:undname.obj
 0002:000009f8       ??_C@_02EEKDKGMJ@?$DO?$DN?$AA@ 00000001800159f8     libvcruntime:undname.obj
 0002:000009fc       ??_C@_01IHBHIGKO@?0?$AA@   00000001800159fc     libvcruntime:undname.obj
 0002:00000a00       ??_C@_02HCKGKOFO@?$CI?$CJ?$AA@ 0000000180015a00     libvcruntime:undname.obj
 0002:00000a04       ??_C@_01PJKLJHI@?$HO?$AA@  0000000180015a04     libvcruntime:undname.obj
 0002:00000a08       ??_C@_01JKBOJNNK@?$FO?$AA@ 0000000180015a08     libvcruntime:undname.obj
 0002:00000a0c       ??_C@_01DNKMNLPK@?$HM?$AA@ 0000000180015a0c     libvcruntime:undname.obj
 0002:00000a10       ??_C@_02PPKAJPJL@?$CG?$CG?$AA@ 0000000180015a10     libvcruntime:undname.obj
 0002:00000a14       ??_C@_02NONPIBCD@?$HM?$HM?$AA@ 0000000180015a14     libvcruntime:undname.obj
 0002:00000a18       ??_C@_02FPIMKNGF@?$CK?$DN?$AA@ 0000000180015a18     libvcruntime:undname.obj
 0002:00000a1c       ??_C@_02FOEOMHFC@?$CL?$DN?$AA@ 0000000180015a1c     libvcruntime:undname.obj
 0002:00000a20       ??_C@_02FKMDLLOA@?9?$DN?$AA@ 0000000180015a20     libvcruntime:undname.obj
 0002:00000a24       ??_C@_02FJEHGPIO@?1?$DN?$AA@ 0000000180015a24     libvcruntime:undname.obj
 0002:00000a28       ??_C@_02FENAOKFI@?$CF?$DN?$AA@ 0000000180015a28     libvcruntime:undname.obj
 0002:00000a2c       ??_C@_03IKFCCPFF@?$DO?$DO?$DN?$AA@ 0000000180015a2c     libvcruntime:undname.obj
 0002:00000a30       ??_C@_03CDNPDDLA@?$DM?$DM?$DN?$AA@ 0000000180015a30     libvcruntime:undname.obj
 0002:00000a34       ??_C@_02FGJGFEAB@?$CG?$DN?$AA@ 0000000180015a34     libvcruntime:undname.obj
 0002:00000a38       ??_C@_02DHLNPPGH@?$HM?$DN?$AA@ 0000000180015a38     libvcruntime:undname.obj
 0002:00000a3c       ??_C@_02MHEGNOJ@?$FO?$DN?$AA@ 0000000180015a3c     libvcruntime:undname.obj
 0002:00000a40       ??_C@_09IFPLHPGF@?$GAvftable?8?$AA@ 0000000180015a40     libvcruntime:undname.obj
 0002:00000a50       ??_C@_09BLBHBJP@?$GAvbtable?8?$AA@ 0000000180015a50     libvcruntime:undname.obj
 0002:00000a60       ??_C@_07FEEIOKP@?$GAvcall?8?$AA@ 0000000180015a60     libvcruntime:undname.obj
 0002:00000a68       ??_C@_08LLFFHHDJ@?$GAtypeof?8?$AA@ 0000000180015a68     libvcruntime:undname.obj
 0002:00000a78       ??_C@_0BF@KDPPACIK@?$GAlocal?5static?5guard?8?$AA@ 0000000180015a78     libvcruntime:undname.obj
 0002:00000a90       ??_C@_08OBABFOLI@?$GAstring?8?$AA@ 0000000180015a90     libvcruntime:undname.obj
 0002:00000aa0       ??_C@_0BD@JDLKDPAB@?$GAvbase?5destructor?8?$AA@ 0000000180015aa0     libvcruntime:undname.obj
 0002:00000ab8       ??_C@_0BN@DEGPLNFK@?$GAvector?5deleting?5destructor?8?$AA@ 0000000180015ab8     libvcruntime:undname.obj
 0002:00000ad8       ??_C@_0BO@OBMKPJIG@?$GAdefault?5constructor?5closure?8?$AA@ 0000000180015ad8     libvcruntime:undname.obj
 0002:00000af8       ??_C@_0BN@IMDCHIKM@?$GAscalar?5deleting?5destructor?8?$AA@ 0000000180015af8     libvcruntime:undname.obj
 0002:00000b18       ??_C@_0BO@PFGOCPJJ@?$GAvector?5constructor?5iterator?8?$AA@ 0000000180015b18     libvcruntime:undname.obj
 0002:00000b38       ??_C@_0BN@LFPFMEDL@?$GAvector?5destructor?5iterator?8?$AA@ 0000000180015b38     libvcruntime:undname.obj
 0002:00000b58       ??_C@_0CE@IKBNEHA@?$GAvector?5vbase?5constructor?5iterat@ 0000000180015b58     libvcruntime:undname.obj
 0002:00000b80       ??_C@_0BL@NILFHHPC@?$GAvirtual?5displacement?5map?8?$AA@ 0000000180015b80     libvcruntime:undname.obj
 0002:00000ba0       ??_C@_0CB@JONCMFFK@?$GAeh?5vector?5constructor?5iterator?8@ 0000000180015ba0     libvcruntime:undname.obj
 0002:00000bc8       ??_C@_0CA@GCEOPDGL@?$GAeh?5vector?5destructor?5iterator?8?$AA@ 0000000180015bc8     libvcruntime:undname.obj
 0002:00000be8       ??_C@_0CH@OOJPLCPH@?$GAeh?5vector?5vbase?5constructor?5ite@ 0000000180015be8     libvcruntime:undname.obj
 0002:00000c10       ??_C@_0BL@LLKPOHJI@?$GAcopy?5constructor?5closure?8?$AA@ 0000000180015c10     libvcruntime:undname.obj
 0002:00000c30       ??_C@_0BA@KBCDOMBN@?$GAudt?5returning?8?$AA@ 0000000180015c30     libvcruntime:undname.obj
 0002:00000c40       ??_C@_03KLGMFNMG@?$GAEH?$AA@ 0000000180015c40     libvcruntime:undname.obj
 0002:00000c44       ??_C@_05KHLCHHI@?$GARTTI?$AA@ 0000000180015c44     libvcruntime:undname.obj
 0002:00000c50       ??_C@_0BA@KKLDJDLB@?$GAlocal?5vftable?8?$AA@ 0000000180015c50     libvcruntime:undname.obj
 0002:00000c60       ??_C@_0CE@IIHCMGGL@?$GAlocal?5vftable?5constructor?5closu@ 0000000180015c60     libvcruntime:undname.obj
 0002:00000c84       ??_C@_06FHBGPFGH@?5new?$FL?$FN?$AA@ 0000000180015c84     libvcruntime:undname.obj
 0002:00000c90       ??_C@_09LBNFPBCA@?5delete?$FL?$FN?$AA@ 0000000180015c90     libvcruntime:undname.obj
 0002:00000ca0       ??_C@_0P@HJKNJFNN@?$GAomni?5callsig?8?$AA@ 0000000180015ca0     libvcruntime:undname.obj
 0002:00000cb0       ??_C@_0BL@CNOONJFP@?$GAplacement?5delete?5closure?8?$AA@ 0000000180015cb0     libvcruntime:undname.obj
 0002:00000cd0       ??_C@_0BN@CKNJLHMB@?$GAplacement?5delete?$FL?$FN?5closure?8?$AA@ 0000000180015cd0     libvcruntime:undname.obj
 0002:00000cf0       ??_C@_0CG@CFDHKGGD@?$GAmanaged?5vector?5constructor?5iter@ 0000000180015cf0     libvcruntime:undname.obj
 0002:00000d18       ??_C@_0CF@IMGKMJNO@?$GAmanaged?5vector?5destructor?5itera@ 0000000180015d18     libvcruntime:undname.obj
 0002:00000d40       ??_C@_0CG@HLDDJMAG@?$GAeh?5vector?5copy?5constructor?5iter@ 0000000180015d40     libvcruntime:undname.obj
 0002:00000d68       ??_C@_0CM@FCBBDIGB@?$GAeh?5vector?5vbase?5copy?5constructo@ 0000000180015d68     libvcruntime:undname.obj
 0002:00000d98       ??_C@_0BL@CLIPGLGB@?$GAdynamic?5initializer?5for?5?8?$AA@ 0000000180015d98     libvcruntime:undname.obj
 0002:00000db8       ??_C@_0CB@PDBIFEP@?$GAdynamic?5atexit?5destructor?5for?5?8@ 0000000180015db8     libvcruntime:undname.obj
 0002:00000de0       ??_C@_0CD@CGAJBKEJ@?$GAvector?5copy?5constructor?5iterato@ 0000000180015de0     libvcruntime:undname.obj
 0002:00000e08       ??_C@_0CJ@GJELGAMM@?$GAvector?5vbase?5copy?5constructor?5i@ 0000000180015e08     libvcruntime:undname.obj
 0002:00000e38       ??_C@_0CL@FGIJHLCE@?$GAmanaged?5vector?5copy?5constructor@ 0000000180015e38     libvcruntime:undname.obj
 0002:00000e68       ??_C@_0BM@PMGGMLDN@?$GAlocal?5static?5thread?5guard?8?$AA@ 0000000180015e68     libvcruntime:undname.obj
 0002:00000e88       ??_C@_0N@BDNMDMOL@operator?5?$CC?$CC?5?$AA@ 0000000180015e88     libvcruntime:undname.obj
 0002:00000e98       ??_C@_0BC@DAFEJGAK@?5Type?5Descriptor?8?$AA@ 0000000180015e98     libvcruntime:undname.obj
 0002:00000eb0       ??_C@_0BM@LDKODKLH@?5Base?5Class?5Descriptor?5at?5?$CI?$AA@ 0000000180015eb0     libvcruntime:undname.obj
 0002:00000ed0       ??_C@_0BD@LGICGFMM@?5Base?5Class?5Array?8?$AA@ 0000000180015ed0     libvcruntime:undname.obj
 0002:00000ee8       ??_C@_0BN@MECKDCOJ@?5Class?5Hierarchy?5Descriptor?8?$AA@ 0000000180015ee8     libvcruntime:undname.obj
 0002:00000f08       ??_C@_0BK@CFCOFLF@?5Complete?5Object?5Locator?8?$AA@ 0000000180015f08     libvcruntime:undname.obj
 0002:00000f30       format_validation_lookup_table 0000000180015f30     libucrt:output.obj
 0002:00000f8c       ??_C@_06OJHGLDPL@?$CInull?$CJ?$AA@ 0000000180015f8c     libucrt:output.obj
 0002:00000f98       ??_C@_1O@CEDCILHN@?$AA?$CI?$AAn?$AAu?$AAl?$AAl?$AA?$CJ?$AA?$AA@ 0000000180015f98     libucrt:output.obj
 0002:00000fb0       __acrt_exception_action_table 0000000180015fb0     libucrt:exception_filter.obj
 0002:00001070       __acrt_signal_action_table_count 0000000180016070     libucrt:exception_filter.obj
 0002:00001078       __acrt_signal_action_first_fpe_index 0000000180016078     libucrt:exception_filter.obj
 0002:00001080       __acrt_signal_action_fpe_count 0000000180016080     libucrt:exception_filter.obj
 0002:00001088       ??_C@_1BI@BGOHAHKC@?$AAm?$AAs?$AAc?$AAo?$AAr?$AAe?$AAe?$AA?4?$AAd?$AAl?$AAl?$AA?$AA@ 0000000180016088     libucrt:exit.obj
 0002:000010a0       ??_C@_0P@MIGLKIOC@CorExitProcess?$AA@ 00000001800160a0     libucrt:exit.obj
 0002:00001308       ?ccs@?BL@???$__acrt_stdio_parse_mode@D@@YA?AU__acrt_stdio_stream_mode@@QEBD@Z@4QBDB 0000000180016308     libucrt:openfile.obj
 0002:0000130c       ?utf8_encoding@?BL@???$__acrt_stdio_parse_mode@D@@YA?AU__acrt_stdio_stream_mode@@QEBD@Z@4QBDB 000000018001630c     libucrt:openfile.obj
 0002:00001318       ?utf16_encoding@?BL@???$__acrt_stdio_parse_mode@D@@YA?AU__acrt_stdio_stream_mode@@QEBD@Z@4QBDB 0000000180016318     libucrt:openfile.obj
 0002:00001320       ?unicode_encoding@?BL@???$__acrt_stdio_parse_mode@D@@YA?AU__acrt_stdio_stream_mode@@QEBD@Z@4QBDB 0000000180016320     libucrt:openfile.obj
 0002:00001328       ??_C@_03OEIAHPBN@INF?$AA@  0000000180016328     libucrt:cvt.obj
 0002:0000132c       ??_C@_03OJHLLCGB@inf?$AA@  000000018001632c     libucrt:cvt.obj
 0002:00001330       ??_C@_03LKNCIKJB@NAN?$AA@  0000000180016330     libucrt:cvt.obj
 0002:00001334       ??_C@_03LHCJEHON@nan?$AA@  0000000180016334     libucrt:cvt.obj
 0002:00001338       ??_C@_09OFJJIMPC@NAN?$CISNAN?$CJ?$AA@ 0000000180016338     libucrt:cvt.obj
 0002:00001348       ??_C@_09IPFBKMDL@nan?$CIsnan?$CJ?$AA@ 0000000180016348     libucrt:cvt.obj
 0002:00001358       ??_C@_08IKHNHAJ@NAN?$CIIND?$CJ?$AA@ 0000000180016358     libucrt:cvt.obj
 0002:00001368       ??_C@_08OFCDMILK@nan?$CIind?$CJ?$AA@ 0000000180016368     libucrt:cvt.obj
 0002:00001374       ??_C@_05KLBDPFGC@e?$CL000?$AA@ 0000000180016374     libucrt:cvt.obj
 0002:00001380       __lc_time_c                0000000180016380     libucrt:nlsdata.obj
 0002:00001640       ??_C@_03KOEHGMDN@Sun?$AA@  0000000180016640     libucrt:nlsdata.obj
 0002:00001644       ??_C@_03PDAGKDH@Mon?$AA@   0000000180016644     libucrt:nlsdata.obj
 0002:00001648       ??_C@_03NAGEINEP@Tue?$AA@  0000000180016648     libucrt:nlsdata.obj
 0002:0000164c       ??_C@_03MHOMLAJA@Wed?$AA@  000000018001664c     libucrt:nlsdata.obj
 0002:00001650       ??_C@_03IOFIKPDN@Thu?$AA@  0000000180016650     libucrt:nlsdata.obj
 0002:00001654       ??_C@_03IDIOELNC@Fri?$AA@  0000000180016654     libucrt:nlsdata.obj
 0002:00001658       ??_C@_03FEFJNEK@Sat?$AA@   0000000180016658     libucrt:nlsdata.obj
 0002:0000165c       ??_C@_06OOPIFAJ@Sunday?$AA@ 000000018001665c     libucrt:nlsdata.obj
 0002:00001664       ??_C@_06JLEDEDGH@Monday?$AA@ 0000000180016664     libucrt:nlsdata.obj
 0002:00001670       ??_C@_07BAAGCFCM@Tuesday?$AA@ 0000000180016670     libucrt:nlsdata.obj
 0002:00001678       ??_C@_09DLIGFAKA@Wednesday?$AA@ 0000000180016678     libucrt:nlsdata.obj
 0002:00001688       ??_C@_08HACCIKIA@Thursday?$AA@ 0000000180016688     libucrt:nlsdata.obj
 0002:00001694       ??_C@_06JECMNKMI@Friday?$AA@ 0000000180016694     libucrt:nlsdata.obj
 0002:000016a0       ??_C@_08INBOOONO@Saturday?$AA@ 00000001800166a0     libucrt:nlsdata.obj
 0002:000016ac       ??_C@_03JIHJHPIE@Jan?$AA@  00000001800166ac     libucrt:nlsdata.obj
 0002:000016b0       ??_C@_03HJBDCHOM@Feb?$AA@  00000001800166b0     libucrt:nlsdata.obj
 0002:000016b4       ??_C@_03ODNJBKGA@Mar?$AA@  00000001800166b4     libucrt:nlsdata.obj
 0002:000016b8       ??_C@_03LEOLGMJP@Apr?$AA@  00000001800166b8     libucrt:nlsdata.obj
 0002:000016bc       ??_C@_03CNMDKL@May?$AA@    00000001800166bc     libucrt:nlsdata.obj
 0002:000016c0       ??_C@_03IDFGHECI@Jun?$AA@  00000001800166c0     libucrt:nlsdata.obj
 0002:000016c4       ??_C@_03LBGABGKK@Jul?$AA@  00000001800166c4     libucrt:nlsdata.obj
 0002:000016c8       ??_C@_03IFJFEIGA@Aug?$AA@  00000001800166c8     libucrt:nlsdata.obj
 0002:000016cc       ??_C@_03GGCAPAJC@Sep?$AA@  00000001800166cc     libucrt:nlsdata.obj
 0002:000016d0       ??_C@_03BMAOKBAD@Oct?$AA@  00000001800166d0     libucrt:nlsdata.obj
 0002:000016d4       ??_C@_03JPJOFNIA@Nov?$AA@  00000001800166d4     libucrt:nlsdata.obj
 0002:000016d8       ??_C@_03MKABNOCG@Dec?$AA@  00000001800166d8     libucrt:nlsdata.obj
 0002:000016e0       ??_C@_07CGJPFGJA@January?$AA@ 00000001800166e0     libucrt:nlsdata.obj
 0002:000016e8       ??_C@_08GNJGEPFN@February?$AA@ 00000001800166e8     libucrt:nlsdata.obj
 0002:000016f4       ??_C@_05HPCKOFNC@March?$AA@ 00000001800166f4     libucrt:nlsdata.obj
 0002:000016fc       ??_C@_05DMJDNLEJ@April?$AA@ 00000001800166fc     libucrt:nlsdata.obj
 0002:00001704       ??_C@_04CNLMGBGM@June?$AA@ 0000000180016704     libucrt:nlsdata.obj
 0002:0000170c       ??_C@_04MIEPOIFP@July?$AA@ 000000018001670c     libucrt:nlsdata.obj
 0002:00001714       ??_C@_06LBBHFDDG@August?$AA@ 0000000180016714     libucrt:nlsdata.obj
 0002:00001720       ??_C@_09BHHEALKD@September?$AA@ 0000000180016720     libucrt:nlsdata.obj
 0002:00001730       ??_C@_07JJNFCEND@October?$AA@ 0000000180016730     libucrt:nlsdata.obj
 0002:00001738       ??_C@_08HCHEGEOA@November?$AA@ 0000000180016738     libucrt:nlsdata.obj
 0002:00001748       ??_C@_08EDHMEBNP@December?$AA@ 0000000180016748     libucrt:nlsdata.obj
 0002:00001754       ??_C@_02DEDBPAFC@AM?$AA@   0000000180016754     libucrt:nlsdata.obj
 0002:00001758       ??_C@_02CJNFDJBF@PM?$AA@   0000000180016758     libucrt:nlsdata.obj
 0002:00001760       ??_C@_08BPBNCDIB@MM?1dd?1yy?$AA@ 0000000180016760     libucrt:nlsdata.obj
 0002:00001770       ??_C@_0BE@CKGJFCPC@dddd?0?5MMMM?5dd?0?5yyyy?$AA@ 0000000180016770     libucrt:nlsdata.obj
 0002:00001788       ??_C@_08JCCMCCIL@HH?3mm?3ss?$AA@ 0000000180016788     libucrt:nlsdata.obj
 0002:00001798       ??_C@_17MBGCMIPB@?$AAS?$AAu?$AAn?$AA?$AA@ 0000000180016798     libucrt:nlsdata.obj
 0002:000017a0       ??_C@_17KBOMKBF@?$AAM?$AAo?$AAn?$AA?$AA@ 00000001800167a0     libucrt:nlsdata.obj
 0002:000017a8       ??_C@_17BMKGEGOJ@?$AAT?$AAu?$AAe?$AA?$AA@ 00000001800167a8     libucrt:nlsdata.obj
 0002:000017b0       ??_C@_17CJEDCEPE@?$AAW?$AAe?$AAd?$AA?$AA@ 00000001800167b0     libucrt:nlsdata.obj
 0002:000017b8       ??_C@_17PDPHAADD@?$AAT?$AAh?$AAu?$AA?$AA@ 00000001800167b8     libucrt:nlsdata.obj
 0002:000017c0       ??_C@_17HFOLPPLP@?$AAF?$AAr?$AAi?$AA?$AA@ 00000001800167c0     libucrt:nlsdata.obj
 0002:000017c8       ??_C@_17GGIBDPIH@?$AAS?$AAa?$AAt?$AA?$AA@ 00000001800167c8     libucrt:nlsdata.obj
 0002:000017d0       ??_C@_1O@IHNHDHPB@?$AAS?$AAu?$AAn?$AAd?$AAa?$AAy?$AA?$AA@ 00000001800167d0     libucrt:nlsdata.obj
 0002:000017e0       ??_C@_1O@MMNBFLIA@?$AAM?$AAo?$AAn?$AAd?$AAa?$AAy?$AA?$AA@ 00000001800167e0     libucrt:nlsdata.obj
 0002:000017f0       ??_C@_1BA@ENFBFFEK@?$AAT?$AAu?$AAe?$AAs?$AAd?$AAa?$AAy?$AA?$AA@ 00000001800167f0     libucrt:nlsdata.obj
[...]
 0004:00000c30       $pdata$_recalloc_base      0000000180022c30     libucrt:recalloc.obj
 0004:00000c3c       $pdata$__acrt_initialize_heap 0000000180022c3c     libucrt:heap_handle.obj
 0004:00000c48       $pdata$__acrt_execute_initializers 0000000180022c48     libucrt:shared_initialization.obj
 0004:00000c54       $pdata$__acrt_execute_uninitializers 0000000180022c54     libucrt:shared_initialization.obj
 0004:00000c60       $pdata$_callnewh           0000000180022c60     libucrt:new_handler.obj
 0004:00000c6c       $pdata$_query_new_handler  0000000180022c6c     libucrt:new_handler.obj
 0004:00000c78       $pdata$??$?RV<lambda_c36588078e9f5dfd39652860aa6b3aaf>@@AEAV<lambda_ec61778202f4f5fc7e7711acc23c3bca>@@V<lambda_dc9d2797ccde5d239b4a0efae8ebd7db>@@@?$__crt_seh_guarded_call@P6AXH@Z@@QEAAP6AXH@Z$$QEAV<lambda_c36588078e9f5dfd39652860aa6b3aaf>@@AEAV<lambda_ec61778202f4f5fc7e7711acc23c3bca>@@$$QEAV<lambda_dc9d2797ccde5d239b4a0efae8ebd7db>@@@Z 0000000180022c78     libucrt:signal.obj
 0004:00000c84       $pdata$__acrt_get_sigabrt_handler 0000000180022c84     libucrt:signal.obj
 0004:00000c90       $pdata$raise               0000000180022c90     libucrt:signal.obj
 0004:00000c9c       $pdata$__acrt_invoke_user_matherr 0000000180022c9c     libucrt:matherr.obj
 0004:00000ca8       $pdata$__pctype_func       0000000180022ca8     libucrt:ctype.obj
 0004:00000cb4       $pdata$_isctype_l          0000000180022cb4     libucrt:isctype.obj
 0004:00000cc0       $pdata$_fcloseall          0000000180022cc0     libucrt:closeall.obj
 0004:00000cd8       $pdata$_strnicmp           0000000180022cd8     libucrt:strnicmp.obj
 0004:00000ce4       $pdata$_strnicmp_l         0000000180022ce4     libucrt:strnicmp.obj
 0004:00000cf0       $pdata$??$common_sopen_dispatch@D@@YAHQEBDHHHQEAHH@Z 0000000180022cf0     libucrt:open.obj
 0004:00000cfc       $pdata$?configure_text_mode@@YAHHUfile_options@?A0x656cf9f4@@HAEAW4__crt_lowio_text_mode@@@Z 0000000180022cfc     libucrt:open.obj
 0004:00000d08       $pdata$?decode_options@@YA?AUfile_options@?A0x656cf9f4@@HHH@Z 0000000180022d08     libucrt:open.obj
 0004:00000d14       $pdata$?truncate_ctrl_z_if_present@@YAHH@Z 0000000180022d14     libucrt:open.obj
 0004:00000d20       $pdata$_sopen_nolock       0000000180022d20     libucrt:open.obj
 0004:00000d2c       $pdata$_sopen_s            0000000180022d2c     libucrt:open.obj
 0004:00000d38       $pdata$_wsopen_nolock      0000000180022d38     libucrt:open.obj
 0004:00000d44       $pdata$__acrt_lowio_create_handle_array 0000000180022d44     libucrt:osfinfo.obj
 0004:00000d50       $pdata$__acrt_lowio_destroy_handle_array 0000000180022d50     libucrt:osfinfo.obj
 0004:00000d5c       $pdata$__acrt_lowio_ensure_fh_exists 0000000180022d5c     libucrt:osfinfo.obj
 0004:00000d68       $pdata$__acrt_lowio_set_os_handle 0000000180022d68     libucrt:osfinfo.obj
 0004:00000d74       $pdata$_alloc_osfhnd       0000000180022d74     libucrt:osfinfo.obj
 0004:00000d80       $pdata$_free_osfhnd        0000000180022d80     libucrt:osfinfo.obj
 0004:00000d8c       $pdata$_get_osfhandle      0000000180022d8c     libucrt:osfinfo.obj
 0004:00000d98       $pdata$??$?RV<lambda_b521505b218e5242e90febf6bfebc422>@@AEAV<lambda_6978c1fb23f02e42e1d9e99668cc68aa>@@V<lambda_314360699dd331753a4119843814e9a7>@@@?$__crt_seh_guarded_call@H@@QEAAH$$QEAV<lambda_b521505b218e5242e90febf6bfebc422>@@AEAV<lambda_6978c1fb23f02e42e1d9e99668cc68aa>@@$$QEAV<lambda_314360699dd331753a4119843814e9a7>@@@Z 0000000180022d98     libucrt:commit.obj
 0004:00000da4       $pdata$_commit             0000000180022da4     libucrt:commit.obj
 0004:00000db0       $pdata$_isleadbyte_l       0000000180022db0     libucrt:_wctype.obj
 0004:00000dbc       $pdata$?__acrt_LCMapStringA_stat@@YAHPEAU__crt_locale_pointers@@PEB_WKPEBDHPEADHHH@Z 0000000180022dbc     libucrt:lcmapstringa.obj
 0004:00000dc8       $pdata$__acrt_LCMapStringA 0000000180022dc8     libucrt:lcmapstringa.obj
 0004:00000dd4       $pdata$__acrt_free_locale  0000000180022dd4     libucrt:locale_refcounting.obj
 0004:00000de0       $pdata$__acrt_locale_free_lc_time_if_unreferenced 0000000180022de0     libucrt:locale_refcounting.obj
 0004:00000dec       $pdata$__acrt_release_locale_ref 0000000180022dec     libucrt:locale_refcounting.obj
 0004:00000df8       $pdata$__acrt_update_thread_locale_data 0000000180022df8     libucrt:locale_refcounting.obj
 0004:00000e04       $pdata$_updatetlocinfoEx_nolock 0000000180022e04     libucrt:locale_refcounting.obj
 0004:00000e10       $pdata$__acrt_fp_strflt_to_string 0000000180022e10     libucrt:_fptostr.obj
 0004:00000e1c       $pdata$?divide@__crt_strtox@@YA_KAEAUbig_integer@1@AEBU21@@Z 0000000180022e1c     libucrt:cfout.obj
 0004:00000e28       $pdata$5$?divide@__crt_strtox@@YA_KAEAUbig_integer@1@AEBU21@@Z 0000000180022e28     libucrt:cfout.obj
 0004:00000e34       $pdata$6$?divide@__crt_strtox@@YA_KAEAUbig_integer@1@AEBU21@@Z 0000000180022e34     libucrt:cfout.obj
 0004:00000e40       $pdata$__acrt_fltout       0000000180022e40     libucrt:cfout.obj
 0004:00000e4c       $pdata$memcpy_s            0000000180022e4c     libucrt:cfout.obj
 0004:00000e58       $pdata$_isatty             0000000180022e58     libucrt:isatty.obj
 0004:00000e64       $pdata$__acrt_locale_free_monetary 0000000180022e64     libucrt:initmon.obj
 0004:00000e70       $pdata$__acrt_locale_free_numeric 0000000180022e70     libucrt:initnum.obj
 0004:00000e7c       $pdata$?free_crt_array_internal@@YAXQEAPEBX_K@Z 0000000180022e7c     libucrt:inittime.obj
 0004:00000e88       $pdata$__acrt_locale_free_time 0000000180022e88     libucrt:inittime.obj
 0004:00000e94       $pdata$__acrt_GetStringTypeA 0000000180022e94     libucrt:getstringtypea.obj
 0004:00000ea0       $pdata$??$common_lseek@_J@@YA_JH_JH@Z 0000000180022ea0     libucrt:lseek.obj
 0004:00000eac       $pdata$??$common_lseek_nolock@_J@@YA_JH_JH@Z 0000000180022eac     libucrt:lseek.obj
 0004:00000eb8       $pdata$_putwch_nolock      0000000180022eb8     libucrt:putwch.obj
 0004:00000ec4       $pdata$__acrt_stdio_allocate_buffer_nolock 0000000180022ec4     libucrt:_getbuf.obj
 0004:00000ed0       $pdata$?GetTableIndexFromLocaleName@@YAHPEB_W@Z 0000000180022ed0     libucrt:lcidtoname_downlevel.obj
 0004:00000edc       $pdata$__acrt_DownlevelLocaleNameToLCID 0000000180022edc     libucrt:lcidtoname_downlevel.obj
 0004:00000ee8       $pdata$?shortsort@@YAXPEAD0_KP6AHPEBX2@Z@Z 0000000180022ee8     libucrt:qsort.obj
 0004:00000ef4       $pdata$2$?shortsort@@YAXPEAD0_KP6AHPEBX2@Z@Z 0000000180022ef4     libucrt:qsort.obj
 0004:00000f00       $pdata$3$?shortsort@@YAXPEAD0_KP6AHPEBX2@Z@Z 0000000180022f00     libucrt:qsort.obj
 0004:00000f0c       $pdata$qsort               0000000180022f0c     libucrt:qsort.obj
 0004:00000f18       $pdata$4$qsort             0000000180022f18     libucrt:qsort.obj
 0004:00000f24       $pdata$5$qsort             0000000180022f24     libucrt:qsort.obj
 0004:00000f30       $pdata$strncpy_s           0000000180022f30     libucrt:strncpy_s.obj
 0004:00000f3c       $pdata$strpbrk             0000000180022f3c     libucrt:strpbrk.obj
 0004:00000f48       $pdata$_mbsdec_l           0000000180022f48     libucrt:mbsdec.obj
 0004:00000f54       $pdata$?initialize_multibyte@@YAHXZ 0000000180022f54     libucrt:multibyte_initializer.obj
 0004:00000f60       $pdata$_msize              0000000180022f60     libucrt:msize.obj
 0004:00000f6c       $pdata$_realloc_base       0000000180022f6c     libucrt:realloc_base.obj
 0004:00000f78       $pdata$_get_fmode          0000000180022f78     libucrt:setmode.obj
 0004:00000f84       $pdata$_setmode_nolock     0000000180022f84     libucrt:setmode.obj
 0004:00000f90       $pdata$__acrt_copy_path_to_wide_string 0000000180022f90     libucrt:string_utilities.obj
 0004:00000f9c       $pdata$_chsize_nolock      0000000180022f9c     libucrt:chsize.obj
 0004:00000fa8       $pdata$??$translate_text_mode_nolock@_W@@YAHHQEA_W_K@Z 0000000180022fa8     libucrt:read.obj
 0004:00000fb4       $pdata$?translate_ansi_or_utf8_nolock@@YAHHQEAD_KQEA_W1@Z 0000000180022fb4     libucrt:read.obj
 0004:00000fc0       $pdata$_read_nolock        0000000180022fc0     libucrt:read.obj
 0004:00000fcc       $pdata$fegetenv            0000000180022fcc     libucrt:fegetenv.obj
 0004:00000fd8       $pdata$fesetenv            0000000180022fd8     libucrt:fesetenv.obj
 0004:00000fe4       $pdata$feholdexcept        0000000180022fe4     libucrt:feholdexcept.obj
 0004:00000ffc       $pdata$__dcrt_lowio_initialize_console_output 0000000180022ffc     libucrt:initcon.obj
 0004:00001008       $pdata$__dcrt_terminate_console_output 0000000180023008     libucrt:initcon.obj
 0004:00001014       $pdata$_getfpcontrolword   0000000180023014     libucrt:_fenvutils.obj
 0004:00001020       $pdata$_getfpstatusword    0000000180023020     libucrt:_fenvutils.obj
 0004:0000102c       $pdata$_setfpstatusword    000000018002302c     libucrt:_fenvutils.obj
 0004:00001038       $pdata$_clearfp            0000000180023038     libucrt:ieee.obj
 0004:00001044       $pdata$common_control87    0000000180023044     libucrt:ieee.obj
 0004:00001050       $pdata$_call_matherr       0000000180023050     libucrt:libm_error.obj
 0004:0000105c       $pdata$_exception_enabled  000000018002305c     libucrt:libm_error.obj
 0004:00001068       $pdata$_handle_error       0000000180023068     libucrt:libm_error.obj
 0004:00001074       $pdata$__acrt_initialize_fma3 0000000180023074     libucrt:fma3_available.obj
 0004:00001080       $pdata$_log10_special      0000000180023080     libucrt:log_special.obj
 0004:0000108c       $pdata$_log_special_common 000000018002308c     libucrt:log_special.obj
 0004:000010a4       $pdata$_raise_exc          00000001800230a4     libucrt:fpexcept.obj
 0004:000010b0       $pdata$_raise_exc_ex       00000001800230b0     libucrt:fpexcept.obj
 0004:000010bc       $pdata$_set_errno_from_matherr 00000001800230bc     libucrt:fpexcept.obj
 0004:000010c8       $pdata$_clrfp              00000001800230c8     libucrt:fpctrl.obj
 0004:000010d4       $pdata$_ctrlfp             00000001800230d4     libucrt:fpctrl.obj
 0004:000010e0       $pdata$_set_statfp         00000001800230e0     libucrt:fpctrl.obj
 0004:000010ec       $pdata$_statfp             00000001800230ec     libucrt:fpctrl.obj
 0004:000010f8       $pdata$_IsNonwritableInCurrentImage 00000001800230f8     LIBCMT:pesect.obj
 0004:00001104       $pdata$__GSHandlerCheck    0000000180023104     LIBCMT:_gshandler_.obj
 0004:00001110       $pdata$__GSHandlerCheckCommon 0000000180023110     LIBCMT:_gshandler_.obj
 0004:00001134       $pdata$strrchr             0000000180023134     libvcruntime:strrchr.obj
 0004:00001158       $pdata$__scrt_is_nonwritable_in_current_image$filt$0 0000000180023158     LIBCMT:utility.obj
 0004:00001164       $pdata$?fin$0@?0??dllmain_crt_process_attach@@YAHQEAUHINSTANCE__@@QEAX@Z@4HA 0000000180023164     LIBCMT:dll_dllmain.obj
 0004:00001170       $pdata$?fin$0@?0??dllmain_crt_process_detach@@YAH_N@Z@4HA 0000000180023170     LIBCMT:dll_dllmain.obj
 0004:0000117c       $pdata$?filt$0@?0??dllmain_dispatch@@YAHQEAUHINSTANCE__@@KQEAX@Z@4HA 000000018002317c     LIBCMT:dll_dllmain.obj
 0004:00001188       $pdata$?fin$0@?0???$common_fsopen@D@@YAPEAU_iobuf@@QEBD0H@Z@4HA 0000000180023188     libucrt:fopen.obj
 0004:00001194       $pdata$fclose$fin$0        0000000180023194     libucrt:fclose.obj
 0004:000011a0       $pdata$?fin$0@?0???$?RV<lambda_5d4c3fee44080f75d5d9762853974fe0>@@AEAV<lambda_532e024f4337e6fc7ad266c2bef9f4ed>@@V<lambda_c87bdc10097eb2402edb8ba9bdf0697b>@@@?$__crt_seh_guarded_call@_K@@QEAA_K$$QEAV<lambda_5d4c3fee44080f75d5d9762853974fe0>@@AEAV<lambda_532e024f4337e6fc7ad266c2bef9f4ed>@@$$QEAV<lambda_c87bdc10097eb2402edb8ba9bdf0697b>@@@Z@4HA 00000001800231a0     libucrt:fwrite.obj
 0004:000011ac       $pdata$?filt$0@?0??common_exit@@YAXHW4_crt_exit_cleanup_mode@@W4_crt_exit_return_mode@@@Z@4HA 00000001800231ac     libucrt:exit.obj
 0004:000011b8       $pdata$?fin$1@?0??common_exit@@YAXHW4_crt_exit_cleanup_mode@@W4_crt_exit_return_mode@@@Z@4HA 00000001800231b8     libucrt:exit.obj
 0004:000011c4       $pdata$?fin$0@?0???$?RV<lambda_e24bbb7b643b32fcea6fa61b31d4c984>@@AEAV<lambda_275893d493268fdec8709772e3fcec0e>@@V<lambda_9d71df4d7cf3f480f8d633942495c3b0>@@@?$__crt_seh_guarded_call@H@@QEAAH$$QEAV<lambda_e24bbb7b643b32fcea6fa61b31d4c984>@@AEAV<lambda_275893d493268fdec8709772e3fcec0e>@@$$QEAV<lambda_9d71df4d7cf3f480f8d633942495c3b0>@@@Z@4HA 00000001800231c4     libucrt:onexit.obj
 0004:000011d0       $pdata$_fcloseall$fin$0    00000001800231d0     libucrt:closeall.obj
 0004:000011d0       $pdata$?fin$0@?0??__acrt_stdio_allocate_stream@@YA?AV__crt_stdio_stream@@XZ@4HA 00000001800231d0     libucrt:stream.obj
 0004:000011dc       $pdata$common_flush_all$fin$0 00000001800231dc     libucrt:fflush.obj
 0004:000011e8       $pdata$common_flush_all$fin$1 00000001800231e8     libucrt:fflush.obj
 0004:000011f4       $pdata$?fin$0@?0???$?RV<lambda_b8c45f8f788dd370798f47cfe8ac3a86>@@AEAV<lambda_4e60a939b0d047cfe11ddc22648dfba9>@@V<lambda_332c3edc96d0294ec56c57d38c1cdfd5>@@@?$__crt_seh_guarded_call@H@@QEAAH$$QEAV<lambda_b8c45f8f788dd370798f47cfe8ac3a86>@@AEAV<lambda_4e60a939b0d047cfe11ddc22648dfba9>@@$$QEAV<lambda_332c3edc96d0294ec56c57d38c1cdfd5>@@@Z@4HA 00000001800231f4     libucrt:onexit.obj
 0004:000011f4       $pdata$?fin$0@?0???$?RV<lambda_5e887d1dcbef67a5eb4283622ba103bf>@@AEAV<lambda_4466841279450cc726390878d4a41900>@@V<lambda_341c25c0346d94847f1f3c463c57e077>@@@?$__crt_seh_guarded_call@X@@QEAAX$$QEAV<lambda_5e887d1dcbef67a5eb4283622ba103bf>@@AEAV<lambda_4466841279450cc726390878d4a41900>@@$$QEAV<lambda_341c25c0346d94847f1f3c463c57e077>@@@Z@4HA 00000001800231f4     libucrt:per_thread_data.obj
 0004:000011f4       $pdata$?fin$0@?0???$?RV<lambda_c36588078e9f5dfd39652860aa6b3aaf>@@AEAV<lambda_ec61778202f4f5fc7e7711acc23c3bca>@@V<lambda_dc9d2797ccde5d239b4a0efae8ebd7db>@@@?$__crt_seh_guarded_call@P6AXH@Z@@QEAAP6AXH@Z$$QEAV<lambda_c36588078e9f5dfd39652860aa6b3aaf>@@AEAV<lambda_ec61778202f4f5fc7e7711acc23c3bca>@@$$QEAV<lambda_dc9d2797ccde5d239b4a0efae8ebd7db>@@@Z@4HA 00000001800231f4     libucrt:signal.obj
 0004:000011f4       $pdata$?fin$0@?0???$?RV<lambda_99476a1ad63dd22509b5d3e65b0ffc95>@@AEAV<lambda_ad1ced32f4ac17aa236e5ef05d6b3b7c>@@V<lambda_f7424dd8d45958661754dc4f2697e9c3>@@@?$__crt_seh_guarded_call@X@@QEAAX$$QEAV<lambda_99476a1ad63dd22509b5d3e65b0ffc95>@@AEAV<lambda_ad1ced32f4ac17aa236e5ef05d6b3b7c>@@$$QEAV<lambda_f7424dd8d45958661754dc4f2697e9c3>@@@Z@4HA 00000001800231f4     libucrt:mbctype.obj
 0004:000011f4       $pdata$?fin$0@?0???$?RV<lambda_fb3a7dec4e47f37f22dae91bb15c9095>@@AEAV<lambda_698284760c8add0bfb0756c19673e34b>@@V<lambda_dfb8eca1e75fef3034a8fb18dd509707>@@@?$__crt_seh_guarded_call@X@@QEAAX$$QEAV<lambda_fb3a7dec4e47f37f22dae91bb15c9095>@@AEAV<lambda_698284760c8add0bfb0756c19673e34b>@@$$QEAV<lambda_dfb8eca1e75fef3034a8fb18dd509707>@@@Z@4HA 00000001800231f4     libucrt:per_thread_data.obj
 0004:000011f4       $pdata$?fin$0@?0???$?RV<lambda_46352004c1216016012b18bd6f87e700>@@AEAV<lambda_3bd07e1a1191394380780325891bf33f>@@V<lambda_334532d3f185bcaa59b5be82d7d22bff>@@@?$__crt_seh_guarded_call@X@@QEAAX$$QEAV<lambda_46352004c1216016012b18bd6f87e700>@@AEAV<lambda_3bd07e1a1191394380780325891bf33f>@@$$QEAV<lambda_334532d3f185bcaa59b5be82d7d22bff>@@@Z@4HA 00000001800231f4     libucrt:per_thread_data.obj
 0004:000011f4       $pdata$?fin$0@?0???$?RV<lambda_72d1df2b273a38828b1ce30cbf4cdab5>@@AEAV<lambda_876a65b173b8412d3a47c70a915b0cf4>@@V<lambda_41932305e351933ebe8f8be3ed8bb5dc>@@@?$__crt_seh_guarded_call@X@@QEAAX$$QEAV<lambda_72d1df2b273a38828b1ce30cbf4cdab5>@@AEAV<lambda_876a65b173b8412d3a47c70a915b0cf4>@@$$QEAV<lambda_41932305e351933ebe8f8be3ed8bb5dc>@@@Z@4HA 00000001800231f4     libucrt:per_thread_data.obj
 0004:00001200       $pdata$__acrt_update_thread_multibyte_data$fin$0 0000000180023200     libucrt:mbctype.obj
 0004:0000120c       $pdata$_query_new_handler$fin$0 000000018002320c     libucrt:new_handler.obj
 0004:00001218       $pdata$raise$fin$0         0000000180023218     libucrt:signal.obj
 0004:00001224       $pdata$?fin$0@?0???$common_sopen_dispatch@D@@YAHQEBDHHHQEAHH@Z@4HA 0000000180023224     libucrt:open.obj
 0004:00001230       $pdata$_alloc_osfhnd$fin$0 0000000180023230     libucrt:osfinfo.obj
 0004:00001230       $pdata$__acrt_lowio_ensure_fh_exists$fin$0 0000000180023230     libucrt:osfinfo.obj
 0004:00001230       $pdata$__acrt_initialize_lowio$fin$0 0000000180023230     libucrt:ioinit.obj
 0004:0000123c       $pdata$?fin$0@?0???$?RV<lambda_b521505b218e5242e90febf6bfebc422>@@AEAV<lambda_6978c1fb23f02e42e1d9e99668cc68aa>@@V<lambda_314360699dd331753a4119843814e9a7>@@@?$__crt_seh_guarded_call@H@@QEAAH$$QEAV<lambda_b521505b218e5242e90febf6bfebc422>@@AEAV<lambda_6978c1fb23f02e42e1d9e99668cc68aa>@@$$QEAV<lambda_314360699dd331753a4119843814e9a7>@@@Z@4HA 000000018002323c     libucrt:commit.obj
 0004:0000123c       $pdata$?fin$0@?0???$?RV<lambda_bfedae4ebbf01fab1bb6dcc6a9e276e0>@@AEAV<lambda_2fe9b910cf3cbf4a0ab98a02ba45b3ec>@@V<lambda_237c231691f317818eb88cc1d5d642d6>@@@?$__crt_seh_guarded_call@H@@QEAAH$$QEAV<lambda_bfedae4ebbf01fab1bb6dcc6a9e276e0>@@AEAV<lambda_2fe9b910cf3cbf4a0ab98a02ba45b3ec>@@$$QEAV<lambda_237c231691f317818eb88cc1d5d642d6>@@@Z@4HA 000000018002323c     libucrt:close.obj
 0004:00001248       $pdata$__acrt_uninitialize_locale$fin$0 0000000180023248     libucrt:wsetlocale.obj
 0004:00001248       $pdata$__acrt_update_thread_locale_data$fin$0 0000000180023248     libucrt:locale_refcounting.obj
 0004:00001254       $pdata$?fin$0@?0???$common_lseek@_J@@YA_JH_JH@Z@4HA 0000000180023254     libucrt:lseek.obj
 0004:00001254       $pdata$_write$fin$0        0000000180023254     libucrt:write.obj
 0004:00001260       $pdata$common_control87$filt$0 0000000180023260     libucrt:ieee.obj
 0004:00001260       $pdata$_ctrlfp$filt$0      0000000180023260     libucrt:fpctrl.obj
 0004:0000126c       $pdata$_IsNonwritableInCurrentImage$filt$0 000000018002326c     LIBCMT:pesect.obj
 0005:00000000       __guard_fids__             0000000180024000     libucrt:initialization.obj
 0005:00000060       __guard_fids___acrt_initialize_ptd 0000000180024060     libucrt:per_thread_data.obj
 0005:00000064       __guard_fids_??$expand_argument_wildcards@D@@YAHQEAD0AEAV?$argument_list@D@?A0xca0879c4@@@Z 0000000180024064     libucrt:argv_wildcards.obj
 0005:00000068       __guard_fids__             0000000180024068     libucrt:stdio_initializer.obj
 0005:0000006c       __guard_fids__             000000018002406c     libucrt:stdio_initializer.obj
 0005:00000070       __guard_fids__             0000000180024070     libucrt:locale_initializer.obj
 0005:00000074       __guard_fids__             0000000180024074     libucrt:multibyte_initializer.obj
 0005:00000078       __guard_fids__             0000000180024078     libucrt:console_output_initializer.obj
 0005:0000007c       __guard_fids__             000000018002407c     libucrt:fma3_initializer.obj
 0005:00000080       __guard_fids_?dllmain_crt_process_attach@@YAHQEAUHINSTANCE__@@QEAX@Z 0000000180024080     LIBCMT:dll_dllmain.obj
 0005:00000088       __guard_fids_?dllmain_dispatch@@YAHQEAUHINSTANCE__@@KQEAX@Z 0000000180024088     LIBCMT:dll_dllmain.obj
 0005:0000008c       __guard_fids__             000000018002408c     LIBCMT:guard_support.obj
 0005:00000090       __guard_fids__             0000000180024090     libvcruntime:telemetry.obj
 0005:00000094       __guard_fids_?TraceLoggingRegister@__vcrt_trace_logging_provider@@YAJPEBU_TlgProvider_t@1@PEBU_GUID@@P6AX1KE_K2PEAU_EVENT_FILTER_DESCRIPTOR@@PEAX@Z4@Z 0000000180024094     libvcruntime:telemetry.obj
 0005:00000098       __guard_fids___vcrt_initialize_ptd 0000000180024098     libvcruntime:per_thread_data.obj
 0006:00000060       $R000000                   0000000180025060     * linker generated manifest res *

 Exports

  ordinal    name

        1    _register_addon_
